Archive member included to satisfy reference by file (symbol)

/usr/local/mcuxpressoide-11.1.0_3209/ide/plugins/com.nxp.mcuxpresso.tools.linux_11.1.0.201909161352/tools/bin/../lib/gcc/arm-none-eabi/8.3.1/thumb/v7e-m+fp/hard/libgcc.a(_aeabi_uldivmod.o)
                              ./drivers/fsl_common.o (__aeabi_uldivmod)
/usr/local/mcuxpressoide-11.1.0_3209/ide/plugins/com.nxp.mcuxpresso.tools.linux_11.1.0.201909161352/tools/bin/../lib/gcc/arm-none-eabi/8.3.1/thumb/v7e-m+fp/hard/libgcc.a(_udivmoddi4.o)
                              /usr/local/mcuxpressoide-11.1.0_3209/ide/plugins/com.nxp.mcuxpresso.tools.linux_11.1.0.201909161352/tools/bin/../lib/gcc/arm-none-eabi/8.3.1/thumb/v7e-m+fp/hard/libgcc.a(_aeabi_uldivmod.o) (__udivmoddi4)
/usr/local/mcuxpressoide-11.1.0_3209/ide/plugins/com.nxp.mcuxpresso.tools.linux_11.1.0.201909161352/tools/bin/../lib/gcc/arm-none-eabi/8.3.1/thumb/v7e-m+fp/hard/libgcc.a(_dvmd_tls.o)
                              /usr/local/mcuxpressoide-11.1.0_3209/ide/plugins/com.nxp.mcuxpresso.tools.linux_11.1.0.201909161352/tools/bin/../lib/gcc/arm-none-eabi/8.3.1/thumb/v7e-m+fp/hard/libgcc.a(_aeabi_uldivmod.o) (__aeabi_ldiv0)
/usr/local/mcuxpressoide-11.1.0_3209/ide/plugins/com.nxp.mcuxpresso.tools.linux_11.1.0.201909161352/tools/bin/../lib/gcc/arm-none-eabi/8.3.1/../../../../arm-none-eabi/lib/thumb/v7e-m+fp/hard/libc_nano.a(lib_a-assert.o)
                              ./utilities/fsl_debug_console.o (__assert_func)
/usr/local/mcuxpressoide-11.1.0_3209/ide/plugins/com.nxp.mcuxpresso.tools.linux_11.1.0.201909161352/tools/bin/../lib/gcc/arm-none-eabi/8.3.1/../../../../arm-none-eabi/lib/thumb/v7e-m+fp/hard/libc_nano.a(lib_a-fprintf.o)
                              /usr/local/mcuxpressoide-11.1.0_3209/ide/plugins/com.nxp.mcuxpresso.tools.linux_11.1.0.201909161352/tools/bin/../lib/gcc/arm-none-eabi/8.3.1/../../../../arm-none-eabi/lib/thumb/v7e-m+fp/hard/libc_nano.a(lib_a-assert.o) (fiprintf)
/usr/local/mcuxpressoide-11.1.0_3209/ide/plugins/com.nxp.mcuxpresso.tools.linux_11.1.0.201909161352/tools/bin/../lib/gcc/arm-none-eabi/8.3.1/../../../../arm-none-eabi/lib/thumb/v7e-m+fp/hard/libc_nano.a(lib_a-impure.o)
                              /usr/local/mcuxpressoide-11.1.0_3209/ide/plugins/com.nxp.mcuxpresso.tools.linux_11.1.0.201909161352/tools/bin/../lib/gcc/arm-none-eabi/8.3.1/../../../../arm-none-eabi/lib/thumb/v7e-m+fp/hard/libc_nano.a(lib_a-assert.o) (_impure_ptr)
/usr/local/mcuxpressoide-11.1.0_3209/ide/plugins/com.nxp.mcuxpresso.tools.linux_11.1.0.201909161352/tools/bin/../lib/gcc/arm-none-eabi/8.3.1/../../../../arm-none-eabi/lib/thumb/v7e-m+fp/hard/libc_nano.a(lib_a-init.o)
                              ./startup/startup_mk64f12.o (__libc_init_array)
/usr/local/mcuxpressoide-11.1.0_3209/ide/plugins/com.nxp.mcuxpresso.tools.linux_11.1.0.201909161352/tools/bin/../lib/gcc/arm-none-eabi/8.3.1/../../../../arm-none-eabi/lib/thumb/v7e-m+fp/hard/libc_nano.a(lib_a-malloc.o)
                              ./source/cpp_config.o (malloc)
/usr/local/mcuxpressoide-11.1.0_3209/ide/plugins/com.nxp.mcuxpresso.tools.linux_11.1.0.201909161352/tools/bin/../lib/gcc/arm-none-eabi/8.3.1/../../../../arm-none-eabi/lib/thumb/v7e-m+fp/hard/libc_nano.a(lib_a-memset.o)
                              ./utilities/fsl_debug_console.o (memset)
/usr/local/mcuxpressoide-11.1.0_3209/ide/plugins/com.nxp.mcuxpresso.tools.linux_11.1.0.201909161352/tools/bin/../lib/gcc/arm-none-eabi/8.3.1/../../../../arm-none-eabi/lib/thumb/v7e-m+fp/hard/libc_nano.a(lib_a-nano-freer.o)
                              /usr/local/mcuxpressoide-11.1.0_3209/ide/plugins/com.nxp.mcuxpresso.tools.linux_11.1.0.201909161352/tools/bin/../lib/gcc/arm-none-eabi/8.3.1/../../../../arm-none-eabi/lib/thumb/v7e-m+fp/hard/libc_nano.a(lib_a-malloc.o) (_free_r)
/usr/local/mcuxpressoide-11.1.0_3209/ide/plugins/com.nxp.mcuxpresso.tools.linux_11.1.0.201909161352/tools/bin/../lib/gcc/arm-none-eabi/8.3.1/../../../../arm-none-eabi/lib/thumb/v7e-m+fp/hard/libc_nano.a(lib_a-nano-mallocr.o)
                              /usr/local/mcuxpressoide-11.1.0_3209/ide/plugins/com.nxp.mcuxpresso.tools.linux_11.1.0.201909161352/tools/bin/../lib/gcc/arm-none-eabi/8.3.1/../../../../arm-none-eabi/lib/thumb/v7e-m+fp/hard/libc_nano.a(lib_a-malloc.o) (_malloc_r)
/usr/local/mcuxpressoide-11.1.0_3209/ide/plugins/com.nxp.mcuxpresso.tools.linux_11.1.0.201909161352/tools/bin/../lib/gcc/arm-none-eabi/8.3.1/../../../../arm-none-eabi/lib/thumb/v7e-m+fp/hard/libc_nano.a(lib_a-nano-vfprintf.o)
                              /usr/local/mcuxpressoide-11.1.0_3209/ide/plugins/com.nxp.mcuxpresso.tools.linux_11.1.0.201909161352/tools/bin/../lib/gcc/arm-none-eabi/8.3.1/../../../../arm-none-eabi/lib/thumb/v7e-m+fp/hard/libc_nano.a(lib_a-fprintf.o) (_vfprintf_r)
/usr/local/mcuxpressoide-11.1.0_3209/ide/plugins/com.nxp.mcuxpresso.tools.linux_11.1.0.201909161352/tools/bin/../lib/gcc/arm-none-eabi/8.3.1/../../../../arm-none-eabi/lib/thumb/v7e-m+fp/hard/libc_nano.a(lib_a-nano-vfprintf_i.o)
[...]
Memory Configuration

Name             Origin             Length             Attributes
PROGRAM_FLASH    0x0000000000000000 0x0000000000100000 xr
SRAM_UPPER       0x0000000020000000 0x0000000000030000 xrw
SRAM_LOWER       0x000000001fff0000 0x0000000000010000 xrw
FLEX_RAM         0x0000000014000000 0x0000000000001000 xrw
*default*        0x0000000000000000 0xffffffffffffffff

Linker script and memory map

LOAD ./utilities/fsl_debug_console.o
LOAD ./utilities/fsl_str.o
LOAD ./startup/startup_mk64f12.o
LOAD ./source/Interrupts.o
LOAD ./source/K64F-Controle.o
LOAD ./source/cpp_config.o
LOAD ./source/semihost_hardfault.o
LOAD ./drivers/fsl_adc16.o
LOAD ./drivers/fsl_clock.o
LOAD ./drivers/fsl_common.o
LOAD ./drivers/fsl_dspi.o
LOAD ./drivers/fsl_ftm.o
LOAD ./drivers/fsl_gpio.o
LOAD ./drivers/fsl_i2c.o
LOAD ./drivers/fsl_pit.o
LOAD ./drivers/fsl_rtc.o
LOAD ./drivers/fsl_smc.o
LOAD ./drivers/fsl_uart.o
LOAD ./device/system_MK64F12.o
LOAD ./component/uart/uart_adapter.o
LOAD ./component/serial_manager/serial_manager.o
LOAD ./component/serial_manager/serial_port_uart.o
LOAD ./component/lists/generic_list.o
LOAD ./board/board.o
LOAD ./board/clock_config.o
LOAD ./board/peripherals.o
LOAD ./board/pin_mux.o
START GROUP
LOAD /usr/local/mcuxpressoide-11.1.0_3209/ide/plugins/com.nxp.mcuxpresso.tools.linux_11.1.0.201909161352/tools/bin/../lib/gcc/arm-none-eabi/8.3.1/thumb/v7e-m+fp/hard/libgcc.a
LOAD /usr/local/mcuxpressoide-11.1.0_3209/ide/plugins/com.nxp.mcuxpresso.tools.linux_11.1.0.201909161352/tools/bin/../lib/gcc/arm-none-eabi/8.3.1/../../../../arm-none-eabi/lib/thumb/v7e-m+fp/hard/libc_nano.a
LOAD /usr/local/mcuxpressoide-11.1.0_3209/ide/plugins/com.nxp.mcuxpresso.tools.linux_11.1.0.201909161352/tools/bin/../lib/gcc/arm-none-eabi/8.3.1/../../../../arm-none-eabi/lib/thumb/v7e-m+fp/hard/libstdc++_nano.a
LOAD /usr/local/mcuxpressoide-11.1.0_3209/ide/plugins/com.nxp.mcuxpresso.tools.linux_11.1.0.201909161352/tools/bin/../lib/gcc/arm-none-eabi/8.3.1/../../../../arm-none-eabi/lib/thumb/v7e-m+fp/hard/libm.a
LOAD /usr/local/mcuxpressoide-11.1.0_3209/ide/plugins/com.nxp.mcuxpresso.tools.linux_11.1.0.201909161352/tools/bin/../lib/gcc/arm-none-eabi/8.3.1/../../../../arm-none-eabi/lib/thumb/v7e-m+fp/hard/libcr_newlib_nohost.a
LOAD /usr/local/mcuxpressoide-11.1.0_3209/ide/plugins/com.nxp.mcuxpresso.tools.linux_11.1.0.201909161352/tools/bin/../lib/gcc/arm-none-eabi/8.3.1/thumb/v7e-m+fp/hard/crti.o
LOAD /usr/local/mcuxpressoide-11.1.0_3209/ide/plugins/com.nxp.mcuxpresso.tools.linux_11.1.0.201909161352/tools/bin/../lib/gcc/arm-none-eabi/8.3.1/thumb/v7e-m+fp/hard/crtn.o
LOAD /usr/local/mcuxpressoide-11.1.0_3209/ide/plugins/com.nxp.mcuxpresso.tools.linux_11.1.0.201909161352/tools/bin/../lib/gcc/arm-none-eabi/8.3.1/thumb/v7e-m+fp/hard/crtbegin.o
LOAD /usr/local/mcuxpressoide-11.1.0_3209/ide/plugins/com.nxp.mcuxpresso.tools.linux_11.1.0.201909161352/tools/bin/../lib/gcc/arm-none-eabi/8.3.1/thumb/v7e-m+fp/hard/crtend.o
END GROUP
                0x0000000000000000                __base_PROGRAM_FLASH = 0x0
                0x0000000000000000                __base_Flash = 0x0
                0x0000000000100000                __top_PROGRAM_FLASH = 0x100000
                0x0000000000100000                __top_Flash = 0x100000
                0x0000000020000000                __base_SRAM_UPPER = 0x20000000
                0x0000000020000000                __base_RAM = 0x20000000
                0x0000000020030000                __top_SRAM_UPPER = 0x20030000
                0x0000000020030000                __top_RAM = 0x20030000
                0x000000001fff0000                __base_SRAM_LOWER = 0x1fff0000
                0x000000001fff0000                __base_RAM2 = 0x1fff0000
                0x0000000020000000                __top_SRAM_LOWER = 0x20000000
                0x0000000020000000                __top_RAM2 = 0x20000000
                0x0000000014000000                __base_FLEX_RAM = 0x14000000
                0x0000000014000000                __base_RAM3 = 0x14000000
                0x0000000014001000                __top_FLEX_RAM = 0x14001000
                0x0000000014001000                __top_RAM3 = 0x14001000

.text           0x0000000000000000     0x4df8
 FILL mask 0xff
                0x0000000000000000                __vectors_start__ = ABSOLUTE (.)
 *(SORT_BY_ALIGNMENT(.isr_vector))
 .isr_vector    0x0000000000000000      0x198 ./startup/startup_mk64f12.o
                0x0000000000000000                __Vectors
                0x0000000000000000                g_pfnVectors
                0x0000000000000198                . = ALIGN (0x4)
                0x0000000000000198                __section_table_start = .
                0x0000000000000198                __data_section_table = .
                0x0000000000000198        0x4 LONG 0x4e00 LOADADDR (.data)
                0x000000000000019c        0x4 LONG 0x20000000 ADDR (.data)
                0x00000000000001a0        0x4 LONG 0x70 SIZEOF (.data)
                0x00000000000001a4        0x4 LONG 0x4e00 LOADADDR (.data_RAM2)
                0x00000000000001a8        0x4 LONG 0x1fff0000 ADDR (.data_RAM2)
                0x00000000000001ac        0x4 LONG 0x0 SIZEOF (.data_RAM2)
                0x00000000000001b0        0x4 LONG 0x4e00 LOADADDR (.data_RAM3)
                0x00000000000001b4        0x4 LONG 0x14000000 ADDR (.data_RAM3)
                0x00000000000001b8        0x4 LONG 0x0 SIZEOF (.data_RAM3)
                0x00000000000001bc                __data_section_table_end = .
                0x00000000000001bc                __bss_section_table = .
                0x00000000000001bc        0x4 LONG 0x20000070 ADDR (.bss)
                0x00000000000001c0        0x4 LONG 0xa8 SIZEOF (.bss)
                0x00000000000001c4        0x4 LONG 0x1fff0000 ADDR (.bss_RAM2)
                0x00000000000001c8        0x4 LONG 0x0 SIZEOF (.bss_RAM2)
                0x00000000000001cc        0x4 LONG 0x14000000 ADDR (.bss_RAM3)
                0x00000000000001d0        0x4 LONG 0x0 SIZEOF (.bss_RAM3)
                0x00000000000001d4                __bss_section_table_end = .
                0x00000000000001d4                __section_table_end = .
 *(SORT_BY_ALIGNMENT(.after_vectors*))
 .after_vectors.reset
                0x00000000000001d4       0x50 ./startup/startup_mk64f12.o
                0x00000000000001d4                ResetISR
 .after_vectors.init_data
                0x0000000000000224       0x1e ./startup/startup_mk64f12.o
                0x0000000000000224                data_init(unsigned int, unsigned int, unsigned int)
 .after_vectors.init_bss
                0x0000000000000242       0x12 ./startup/startup_mk64f12.o
                0x0000000000000242                bss_init(unsigned int, unsigned int)
 .after_vectors
                0x0000000000000254       0x14 ./startup/startup_mk64f12.o
                0x0000000000000254                NMI_Handler
                0x0000000000000258                MemManage_Handler
                0x000000000000025a                BusFault_Handler
                0x000000000000025c                UsageFault_Handler
                0x000000000000025e                SVC_Handler
                0x0000000000000260                DebugMon_Handler
                0x0000000000000262                PendSV_Handler
                0x0000000000000264                SysTick_Handler
                0x0000000000000266                DMA0_DriverIRQHandler
                0x0000000000000266                PORTB_DriverIRQHandler
                0x0000000000000266                DMA12_DriverIRQHandler
                0x0000000000000266                LPTMR0_DriverIRQHandler
                0x0000000000000266                DMA_Error_DriverIRQHandler
                0x0000000000000266                FTM1_DriverIRQHandler
                0x0000000000000266                FTM2_DriverIRQHandler
                0x0000000000000266                PIT2_DriverIRQHandler
                0x0000000000000266                SDHC_DriverIRQHandler
                0x0000000000000266                I2S0_Tx_DriverIRQHandler
                0x0000000000000266                RTC_Seconds_DriverIRQHandler
                0x0000000000000266                DMA6_DriverIRQHandler
                0x0000000000000266                LLWU_DriverIRQHandler
                0x0000000000000266                MCM_DriverIRQHandler
                0x0000000000000266                MCG_DriverIRQHandler
                0x0000000000000266                ENET_1588_Timer_DriverIRQHandler
                0x0000000000000266                DAC1_DriverIRQHandler
                0x0000000000000266                CMP1_DriverIRQHandler
                0x0000000000000266                FTM0_DriverIRQHandler
                0x0000000000000266                IntDefaultHandler
                0x0000000000000266                USB0_DriverIRQHandler
                0x0000000000000266                UART5_ERR_DriverIRQHandler
                0x0000000000000266                PORTC_DriverIRQHandler
                0x0000000000000266                DMA11_DriverIRQHandler
                0x0000000000000266                DAC0_DriverIRQHandler
                0x0000000000000266                DMA10_DriverIRQHandler
                0x0000000000000266                CMP2_DriverIRQHandler
                0x0000000000000266                UART2_ERR_DriverIRQHandler
                0x0000000000000266                LVD_LVW_DriverIRQHandler
                0x0000000000000266                PIT0_DriverIRQHandler
                0x0000000000000266                RNG_DriverIRQHandler
                0x0000000000000266                DMA5_DriverIRQHandler
                0x0000000000000266                DMA4_DriverIRQHandler
                0x0000000000000266                USBDCD_DriverIRQHandler
                0x0000000000000266                UART3_ERR_DriverIRQHandler
                0x0000000000000266                DMA3_DriverIRQHandler
                0x0000000000000266                DMA8_DriverIRQHandler
                0x0000000000000266                DMA9_DriverIRQHandler
                0x0000000000000266                UART0_ERR_DriverIRQHandler
                0x0000000000000266                CMT_DriverIRQHandler
                0x0000000000000266                Reserved71_DriverIRQHandler
                0x0000000000000266                ADC1_DriverIRQHandler
                0x0000000000000266                PORTA_DriverIRQHandler
                0x0000000000000266                DMA14_DriverIRQHandler
                0x0000000000000266                PIT3_DriverIRQHandler
                0x0000000000000266                PIT1_DriverIRQHandler
                0x0000000000000266                WDOG_EWM_DriverIRQHandler
                0x0000000000000266                PDB0_DriverIRQHandler
                0x0000000000000266                RTC_DriverIRQHandler
                0x0000000000000266                I2S0_Rx_DriverIRQHandler
                0x0000000000000266                Read_Collision_DriverIRQHandler
                0x0000000000000266                SWI_DriverIRQHandler
                0x0000000000000266                UART4_ERR_DriverIRQHandler
                0x0000000000000266                UART0_LON_DriverIRQHandler
                0x0000000000000266                DMA1_DriverIRQHandler
                0x0000000000000266                ENET_Receive_DriverIRQHandler
                0x0000000000000266                DMA13_DriverIRQHandler
                0x0000000000000266                ENET_Error_DriverIRQHandler
                0x0000000000000266                DMA15_DriverIRQHandler
                0x0000000000000266                ADC0_DriverIRQHandler
                0x0000000000000266                CMP0_DriverIRQHandler
                0x0000000000000266                CAN0_DriverIRQHandler
                0x0000000000000266                FTM3_DriverIRQHandler
                0x0000000000000266                UART1_ERR_DriverIRQHandler
                0x0000000000000266                DMA2_DriverIRQHandler
                0x0000000000000266                ENET_Transmit_DriverIRQHandler
                0x0000000000000266                PORTD_DriverIRQHandler
                0x0000000000000266                PORTE_DriverIRQHandler
                0x0000000000000266                FTFE_DriverIRQHandler
                0x0000000000000266                DMA7_DriverIRQHandler
                0x0000000000000400                . = 0x400
 *fill*         0x0000000000000268      0x198 ff
                0x0000000000000400                PROVIDE (__FLASH_CONFIG_START__ = .)
 *(SORT_BY_ALIGNMENT(.FlashConfig))
 .FlashConfig   0x0000000000000400       0x10 ./startup/startup_mk64f12.o
                0x0000000000000410                PROVIDE (__FLASH_CONFIG_END__ = .)
                0x0000000000000001                ASSERT (! ((__FLASH_CONFIG_START__ == __FLASH_CONFIG_END__)), Linker Flash Config Support Enabled, but no .FlashConfig section provided within application)
 *(SORT_BY_ALIGNMENT(.text*))
 .text          0x0000000000000410       0xa0 /usr/local/mcuxpressoide-11.1.0_3209/ide/plugins/com.nxp.mcuxpresso.tools.linux_11.1.0.201909161352/tools/bin/../lib/gcc/arm-none-eabi/8.3.1/../../../../arm-none-eabi/lib/thumb/v7e-m+fp/hard/libc_nano.a(lib_a-memchr.o)
                0x0000000000000410                memchr
 .text.DbgConsole_SendDataReliable
                0x00000000000004b0       0x80 ./utilities/fsl_debug_console.o
                0x00000000000004b0                DbgConsole_SendDataReliable
 .text.DbgConsole_Init
                0x0000000000000530      0x11c ./utilities/fsl_debug_console.o
                0x0000000000000530                DbgConsole_Init
 .text.DbgConsole_Printf
                0x000000000000064c       0x74 ./utilities/fsl_debug_console.o
                0x000000000000064c                DbgConsole_Printf
 .text.PIT0_IRQHandler
                0x00000000000006c0       0x24 ./source/Interrupts.o
                0x00000000000006c0                PIT0_IRQHandler
 .text.main     0x00000000000006e4       0x30 ./source/K64F-Controle.o
                0x00000000000006e4                main
 .text.CLOCK_SetEr32kClock
                0x0000000000000714       0x30 ./drivers/fsl_clock.o
 .text.CLOCK_SetPllFllSelClock
                0x0000000000000744       0x3c ./drivers/fsl_clock.o
 .text.CLOCK_GetMcgExtClkFreq
                0x0000000000000780       0x8c ./drivers/fsl_clock.o
 .text.CLOCK_GetFllExtRefClkFreq
                0x000000000000080c       0xc4 ./drivers/fsl_clock.o
 .text.CLOCK_GetInternalRefClkSelectFreq
                0x00000000000008d0       0x4c ./drivers/fsl_clock.o
 .text.CLOCK_GetFllRefClkFreq
                0x000000000000091c       0x34 ./drivers/fsl_clock.o
 .text.CLOCK_GetOscRangeFromFreq
                0x0000000000000950       0x3c ./drivers/fsl_clock.o
 .text.CLOCK_GetOsc0ErClkFreq
                0x000000000000098c       0x54 ./drivers/fsl_clock.o
                0x000000000000098c                CLOCK_GetOsc0ErClkFreq
 .text.CLOCK_GetEr32kClkFreq
                0x00000000000009e0       0x80 ./drivers/fsl_clock.o
                0x00000000000009e0                CLOCK_GetEr32kClkFreq
 .text.CLOCK_GetPllFllSelClkFreq
                0x0000000000000a60       0x54 ./drivers/fsl_clock.o
                0x0000000000000a60                CLOCK_GetPllFllSelClkFreq
 .text.CLOCK_GetCoreSysClkFreq
                0x0000000000000ab4       0x28 ./drivers/fsl_clock.o
                0x0000000000000ab4                CLOCK_GetCoreSysClkFreq
 .text.CLOCK_GetFreq
                0x0000000000000adc      0x148 ./drivers/fsl_clock.o
                0x0000000000000adc                CLOCK_GetFreq
 .text.CLOCK_SetSimConfig
                0x0000000000000c24       0x38 ./drivers/fsl_clock.o
                0x0000000000000c24                CLOCK_SetSimConfig
 .text.CLOCK_EnableUsbfs0Clock
                0x0000000000000c5c      0x108 ./drivers/fsl_clock.o
                0x0000000000000c5c                CLOCK_EnableUsbfs0Clock
 .text.CLOCK_GetOutClkFreq
                0x0000000000000d64       0x64 ./drivers/fsl_clock.o
                0x0000000000000d64                CLOCK_GetOutClkFreq
 .text.CLOCK_GetFllFreq
                0x0000000000000dc8       0x84 ./drivers/fsl_clock.o
                0x0000000000000dc8                CLOCK_GetFllFreq
 .text.CLOCK_GetInternalRefClkFreq
                0x0000000000000e4c       0x30 ./drivers/fsl_clock.o
                0x0000000000000e4c                CLOCK_GetInternalRefClkFreq
 .text.CLOCK_GetPll0Freq
                0x0000000000000e7c       0x88 ./drivers/fsl_clock.o
                0x0000000000000e7c                CLOCK_GetPll0Freq
 .text.CLOCK_SetExternalRefClkConfig
                0x0000000000000f04       0x6c ./drivers/fsl_clock.o
                0x0000000000000f04                CLOCK_SetExternalRefClkConfig
 .text.CLOCK_SetInternalRefClkConfig
                0x0000000000000f70      0x104 ./drivers/fsl_clock.o
                0x0000000000000f70                CLOCK_SetInternalRefClkConfig
 .text.CLOCK_EnablePll0
                0x0000000000001074       0x94 ./drivers/fsl_clock.o
                0x0000000000001074                CLOCK_EnablePll0
 .text.CLOCK_InitOsc0
                0x0000000000001108       0x8c ./drivers/fsl_clock.o
                0x0000000000001108                CLOCK_InitOsc0
 .text.CLOCK_SetPbeMode
                0x0000000000001194       0xb8 ./drivers/fsl_clock.o
                0x0000000000001194                CLOCK_SetPbeMode
 .text.CLOCK_BootToPeeMode
                0x000000000000124c       0x74 ./drivers/fsl_clock.o
                0x000000000000124c                CLOCK_BootToPeeMode
 .text.DSPI_CommonIRQHandler
                0x00000000000012c0       0x40 ./drivers/fsl_dspi.o
 .text.SPI0_DriverIRQHandler
                0x0000000000001300       0x40 ./drivers/fsl_dspi.o
                0x0000000000001300                SPI0_DriverIRQHandler
 .text.SPI1_DriverIRQHandler
                0x0000000000001340       0x40 ./drivers/fsl_dspi.o
                0x0000000000001340                SPI1_DriverIRQHandler
 .text.SPI2_DriverIRQHandler
                0x0000000000001380       0x40 ./drivers/fsl_dspi.o
                0x0000000000001380                SPI2_DriverIRQHandler
 .text.GPIO_PinInit
                0x00000000000013c0       0x74 ./drivers/fsl_gpio.o
                0x00000000000013c0                GPIO_PinInit
 .text.I2C_TransferCommonIRQHandler
                0x0000000000001434       0x54 ./drivers/fsl_i2c.o
 .text.I2C0_DriverIRQHandler
                0x0000000000001488       0x1c ./drivers/fsl_i2c.o
                0x0000000000001488                I2C0_DriverIRQHandler
 .text.I2C1_DriverIRQHandler
                0x00000000000014a4       0x1c ./drivers/fsl_i2c.o
                0x00000000000014a4                I2C1_DriverIRQHandler
 .text.I2C2_DriverIRQHandler
                0x00000000000014c0       0x1c ./drivers/fsl_i2c.o
                0x00000000000014c0                I2C2_DriverIRQHandler
 .text.PIT_GetInstance
                0x00000000000014dc       0x54 ./drivers/fsl_pit.o
 .text.PIT_Init
                0x0000000000001530       0xa4 ./drivers/fsl_pit.o
                0x0000000000001530                PIT_Init
 .text.UART_GetInstance
                0x00000000000015d4       0x60 ./drivers/fsl_uart.o
                0x00000000000015d4                UART_GetInstance
 .text.UART_Init
                0x0000000000001634      0x314 ./drivers/fsl_uart.o
                0x0000000000001634                UART_Init
 .text.UART_GetDefaultConfig
                0x0000000000001948       0x78 ./drivers/fsl_uart.o
                0x0000000000001948                UART_GetDefaultConfig
 .text.UART0_DriverIRQHandler
                0x00000000000019c0       0x28 ./drivers/fsl_uart.o
                0x00000000000019c0                UART0_DriverIRQHandler
 .text.UART1_DriverIRQHandler
                0x00000000000019e8       0x28 ./drivers/fsl_uart.o
                0x00000000000019e8                UART1_DriverIRQHandler
 .text.UART2_DriverIRQHandler
                0x0000000000001a10       0x28 ./drivers/fsl_uart.o
                0x0000000000001a10                UART2_DriverIRQHandler
 .text.UART3_DriverIRQHandler
                0x0000000000001a38       0x28 ./drivers/fsl_uart.o
                0x0000000000001a38                UART3_DriverIRQHandler
 .text.UART4_DriverIRQHandler
                0x0000000000001a60       0x28 ./drivers/fsl_uart.o
                0x0000000000001a60                UART4_DriverIRQHandler
 .text.UART5_DriverIRQHandler
                0x0000000000001a88       0x28 ./drivers/fsl_uart.o
                0x0000000000001a88                UART5_DriverIRQHandler
 .text.SystemInit
                0x0000000000001ab0       0x3c ./device/system_MK64F12.o
                0x0000000000001ab0                SystemInit
 .text.HAL_UartInit
                0x0000000000001aec      0x128 ./component/uart/uart_adapter.o
                0x0000000000001aec                HAL_UartInit
 .text.HAL_UartSendBlocking
                0x0000000000001c14       0x84 ./component/uart/uart_adapter.o
                0x0000000000001c14                HAL_UartSendBlocking
 .text.SerialManager_Write
                0x0000000000001c98       0x94 ./component/serial_manager/serial_manager.o
 .text.SerialManager_Init
                0x0000000000001d2c       0x8c ./component/serial_manager/serial_manager.o
                0x0000000000001d2c                SerialManager_Init
 .text.SerialManager_OpenWriteHandle
                0x0000000000001db8       0x7c ./component/serial_manager/serial_manager.o
                0x0000000000001db8                SerialManager_OpenWriteHandle
 .text.SerialManager_OpenReadHandle
                0x0000000000001e34       0x8c ./component/serial_manager/serial_manager.o
                0x0000000000001e34                SerialManager_OpenReadHandle
 .text.Serial_UartInit
                0x0000000000001ec0       0x94 ./component/serial_manager/serial_port_uart.o
                0x0000000000001ec0                Serial_UartInit
 .text.Serial_UartWrite
                0x0000000000001f54       0x78 ./component/serial_manager/serial_port_uart.o
                0x0000000000001f54                Serial_UartWrite
 .text.CLOCK_SetSdhc0Clock
                0x0000000000001fcc       0x3c ./board/clock_config.o
 .text.CLOCK_SetEnetTime0Clock
                0x0000000000002008       0x3c ./board/clock_config.o
 .text.CLOCK_SetRmii0Clock
                0x0000000000002044       0x3c ./board/clock_config.o
 .text.CLOCK_SetTraceClock
                0x0000000000002080       0x3c ./board/clock_config.o
 .text.CLOCK_SetClkOutClock
                0x00000000000020bc       0x38 ./board/clock_config.o
 .text.CLOCK_SetSimSafeDivs
                0x00000000000020f4       0x20 ./board/clock_config.o
 .text.CLOCK_SetXtal0Freq
                0x0000000000002114       0x20 ./board/clock_config.o
 .text.CLOCK_CONFIG_SetFllExtRefDiv
                0x0000000000002134       0x3c ./board/clock_config.o
 .text.BOARD_BootClockRUN
                0x0000000000002170       0x88 ./board/clock_config.o
                0x0000000000002170                BOARD_BootClockRUN
 .text.__NVIC_EnableIRQ
                0x00000000000021f8       0x3c ./board/peripherals.o
 .text.PIT_init
                0x0000000000002234      0x144 ./board/peripherals.o
                0x0000000000002234                PIT_init
 .text.PORT_SetPinConfig
                0x0000000000002378       0x44 ./board/pin_mux.o
 .text.BOARD_InitPins
                0x00000000000023bc       0x30 ./board/pin_mux.o
                0x00000000000023bc                BOARD_InitPins
 .text.BOARD_InitButtonsPins
                0x00000000000023ec       0xb0 ./board/pin_mux.o
                0x00000000000023ec                BOARD_InitButtonsPins
 .text.BOARD_InitLEDsPins
                0x000000000000249c       0xdc ./board/pin_mux.o
                0x000000000000249c                BOARD_InitLEDsPins
 .text.BOARD_InitDEBUG_UARTPins
                0x0000000000002578       0x6c ./board/pin_mux.o
                0x0000000000002578                BOARD_InitDEBUG_UARTPins
 .text          0x00000000000025e4       0x30 /usr/local/mcuxpressoide-11.1.0_3209/ide/plugins/com.nxp.mcuxpresso.tools.linux_11.1.0.201909161352/tools/bin/../lib/gcc/arm-none-eabi/8.3.1/thumb/v7e-m+fp/hard/libgcc.a(_aeabi_uldivmod.o)
                0x00000000000025e4                __aeabi_uldivmod
 .text          0x0000000000002614      0x2d0 /usr/local/mcuxpressoide-11.1.0_3209/ide/plugins/com.nxp.mcuxpresso.tools.linux_11.1.0.201909161352/tools/bin/../lib/gcc/arm-none-eabi/8.3.1/thumb/v7e-m+fp/hard/libgcc.a(_udivmoddi4.o)
                0x0000000000002614                __udivmoddi4
 .text          0x00000000000028e4        0x4 /usr/local/mcuxpressoide-11.1.0_3209/ide/plugins/com.nxp.mcuxpresso.tools.linux_11.1.0.201909161352/tools/bin/../lib/gcc/arm-none-eabi/8.3.1/thumb/v7e-m+fp/hard/libgcc.a(_dvmd_tls.o)
                0x00000000000028e4                __aeabi_ldiv0
                0x00000000000028e4                __aeabi_idiv0
 .text.__assert_func
                0x00000000000028e8       0x3c /usr/local/mcuxpressoide-11.1.0_3209/ide/plugins/com.nxp.mcuxpresso.tools.linux_11.1.0.201909161352/tools/bin/../lib/gcc/arm-none-eabi/8.3.1/../../../../arm-none-eabi/lib/thumb/v7e-m+fp/hard/libc_nano.a(lib_a-assert.o)
                0x00000000000028e8                __assert_func
 .text.fprintf  0x0000000000002924       0x24 /usr/local/mcuxpressoide-11.1.0_3209/ide/plugins/com.nxp.mcuxpresso.tools.linux_11.1.0.201909161352/tools/bin/../lib/gcc/arm-none-eabi/8.3.1/../../../../arm-none-eabi/lib/thumb/v7e-m+fp/hard/libc_nano.a(lib_a-fprintf.o)
                0x0000000000002924                fprintf
                0x0000000000002924                fiprintf
 .text.__libc_init_array
                0x0000000000002948       0x48 /usr/local/mcuxpressoide-11.1.0_3209/ide/plugins/com.nxp.mcuxpresso.tools.linux_11.1.0.201909161352/tools/bin/../lib/gcc/arm-none-eabi/8.3.1/../../../../arm-none-eabi/lib/thumb/v7e-m+fp/hard/libc_nano.a(lib_a-init.o)
                0x0000000000002948                __libc_init_array
 .text._free_r  0x0000000000002990       0x9c /usr/local/mcuxpressoide-11.1.0_3209/ide/plugins/com.nxp.mcuxpresso.tools.linux_11.1.0.201909161352/tools/bin/../lib/gcc/arm-none-eabi/8.3.1/../../../../arm-none-eabi/lib/thumb/v7e-m+fp/hard/libc_nano.a(lib_a-nano-freer.o)
                0x0000000000002990                _free_r
 .text._malloc_r
                0x0000000000002a2c       0xb4 /usr/local/mcuxpressoide-11.1.0_3209/ide/plugins/com.nxp.mcuxpresso.tools.linux_11.1.0.201909161352/tools/bin/../lib/gcc/arm-none-eabi/8.3.1/../../../../arm-none-eabi/lib/thumb/v7e-m+fp/hard/libc_nano.a(lib_a-nano-mallocr.o)
                0x0000000000002a2c                _malloc_r
 .text._vfprintf_r
                0x0000000000002ae0      0x250 /usr/local/mcuxpressoide-11.1.0_3209/ide/plugins/com.nxp.mcuxpresso.tools.linux_11.1.0.201909161352/tools/bin/../lib/gcc/arm-none-eabi/8.3.1/../../../../arm-none-eabi/lib/thumb/v7e-m+fp/hard/libc_nano.a(lib_a-nano-vfprintf.o)
                0x0000000000002ae0                _vfiprintf_r
                0x0000000000002ae0                _vfprintf_r
 .text._printf_i
                0x0000000000002d30      0x228 /usr/local/mcuxpressoide-11.1.0_3209/ide/plugins/com.nxp.mcuxpresso.tools.linux_11.1.0.201909161352/tools/bin/../lib/gcc/arm-none-eabi/8.3.1/../../../../arm-none-eabi/lib/thumb/v7e-m+fp/hard/libc_nano.a(lib_a-nano-vfprintf_i.o)
                0x0000000000002d30                _printf_i
 .text._sbrk_r  0x0000000000002f58       0x20 /usr/local/mcuxpressoide-11.1.0_3209/ide/plugins/com.nxp.mcuxpresso.tools.linux_11.1.0.201909161352/tools/bin/../lib/gcc/arm-none-eabi/8.3.1/../../../../arm-none-eabi/lib/thumb/v7e-m+fp/hard/libc_nano.a(lib_a-sbrkr.o)
                0x0000000000002f58                _sbrk_r
 .text.__swbuf_r
                0x0000000000002f78       0xa4 /usr/local/mcuxpressoide-11.1.0_3209/ide/plugins/com.nxp.mcuxpresso.tools.linux_11.1.0.201909161352/tools/bin/../lib/gcc/arm-none-eabi/8.3.1/../../../../arm-none-eabi/lib/thumb/v7e-m+fp/hard/libc_nano.a(lib_a-wbuf.o)
                0x0000000000002f78                __swbuf_r
 .text.__swsetup_r
                0x000000000000301c       0xdc /usr/local/mcuxpressoide-11.1.0_3209/ide/plugins/com.nxp.mcuxpresso.tools.linux_11.1.0.201909161352/tools/bin/../lib/gcc/arm-none-eabi/8.3.1/../../../../arm-none-eabi/lib/thumb/v7e-m+fp/hard/libc_nano.a(lib_a-wsetup.o)
                0x000000000000301c                __swsetup_r
 .text.__sflush_r
                0x00000000000030f8      0x10c /usr/local/mcuxpressoide-11.1.0_3209/ide/plugins/com.nxp.mcuxpresso.tools.linux_11.1.0.201909161352/tools/bin/../lib/gcc/arm-none-eabi/8.3.1/../../../../arm-none-eabi/lib/thumb/v7e-m+fp/hard/libc_nano.a(lib_a-fflush.o)
                0x00000000000030f8                __sflush_r
 .text._fflush_r
                0x0000000000003204       0x78 /usr/local/mcuxpressoide-11.1.0_3209/ide/plugins/com.nxp.mcuxpresso.tools.linux_11.1.0.201909161352/tools/bin/../lib/gcc/arm-none-eabi/8.3.1/../../../../arm-none-eabi/lib/thumb/v7e-m+fp/hard/libc_nano.a(lib_a-fflush.o)
                0x0000000000003204                _fflush_r
 .text.std      0x000000000000327c       0x48 /usr/local/mcuxpressoide-11.1.0_3209/ide/plugins/com.nxp.mcuxpresso.tools.linux_11.1.0.201909161352/tools/bin/../lib/gcc/arm-none-eabi/8.3.1/../../../../arm-none-eabi/lib/thumb/v7e-m+fp/hard/libc_nano.a(lib_a-findfp.o)
 .text._cleanup_r
                0x00000000000032c4        0xc /usr/local/mcuxpressoide-11.1.0_3209/ide/plugins/com.nxp.mcuxpresso.tools.linux_11.1.0.201909161352/tools/bin/../lib/gcc/arm-none-eabi/8.3.1/../../../../arm-none-eabi/lib/thumb/v7e-m+fp/hard/libc_nano.a(lib_a-findfp.o)
                0x00000000000032c4                _cleanup_r
 .text.__sfp_lock_acquire
                0x00000000000032d0        0xc /usr/local/mcuxpressoide-11.1.0_3209/ide/plugins/com.nxp.mcuxpresso.tools.linux_11.1.0.201909161352/tools/bin/../lib/gcc/arm-none-eabi/8.3.1/../../../../arm-none-eabi/lib/thumb/v7e-m+fp/hard/libc_nano.a(lib_a-findfp.o)
                0x00000000000032d0                __sfp_lock_acquire
 .text.__sfp_lock_release
                0x00000000000032dc        0xc /usr/local/mcuxpressoide-11.1.0_3209/ide/plugins/com.nxp.mcuxpresso.tools.linux_11.1.0.201909161352/tools/bin/../lib/gcc/arm-none-eabi/8.3.1/../../../../arm-none-eabi/lib/thumb/v7e-m+fp/hard/libc_nano.a(lib_a-findfp.o)
                0x00000000000032dc                __sfp_lock_release
 .text.__sinit_lock_acquire
                0x00000000000032e8        0xc /usr/local/mcuxpressoide-11.1.0_3209/ide/plugins/com.nxp.mcuxpresso.tools.linux_11.1.0.201909161352/tools/bin/../lib/gcc/arm-none-eabi/8.3.1/../../../../arm-none-eabi/lib/thumb/v7e-m+fp/hard/libc_nano.a(lib_a-findfp.o)
                0x00000000000032e8                __sinit_lock_acquire
 .text.__sinit_lock_release
                0x00000000000032f4        0xc /usr/local/mcuxpressoide-11.1.0_3209/ide/plugins/com.nxp.mcuxpresso.tools.linux_11.1.0.201909161352/tools/bin/../lib/gcc/arm-none-eabi/8.3.1/../../../../arm-none-eabi/lib/thumb/v7e-m+fp/hard/libc_nano.a(lib_a-findfp.o)
                0x00000000000032f4                __sinit_lock_release
 .text.__sinit  0x0000000000003300       0x70 /usr/local/mcuxpressoide-11.1.0_3209/ide/plugins/com.nxp.mcuxpresso.tools.linux_11.1.0.201909161352/tools/bin/../lib/gcc/arm-none-eabi/8.3.1/../../../../arm-none-eabi/lib/thumb/v7e-m+fp/hard/libc_nano.a(lib_a-findfp.o)
                0x0000000000003300                __sinit
 .text.__sfp    0x0000000000003370       0x8c /usr/local/mcuxpressoide-11.1.0_3209/ide/plugins/com.nxp.mcuxpresso.tools.linux_11.1.0.201909161352/tools/bin/../lib/gcc/arm-none-eabi/8.3.1/../../../../arm-none-eabi/lib/thumb/v7e-m+fp/hard/libc_nano.a(lib_a-findfp.o)
                0x0000000000003370                __sfp
 .text.__smakebuf_r
                0x00000000000033fc       0x80 /usr/local/mcuxpressoide-11.1.0_3209/ide/plugins/com.nxp.mcuxpresso.tools.linux_11.1.0.201909161352/tools/bin/../lib/gcc/arm-none-eabi/8.3.1/../../../../arm-none-eabi/lib/thumb/v7e-m+fp/hard/libc_nano.a(lib_a-makebuf.o)
                0x00000000000033fc                __smakebuf_r
 .text.__malloc_lock
                0x000000000000347c        0xc /usr/local/mcuxpressoide-11.1.0_3209/ide/plugins/com.nxp.mcuxpresso.tools.linux_11.1.0.201909161352/tools/bin/../lib/gcc/arm-none-eabi/8.3.1/../../../../arm-none-eabi/lib/thumb/v7e-m+fp/hard/libc_nano.a(lib_a-mlock.o)
                0x000000000000347c                __malloc_lock
 .text.__malloc_unlock
                0x0000000000003488        0xc /usr/local/mcuxpressoide-11.1.0_3209/ide/plugins/com.nxp.mcuxpresso.tools.linux_11.1.0.201909161352/tools/bin/../lib/gcc/arm-none-eabi/8.3.1/../../../../arm-none-eabi/lib/thumb/v7e-m+fp/hard/libc_nano.a(lib_a-mlock.o)
                0x0000000000003488                __malloc_unlock
 .text.raise    0x0000000000003494       0x10 /usr/local/mcuxpressoide-11.1.0_3209/ide/plugins/com.nxp.mcuxpresso.tools.linux_11.1.0.201909161352/tools/bin/../lib/gcc/arm-none-eabi/8.3.1/../../../../arm-none-eabi/lib/thumb/v7e-m+fp/hard/libc_nano.a(lib_a-signal.o)
                0x0000000000003494                raise
 .text._kill_r  0x00000000000034a4       0x24 /usr/local/mcuxpressoide-11.1.0_3209/ide/plugins/com.nxp.mcuxpresso.tools.linux_11.1.0.201909161352/tools/bin/../lib/gcc/arm-none-eabi/8.3.1/../../../../arm-none-eabi/lib/thumb/v7e-m+fp/hard/libc_nano.a(lib_a-signalr.o)
                0x00000000000034a4                _kill_r
 .text._write_r
                0x00000000000034c8       0x24 /usr/local/mcuxpressoide-11.1.0_3209/ide/plugins/com.nxp.mcuxpresso.tools.linux_11.1.0.201909161352/tools/bin/../lib/gcc/arm-none-eabi/8.3.1/../../../../arm-none-eabi/lib/thumb/v7e-m+fp/hard/libc_nano.a(lib_a-writer.o)
                0x00000000000034c8                _write_r
 .text._close_r
                0x00000000000034ec       0x20 /usr/local/mcuxpressoide-11.1.0_3209/ide/plugins/com.nxp.mcuxpresso.tools.linux_11.1.0.201909161352/tools/bin/../lib/gcc/arm-none-eabi/8.3.1/../../../../arm-none-eabi/lib/thumb/v7e-m+fp/hard/libc_nano.a(lib_a-closer.o)
                0x00000000000034ec                _close_r
 .text._fstat_r
                0x000000000000350c       0x24 /usr/local/mcuxpressoide-11.1.0_3209/ide/plugins/com.nxp.mcuxpresso.tools.linux_11.1.0.201909161352/tools/bin/../lib/gcc/arm-none-eabi/8.3.1/../../../../arm-none-eabi/lib/thumb/v7e-m+fp/hard/libc_nano.a(lib_a-fstatr.o)
                0x000000000000350c                _fstat_r
 .text._isatty_r
                0x0000000000003530       0x20 /usr/local/mcuxpressoide-11.1.0_3209/ide/plugins/com.nxp.mcuxpresso.tools.linux_11.1.0.201909161352/tools/bin/../lib/gcc/arm-none-eabi/8.3.1/../../../../arm-none-eabi/lib/thumb/v7e-m+fp/hard/libc_nano.a(lib_a-isattyr.o)
                0x0000000000003530                _isatty_r
 .text._lseek_r
                0x0000000000003550       0x24 /usr/local/mcuxpressoide-11.1.0_3209/ide/plugins/com.nxp.mcuxpresso.tools.linux_11.1.0.201909161352/tools/bin/../lib/gcc/arm-none-eabi/8.3.1/../../../../arm-none-eabi/lib/thumb/v7e-m+fp/hard/libc_nano.a(lib_a-lseekr.o)
                0x0000000000003550                _lseek_r
 .text._read_r  0x0000000000003574       0x24 /usr/local/mcuxpressoide-11.1.0_3209/ide/plugins/com.nxp.mcuxpresso.tools.linux_11.1.0.201909161352/tools/bin/../lib/gcc/arm-none-eabi/8.3.1/../../../../arm-none-eabi/lib/thumb/v7e-m+fp/hard/libc_nano.a(lib_a-readr.o)
                0x0000000000003574                _read_r
 .text._sbrk    0x0000000000003598       0x3c /usr/local/mcuxpressoide-11.1.0_3209/ide/plugins/com.nxp.mcuxpresso.tools.linux_11.1.0.201909161352/tools/bin/../lib/gcc/arm-none-eabi/8.3.1/../../../../arm-none-eabi/lib/thumb/v7e-m+fp/hard/libcr_newlib_nohost.a(_cr_sbrk.o)
                0x0000000000003598                _sbrk
 .text._close   0x00000000000035d4       0x10 /usr/local/mcuxpressoide-11.1.0_3209/ide/plugins/com.nxp.mcuxpresso.tools.linux_11.1.0.201909161352/tools/bin/../lib/gcc/arm-none-eabi/8.3.1/../../../../arm-none-eabi/lib/thumb/v7e-m+fp/hard/libcr_newlib_nohost.a(close.o)
                0x00000000000035d4                _close
 .text._fstat   0x00000000000035e4       0x10 /usr/local/mcuxpressoide-11.1.0_3209/ide/plugins/com.nxp.mcuxpresso.tools.linux_11.1.0.201909161352/tools/bin/../lib/gcc/arm-none-eabi/8.3.1/../../../../arm-none-eabi/lib/thumb/v7e-m+fp/hard/libcr_newlib_nohost.a(fstat.o)
                0x00000000000035e4                _fstat
 .text._getpid  0x00000000000035f4       0x10 /usr/local/mcuxpressoide-11.1.0_3209/ide/plugins/com.nxp.mcuxpresso.tools.linux_11.1.0.201909161352/tools/bin/../lib/gcc/arm-none-eabi/8.3.1/../../../../arm-none-eabi/lib/thumb/v7e-m+fp/hard/libcr_newlib_nohost.a(getpid.o)
                0x00000000000035f4                _getpid
 .text._isatty  0x0000000000003604       0x10 /usr/local/mcuxpressoide-11.1.0_3209/ide/plugins/com.nxp.mcuxpresso.tools.linux_11.1.0.201909161352/tools/bin/../lib/gcc/arm-none-eabi/8.3.1/../../../../arm-none-eabi/lib/thumb/v7e-m+fp/hard/libcr_newlib_nohost.a(isatty.o)
                0x0000000000003604                _isatty
 .text._kill    0x0000000000003614       0x10 /usr/local/mcuxpressoide-11.1.0_3209/ide/plugins/com.nxp.mcuxpresso.tools.linux_11.1.0.201909161352/tools/bin/../lib/gcc/arm-none-eabi/8.3.1/../../../../arm-none-eabi/lib/thumb/v7e-m+fp/hard/libcr_newlib_nohost.a(kill.o)
                0x0000000000003614                _kill
 .text._lseek   0x0000000000003624       0x10 /usr/local/mcuxpressoide-11.1.0_3209/ide/plugins/com.nxp.mcuxpresso.tools.linux_11.1.0.201909161352/tools/bin/../lib/gcc/arm-none-eabi/8.3.1/../../../../arm-none-eabi/lib/thumb/v7e-m+fp/hard/libcr_newlib_nohost.a(lseek.o)
                0x0000000000003624                _lseek
 .text._read    0x0000000000003634       0x10 /usr/local/mcuxpressoide-11.1.0_3209/ide/plugins/com.nxp.mcuxpresso.tools.linux_11.1.0.201909161352/tools/bin/../lib/gcc/arm-none-eabi/8.3.1/../../../../arm-none-eabi/lib/thumb/v7e-m+fp/hard/libcr_newlib_nohost.a(read.o)
                0x0000000000003634                _read
 .text._write   0x0000000000003644       0x10 /usr/local/mcuxpressoide-11.1.0_3209/ide/plugins/com.nxp.mcuxpresso.tools.linux_11.1.0.201909161352/tools/bin/../lib/gcc/arm-none-eabi/8.3.1/../../../../arm-none-eabi/lib/thumb/v7e-m+fp/hard/libcr_newlib_nohost.a(write.o)
                0x0000000000003644                _write
 .text.__check_heap_overflow
                0x0000000000003654       0x18 /usr/local/mcuxpressoide-11.1.0_3209/ide/plugins/com.nxp.mcuxpresso.tools.linux_11.1.0.201909161352/tools/bin/../lib/gcc/arm-none-eabi/8.3.1/../../../../arm-none-eabi/lib/thumb/v7e-m+fp/hard/libcr_newlib_nohost.a(_cr_check_heap.o)
                0x0000000000003654                __check_heap_overflow
 .text          0x000000000000366c       0x40 /usr/local/mcuxpressoide-11.1.0_3209/ide/plugins/com.nxp.mcuxpresso.tools.linux_11.1.0.201909161352/tools/bin/../lib/gcc/arm-none-eabi/8.3.1/thumb/v7e-m+fp/hard/crtbegin.o
 .text.__errno  0x00000000000036ac        0xc /usr/local/mcuxpressoide-11.1.0_3209/ide/plugins/com.nxp.mcuxpresso.tools.linux_11.1.0.201909161352/tools/bin/../lib/gcc/arm-none-eabi/8.3.1/../../../../arm-none-eabi/lib/thumb/v7e-m+fp/hard/libc_nano.a(lib_a-errno.o)
                0x00000000000036ac                __errno
 .text.DbgConsole_PrintCallback
                0x00000000000036b8       0x64 ./utilities/fsl_debug_console.o
 .text.ConvertRadixNumToString
                0x000000000000371c      0x114 ./utilities/fsl_str.o
 .text.StrFormatPrintf
                0x0000000000003830      0x30c ./utilities/fsl_str.o
                0x0000000000003830                StrFormatPrintf
 .text.DMA0_IRQHandler
                0x0000000000003b3c        0x8 ./startup/startup_mk64f12.o
                0x0000000000003b3c                DMA0_IRQHandler
 .text.DMA1_IRQHandler
                0x0000000000003b44        0x8 ./startup/startup_mk64f12.o
                0x0000000000003b44                DMA1_IRQHandler
 .text.DMA2_IRQHandler
                0x0000000000003b4c        0x8 ./startup/startup_mk64f12.o
                0x0000000000003b4c                DMA2_IRQHandler
 .text.DMA3_IRQHandler
                0x0000000000003b54        0x8 ./startup/startup_mk64f12.o
                0x0000000000003b54                DMA3_IRQHandler
 .text.DMA4_IRQHandler
                0x0000000000003b5c        0x8 ./startup/startup_mk64f12.o
                0x0000000000003b5c                DMA4_IRQHandler
 .text.DMA5_IRQHandler
                0x0000000000003b64        0x8 ./startup/startup_mk64f12.o
                0x0000000000003b64                DMA5_IRQHandler
 .text.DMA6_IRQHandler
                0x0000000000003b6c        0x8 ./startup/startup_mk64f12.o
                0x0000000000003b6c                DMA6_IRQHandler
 .text.DMA7_IRQHandler
                0x0000000000003b74        0x8 ./startup/startup_mk64f12.o
                0x0000000000003b74                DMA7_IRQHandler
 .text.DMA8_IRQHandler
                0x0000000000003b7c        0x8 ./startup/startup_mk64f12.o
                0x0000000000003b7c                DMA8_IRQHandler
 .text.DMA9_IRQHandler
                0x0000000000003b84        0x8 ./startup/startup_mk64f12.o
                0x0000000000003b84                DMA9_IRQHandler
 .text.DMA10_IRQHandler
                0x0000000000003b8c        0x8 ./startup/startup_mk64f12.o
                0x0000000000003b8c                DMA10_IRQHandler
 .text.DMA11_IRQHandler
                0x0000000000003b94        0x8 ./startup/startup_mk64f12.o
                0x0000000000003b94                DMA11_IRQHandler
 .text.DMA12_IRQHandler
                0x0000000000003b9c        0x8 ./startup/startup_mk64f12.o
                0x0000000000003b9c                DMA12_IRQHandler
 .text.DMA13_IRQHandler
                0x0000000000003ba4        0x8 ./startup/startup_mk64f12.o
                0x0000000000003ba4                DMA13_IRQHandler
 .text.DMA14_IRQHandler
                0x0000000000003bac        0x8 ./startup/startup_mk64f12.o
                0x0000000000003bac                DMA14_IRQHandler
 .text.DMA15_IRQHandler
                0x0000000000003bb4        0x8 ./startup/startup_mk64f12.o
                0x0000000000003bb4                DMA15_IRQHandler
 .text.DMA_Error_IRQHandler
                0x0000000000003bbc        0x8 ./startup/startup_mk64f12.o
                0x0000000000003bbc                DMA_Error_IRQHandler
 .text.MCM_IRQHandler
                0x0000000000003bc4        0x8 ./startup/startup_mk64f12.o
                0x0000000000003bc4                MCM_IRQHandler
 .text.FTFE_IRQHandler
                0x0000000000003bcc        0x8 ./startup/startup_mk64f12.o
                0x0000000000003bcc                FTFE_IRQHandler
 .text.Read_Collision_IRQHandler
                0x0000000000003bd4        0x8 ./startup/startup_mk64f12.o
                0x0000000000003bd4                Read_Collision_IRQHandler
 .text.LVD_LVW_IRQHandler
                0x0000000000003bdc        0x8 ./startup/startup_mk64f12.o
                0x0000000000003bdc                LVD_LVW_IRQHandler
 .text.LLWU_IRQHandler
                0x0000000000003be4        0x8 ./startup/startup_mk64f12.o
                0x0000000000003be4                LLWU_IRQHandler
 .text.WDOG_EWM_IRQHandler
                0x0000000000003bec        0x8 ./startup/startup_mk64f12.o
                0x0000000000003bec                WDOG_EWM_IRQHandler
 .text.RNG_IRQHandler
                0x0000000000003bf4        0x8 ./startup/startup_mk64f12.o
                0x0000000000003bf4                RNG_IRQHandler
 .text.I2C0_IRQHandler
                0x0000000000003bfc        0x8 ./startup/startup_mk64f12.o
                0x0000000000003bfc                I2C0_IRQHandler
 .text.I2C1_IRQHandler
                0x0000000000003c04        0x8 ./startup/startup_mk64f12.o
                0x0000000000003c04                I2C1_IRQHandler
 .text.SPI0_IRQHandler
                0x0000000000003c0c        0x8 ./startup/startup_mk64f12.o
                0x0000000000003c0c                SPI0_IRQHandler
 .text.SPI1_IRQHandler
                0x0000000000003c14        0x8 ./startup/startup_mk64f12.o
                0x0000000000003c14                SPI1_IRQHandler
 .text.I2S0_Tx_IRQHandler
                0x0000000000003c1c        0x8 ./startup/startup_mk64f12.o
                0x0000000000003c1c                I2S0_Tx_IRQHandler
 .text.I2S0_Rx_IRQHandler
                0x0000000000003c24        0x8 ./startup/startup_mk64f12.o
                0x0000000000003c24                I2S0_Rx_IRQHandler
 .text.UART0_LON_IRQHandler
                0x0000000000003c2c        0x8 ./startup/startup_mk64f12.o
                0x0000000000003c2c                UART0_LON_IRQHandler
 .text.UART0_RX_TX_IRQHandler
                0x0000000000003c34        0x8 ./startup/startup_mk64f12.o
                0x0000000000003c34                UART0_RX_TX_IRQHandler
 .text.UART0_ERR_IRQHandler
                0x0000000000003c3c        0x8 ./startup/startup_mk64f12.o
                0x0000000000003c3c                UART0_ERR_IRQHandler
 .text.UART1_RX_TX_IRQHandler
                0x0000000000003c44        0x8 ./startup/startup_mk64f12.o
                0x0000000000003c44                UART1_RX_TX_IRQHandler
 .text.UART1_ERR_IRQHandler
                0x0000000000003c4c        0x8 ./startup/startup_mk64f12.o
                0x0000000000003c4c                UART1_ERR_IRQHandler
 .text.UART2_RX_TX_IRQHandler
                0x0000000000003c54        0x8 ./startup/startup_mk64f12.o
                0x0000000000003c54                UART2_RX_TX_IRQHandler
 .text.UART2_ERR_IRQHandler
                0x0000000000003c5c        0x8 ./startup/startup_mk64f12.o
                0x0000000000003c5c                UART2_ERR_IRQHandler
 .text.UART3_RX_TX_IRQHandler
                0x0000000000003c64        0x8 ./startup/startup_mk64f12.o
                0x0000000000003c64                UART3_RX_TX_IRQHandler
 .text.UART3_ERR_IRQHandler
                0x0000000000003c6c        0x8 ./startup/startup_mk64f12.o
                0x0000000000003c6c                UART3_ERR_IRQHandler
 .text.ADC0_IRQHandler
                0x0000000000003c74        0x8 ./startup/startup_mk64f12.o
                0x0000000000003c74                ADC0_IRQHandler
 .text.CMP0_IRQHandler
                0x0000000000003c7c        0x8 ./startup/startup_mk64f12.o
                0x0000000000003c7c                CMP0_IRQHandler
 .text.CMP1_IRQHandler
                0x0000000000003c84        0x8 ./startup/startup_mk64f12.o
                0x0000000000003c84                CMP1_IRQHandler
 .text.FTM0_IRQHandler
                0x0000000000003c8c        0x8 ./startup/startup_mk64f12.o
                0x0000000000003c8c                FTM0_IRQHandler
 .text.FTM1_IRQHandler
                0x0000000000003c94        0x8 ./startup/startup_mk64f12.o
                0x0000000000003c94                FTM1_IRQHandler
 .text.FTM2_IRQHandler
                0x0000000000003c9c        0x8 ./startup/startup_mk64f12.o
                0x0000000000003c9c                FTM2_IRQHandler
 .text.CMT_IRQHandler
                0x0000000000003ca4        0x8 ./startup/startup_mk64f12.o
                0x0000000000003ca4                CMT_IRQHandler
 .text.RTC_IRQHandler
                0x0000000000003cac        0x8 ./startup/startup_mk64f12.o
                0x0000000000003cac                RTC_IRQHandler
 .text.RTC_Seconds_IRQHandler
                0x0000000000003cb4        0x8 ./startup/startup_mk64f12.o
                0x0000000000003cb4                RTC_Seconds_IRQHandler
 .text.PIT1_IRQHandler
                0x0000000000003cbc        0x8 ./startup/startup_mk64f12.o
                0x0000000000003cbc                PIT1_IRQHandler
 .text.PIT2_IRQHandler
                0x0000000000003cc4        0x8 ./startup/startup_mk64f12.o
                0x0000000000003cc4                PIT2_IRQHandler
 .text.PIT3_IRQHandler
                0x0000000000003ccc        0x8 ./startup/startup_mk64f12.o
                0x0000000000003ccc                PIT3_IRQHandler
 .text.PDB0_IRQHandler
                0x0000000000003cd4        0x8 ./startup/startup_mk64f12.o
                0x0000000000003cd4                PDB0_IRQHandler
 .text.USB0_IRQHandler
                0x0000000000003cdc        0x8 ./startup/startup_mk64f12.o
                0x0000000000003cdc                USB0_IRQHandler
 .text.USBDCD_IRQHandler
                0x0000000000003ce4        0x8 ./startup/startup_mk64f12.o
                0x0000000000003ce4                USBDCD_IRQHandler
 .text.Reserved71_IRQHandler
                0x0000000000003cec        0x8 ./startup/startup_mk64f12.o
                0x0000000000003cec                Reserved71_IRQHandler
 .text.DAC0_IRQHandler
                0x0000000000003cf4        0x8 ./startup/startup_mk64f12.o
                0x0000000000003cf4                DAC0_IRQHandler
 .text.MCG_IRQHandler
                0x0000000000003cfc        0x8 ./startup/startup_mk64f12.o
                0x0000000000003cfc                MCG_IRQHandler
 .text.LPTMR0_IRQHandler
                0x0000000000003d04        0x8 ./startup/startup_mk64f12.o
                0x0000000000003d04                LPTMR0_IRQHandler
 .text.PORTA_IRQHandler
                0x0000000000003d0c        0x8 ./startup/startup_mk64f12.o
                0x0000000000003d0c                PORTA_IRQHandler
 .text.PORTB_IRQHandler
                0x0000000000003d14        0x8 ./startup/startup_mk64f12.o
                0x0000000000003d14                PORTB_IRQHandler
 .text.PORTC_IRQHandler
                0x0000000000003d1c        0x8 ./startup/startup_mk64f12.o
                0x0000000000003d1c                PORTC_IRQHandler
 .text.PORTD_IRQHandler
                0x0000000000003d24        0x8 ./startup/startup_mk64f12.o
                0x0000000000003d24                PORTD_IRQHandler
 .text.PORTE_IRQHandler
                0x0000000000003d2c        0x8 ./startup/startup_mk64f12.o
                0x0000000000003d2c                PORTE_IRQHandler
 .text.SWI_IRQHandler
                0x0000000000003d34        0x8 ./startup/startup_mk64f12.o
                0x0000000000003d34                SWI_IRQHandler
 .text.SPI2_IRQHandler
                0x0000000000003d3c        0x8 ./startup/startup_mk64f12.o
                0x0000000000003d3c                SPI2_IRQHandler
 .text.UART4_RX_TX_IRQHandler
                0x0000000000003d44        0x8 ./startup/startup_mk64f12.o
                0x0000000000003d44                UART4_RX_TX_IRQHandler
 .text.UART4_ERR_IRQHandler
                0x0000000000003d4c        0x8 ./startup/startup_mk64f12.o
                0x0000000000003d4c                UART4_ERR_IRQHandler
 .text.UART5_RX_TX_IRQHandler
                0x0000000000003d54        0x8 ./startup/startup_mk64f12.o
                0x0000000000003d54                UART5_RX_TX_IRQHandler
 .text.UART5_ERR_IRQHandler
                0x0000000000003d5c        0x8 ./startup/startup_mk64f12.o
                0x0000000000003d5c                UART5_ERR_IRQHandler
 .text.CMP2_IRQHandler
                0x0000000000003d64        0x8 ./startup/startup_mk64f12.o
                0x0000000000003d64                CMP2_IRQHandler
 .text.FTM3_IRQHandler
                0x0000000000003d6c        0x8 ./startup/startup_mk64f12.o
                0x0000000000003d6c                FTM3_IRQHandler
 .text.DAC1_IRQHandler
                0x0000000000003d74        0x8 ./startup/startup_mk64f12.o
                0x0000000000003d74                DAC1_IRQHandler
 .text.ADC1_IRQHandler
                0x0000000000003d7c        0x8 ./startup/startup_mk64f12.o
                0x0000000000003d7c                ADC1_IRQHandler
 .text.I2C2_IRQHandler
                0x0000000000003d84        0x8 ./startup/startup_mk64f12.o
                0x0000000000003d84                I2C2_IRQHandler
 .text.CAN0_ORed_Message_buffer_IRQHandler
                0x0000000000003d8c        0x8 ./startup/startup_mk64f12.o
                0x0000000000003d8c                CAN0_ORed_Message_buffer_IRQHandler
 .text.CAN0_Bus_Off_IRQHandler
                0x0000000000003d94        0x8 ./startup/startup_mk64f12.o
                0x0000000000003d94                CAN0_Bus_Off_IRQHandler
 .text.CAN0_Error_IRQHandler
                0x0000000000003d9c        0x8 ./startup/startup_mk64f12.o
                0x0000000000003d9c                CAN0_Error_IRQHandler
 .text.CAN0_Tx_Warning_IRQHandler
                0x0000000000003da4        0x8 ./startup/startup_mk64f12.o
                0x0000000000003da4                CAN0_Tx_Warning_IRQHandler
 .text.CAN0_Rx_Warning_IRQHandler
                0x0000000000003dac        0x8 ./startup/startup_mk64f12.o
                0x0000000000003dac                CAN0_Rx_Warning_IRQHandler
 .text.CAN0_Wake_Up_IRQHandler
                0x0000000000003db4        0x8 ./startup/startup_mk64f12.o
                0x0000000000003db4                CAN0_Wake_Up_IRQHandler
 .text.SDHC_IRQHandler
                0x0000000000003dbc        0x8 ./startup/startup_mk64f12.o
                0x0000000000003dbc                SDHC_IRQHandler
 .text.ENET_1588_Timer_IRQHandler
                0x0000000000003dc4        0x8 ./startup/startup_mk64f12.o
                0x0000000000003dc4                ENET_1588_Timer_IRQHandler
 .text.ENET_Transmit_IRQHandler
                0x0000000000003dcc        0x8 ./startup/startup_mk64f12.o
                0x0000000000003dcc                ENET_Transmit_IRQHandler
 .text.ENET_Receive_IRQHandler
                0x0000000000003dd4        0x8 ./startup/startup_mk64f12.o
                0x0000000000003dd4                ENET_Receive_IRQHandler
 .text.ENET_Error_IRQHandler
                0x0000000000003ddc        0x8 ./startup/startup_mk64f12.o
                0x0000000000003ddc                ENET_Error_IRQHandler
 .text.PIT_ClearStatusFlags
                0x0000000000003de4       0x2a ./source/Interrupts.o
 .text.GPIO_PortToggle
                0x0000000000003e0e       0x1c ./source/Interrupts.o
 .text.HardFault_Handler
                0x0000000000003e2a       0x2c ./source/semihost_hardfault.o
                0x0000000000003e2a                HardFault_Handler
 .text.CLOCK_EnableClock
                0x0000000000003e56       0x34 ./drivers/fsl_clock.o
 .text.CLOCK_DisableClock
                0x0000000000003e8a       0x38 ./drivers/fsl_clock.o
 .text.OSC_SetExtRefClkConfig
                0x0000000000003ec2       0x34 ./drivers/fsl_clock.o
 .text.OSC_SetCapLoad
                0x0000000000003ef6       0x34 ./drivers/fsl_clock.o
 .text.CLOCK_GetPll0RefFreq
                0x0000000000003f2a        0xe ./drivers/fsl_clock.o
 .text.CLOCK_GetFixedFreqClkFreq
                0x0000000000003f38       0x34 ./drivers/fsl_clock.o
                0x0000000000003f38                CLOCK_GetFixedFreqClkFreq
 .text.DSPI_IsMaster
                0x0000000000003f6c       0x26 ./drivers/fsl_dspi.o
 .text.GPIO_PinWrite
                0x0000000000003f92       0x3a ./drivers/fsl_gpio.o
 .text.CLOCK_EnableClock
                0x0000000000003fcc       0x34 ./drivers/fsl_pit.o
 .text.CLOCK_EnableClock
                0x0000000000004000       0x34 ./drivers/fsl_uart.o
 .text.UART_WriteBlocking
                0x0000000000004034       0x4e ./drivers/fsl_uart.o
                0x0000000000004034                UART_WriteBlocking
 .text.UART0_RX_TX_DriverIRQHandler
                0x0000000000004082       0x10 ./drivers/fsl_uart.o
                0x0000000000004082                UART0_RX_TX_DriverIRQHandler
 .text.UART1_RX_TX_DriverIRQHandler
                0x0000000000004092       0x10 ./drivers/fsl_uart.o
                0x0000000000004092                UART1_RX_TX_DriverIRQHandler
 .text.UART2_RX_TX_DriverIRQHandler
                0x00000000000040a2       0x10 ./drivers/fsl_uart.o
                0x00000000000040a2                UART2_RX_TX_DriverIRQHandler
 .text.UART3_RX_TX_DriverIRQHandler
                0x00000000000040b2       0x10 ./drivers/fsl_uart.o
                0x00000000000040b2                UART3_RX_TX_DriverIRQHandler
 .text.UART4_RX_TX_DriverIRQHandler
                0x00000000000040c2       0x10 ./drivers/fsl_uart.o
                0x00000000000040c2                UART4_RX_TX_DriverIRQHandler
 .text.UART5_RX_TX_DriverIRQHandler
                0x00000000000040d2       0x10 ./drivers/fsl_uart.o
                0x00000000000040d2                UART5_RX_TX_DriverIRQHandler
 .text.SystemInitHook
                0x00000000000040e2        0xe ./device/system_MK64F12.o
                0x00000000000040e2                SystemInitHook
 .text.HAL_UartGetStatus
                0x00000000000040f0       0x22 ./component/uart/uart_adapter.o
 .text.DisableGlobalIRQ
                0x0000000000004112       0x20 ./component/serial_manager/serial_manager.o
 .text.EnableGlobalIRQ
                0x0000000000004132       0x1e ./component/serial_manager/serial_manager.o
 .text.SerialManager_StartWriting
                0x0000000000004150       0x4a ./component/serial_manager/serial_manager.o
 .text.SerialManager_WriteBlocking
                0x000000000000419a       0x20 ./component/serial_manager/serial_manager.o
                0x000000000000419a                SerialManager_WriteBlocking
 .text.BOARD_InitDebugConsole
                0x00000000000041ba       0x22 ./board/board.o
                0x00000000000041ba                BOARD_InitDebugConsole
 .text.BOARD_InitBootClocks
                0x00000000000041dc        0xc ./board/clock_config.o
                0x00000000000041dc                BOARD_InitBootClocks
 .text.EnableIRQ
                0x00000000000041e8       0x2c ./board/peripherals.o
 .text.PIT_EnableInterrupts
                0x0000000000004214       0x3a ./board/peripherals.o
 .text.PIT_SetTimerPeriod
                0x000000000000424e       0x28 ./board/peripherals.o
 .text.PIT_StartTimer
                0x0000000000004276       0x38 ./board/peripherals.o
 .text.BOARD_InitPeripherals
                0x00000000000042ae        0xc ./board/peripherals.o
                0x00000000000042ae                BOARD_InitPeripherals
 .text.BOARD_InitBootPeripherals
                0x00000000000042ba        0xc ./board/peripherals.o
                0x00000000000042ba                BOARD_InitBootPeripherals
 .text.CLOCK_EnableClock
                0x00000000000042c6       0x34 ./board/pin_mux.o
 .text.PORT_SetPinMux
                0x00000000000042fa       0x3a ./board/pin_mux.o
 .text.PORT_SetPinInterruptConfig
                0x0000000000004334       0x3a ./board/pin_mux.o
 .text.BOARD_InitBootPins
                0x000000000000436e       0x18 ./board/pin_mux.o
                0x000000000000436e                BOARD_InitBootPins
 .text.memset   0x0000000000004386       0x10 /usr/local/mcuxpressoide-11.1.0_3209/ide/plugins/com.nxp.mcuxpresso.tools.linux_11.1.0.201909161352/tools/bin/../lib/gcc/arm-none-eabi/8.3.1/../../../../arm-none-eabi/lib/thumb/v7e-m+fp/hard/libc_nano.a(lib_a-memset.o)
                0x0000000000004386                memset
 .text.__sfputc_r
                0x0000000000004396       0x2e /usr/local/mcuxpressoide-11.1.0_3209/ide/plugins/com.nxp.mcuxpresso.tools.linux_11.1.0.201909161352/tools/bin/../lib/gcc/arm-none-eabi/8.3.1/../../../../arm-none-eabi/lib/thumb/v7e-m+fp/hard/libc_nano.a(lib_a-nano-vfprintf.o)
 .text.__sfputs_r
                0x00000000000043c4       0x24 /usr/local/mcuxpressoide-11.1.0_3209/ide/plugins/com.nxp.mcuxpresso.tools.linux_11.1.0.201909161352/tools/bin/../lib/gcc/arm-none-eabi/8.3.1/../../../../arm-none-eabi/lib/thumb/v7e-m+fp/hard/libc_nano.a(lib_a-nano-vfprintf.o)
                0x00000000000043c4                __sfputs_r
 .text._printf_common
                0x00000000000043e8       0xea /usr/local/mcuxpressoide-11.1.0_3209/ide/plugins/com.nxp.mcuxpresso.tools.linux_11.1.0.201909161352/tools/bin/../lib/gcc/arm-none-eabi/8.3.1/../../../../arm-none-eabi/lib/thumb/v7e-m+fp/hard/libc_nano.a(lib_a-nano-vfprintf_i.o)
                0x00000000000043e8                _printf_common
 .text          0x00000000000044d2       0x10 /usr/local/mcuxpressoide-11.1.0_3209/ide/plugins/com.nxp.mcuxpresso.tools.linux_11.1.0.201909161352/tools/bin/../lib/gcc/arm-none-eabi/8.3.1/../../../../arm-none-eabi/lib/thumb/v7e-m+fp/hard/libc_nano.a(lib_a-strlen.o)
                0x00000000000044d2                strlen
 .text.abort    0x00000000000044e2        0xe /usr/local/mcuxpressoide-11.1.0_3209/ide/plugins/com.nxp.mcuxpresso.tools.linux_11.1.0.201909161352/tools/bin/../lib/gcc/arm-none-eabi/8.3.1/../../../../arm-none-eabi/lib/thumb/v7e-m+fp/hard/libc_nano.a(lib_a-abort.o)
                0x00000000000044e2                abort
 .text.__sfmoreglue
                0x00000000000044f0       0x2c /usr/local/mcuxpressoide-11.1.0_3209/ide/plugins/com.nxp.mcuxpresso.tools.linux_11.1.0.201909161352/tools/bin/../lib/gcc/arm-none-eabi/8.3.1/../../../../arm-none-eabi/lib/thumb/v7e-m+fp/hard/libc_nano.a(lib_a-findfp.o)
                0x00000000000044f0                __sfmoreglue
 .text._fwalk_reent
                0x000000000000451c       0x3c /usr/local/mcuxpressoide-11.1.0_3209/ide/plugins/com.nxp.mcuxpresso.tools.linux_11.1.0.201909161352/tools/bin/../lib/gcc/arm-none-eabi/8.3.1/../../../../arm-none-eabi/lib/thumb/v7e-m+fp/hard/libc_nano.a(lib_a-fwalk.o)
                0x000000000000451c                _fwalk_reent
 .text.__retarget_lock_init_recursive
                0x0000000000004558        0x2 /usr/local/mcuxpressoide-11.1.0_3209/ide/plugins/com.nxp.mcuxpresso.tools.linux_11.1.0.201909161352/tools/bin/../lib/gcc/arm-none-eabi/8.3.1/../../../../arm-none-eabi/lib/thumb/v7e-m+fp/hard/libc_nano.a(lib_a-lock.o)
                0x0000000000004558                __retarget_lock_init_recursive
 .text.__retarget_lock_acquire_recursive
                0x000000000000455a        0x2 /usr/local/mcuxpressoide-11.1.0_3209/ide/plugins/com.nxp.mcuxpresso.tools.linux_11.1.0.201909161352/tools/bin/../lib/gcc/arm-none-eabi/8.3.1/../../../../arm-none-eabi/lib/thumb/v7e-m+fp/hard/libc_nano.a(lib_a-lock.o)
                0x000000000000455a                __retarget_lock_acquire_recursive
 .text.__retarget_lock_release_recursive
                0x000000000000455c        0x2 /usr/local/mcuxpressoide-11.1.0_3209/ide/plugins/com.nxp.mcuxpresso.tools.linux_11.1.0.201909161352/tools/bin/../lib/gcc/arm-none-eabi/8.3.1/../../../../arm-none-eabi/lib/thumb/v7e-m+fp/hard/libc_nano.a(lib_a-lock.o)
                0x000000000000455c                __retarget_lock_release_recursive
 .text.__swhatbuf_r
                0x000000000000455e       0x48 /usr/local/mcuxpressoide-11.1.0_3209/ide/plugins/com.nxp.mcuxpresso.tools.linux_11.1.0.201909161352/tools/bin/../lib/gcc/arm-none-eabi/8.3.1/../../../../arm-none-eabi/lib/thumb/v7e-m+fp/hard/libc_nano.a(lib_a-makebuf.o)
                0x000000000000455e                __swhatbuf_r
 .text._raise_r
                0x00000000000045a6       0x50 /usr/local/mcuxpressoide-11.1.0_3209/ide/plugins/com.nxp.mcuxpresso.tools.linux_11.1.0.201909161352/tools/bin/../lib/gcc/arm-none-eabi/8.3.1/../../../../arm-none-eabi/lib/thumb/v7e-m+fp/hard/libc_nano.a(lib_a-signal.o)
                0x00000000000045a6                _raise_r
 .text._getpid_r
                0x00000000000045f6        0x4 /usr/local/mcuxpressoide-11.1.0_3209/ide/plugins/com.nxp.mcuxpresso.tools.linux_11.1.0.201909161352/tools/bin/../lib/gcc/arm-none-eabi/8.3.1/../../../../arm-none-eabi/lib/thumb/v7e-m+fp/hard/libc_nano.a(lib_a-signalr.o)
                0x00000000000045f6                _getpid_r
 .text.__sread  0x00000000000045fa       0x22 /usr/local/mcuxpressoide-11.1.0_3209/ide/plugins/com.nxp.mcuxpresso.tools.linux_11.1.0.201909161352/tools/bin/../lib/gcc/arm-none-eabi/8.3.1/../../../../arm-none-eabi/lib/thumb/v7e-m+fp/hard/libc_nano.a(lib_a-stdio.o)
                0x00000000000045fa                __sread
 .text.__swrite
                0x000000000000461c       0x38 /usr/local/mcuxpressoide-11.1.0_3209/ide/plugins/com.nxp.mcuxpresso.tools.linux_11.1.0.201909161352/tools/bin/../lib/gcc/arm-none-eabi/8.3.1/../../../../arm-none-eabi/lib/thumb/v7e-m+fp/hard/libc_nano.a(lib_a-stdio.o)
                0x000000000000461c                __swrite
 .text.__sseek  0x0000000000004654       0x24 /usr/local/mcuxpressoide-11.1.0_3209/ide/plugins/com.nxp.mcuxpresso.tools.linux_11.1.0.201909161352/tools/bin/../lib/gcc/arm-none-eabi/8.3.1/../../../../arm-none-eabi/lib/thumb/v7e-m+fp/hard/libc_nano.a(lib_a-stdio.o)
                0x0000000000004654                __sseek
 .text.__sclose
                0x0000000000004678        0x8 /usr/local/mcuxpressoide-11.1.0_3209/ide/plugins/com.nxp.mcuxpresso.tools.linux_11.1.0.201909161352/tools/bin/../lib/gcc/arm-none-eabi/8.3.1/../../../../arm-none-eabi/lib/thumb/v7e-m+fp/hard/libc_nano.a(lib_a-stdio.o)
                0x0000000000004678                __sclose
 .text._exit    0x0000000000004680        0x2 /usr/local/mcuxpressoide-11.1.0_3209/ide/plugins/com.nxp.mcuxpresso.tools.linux_11.1.0.201909161352/tools/bin/../lib/gcc/arm-none-eabi/8.3.1/../../../../arm-none-eabi/lib/thumb/v7e-m+fp/hard/libcr_newlib_nohost.a(_exit.o)
                0x0000000000004680                _exit
 *(SORT_BY_ALIGNMENT(.rodata) SORT_BY_ALIGNMENT(.rodata.*) SORT_BY_ALIGNMENT(.constdata) SORT_BY_ALIGNMENT(.constdata.*))
 *fill*         0x0000000000004682        0x2 ff
 .rodata.DbgConsole_SendData.str1.4
                0x0000000000004684       0x2e ./utilities/fsl_debug_console.o
 *fill*         0x00000000000046b2        0x2 ff
 .rodata.DbgConsole_Init.str1.4
                0x00000000000046b4       0x28 ./utilities/fsl_debug_console.o
 .rodata.__func__.8422
                0x00000000000046dc       0x1c ./utilities/fsl_debug_console.o
 .rodata.__func__.8456
                0x00000000000046f8       0x10 ./utilities/fsl_debug_console.o
 .rodata.main.str1.4
                0x0000000000004708        0xd ./source/K64F-Controle.o
 *fill*         0x0000000000004715        0x3 ff
 .rodata.CLOCK_GetMcgExtClkFreq.str1.4
                0x0000000000004718       0x37 ./drivers/fsl_clock.o
 *fill*         0x000000000000474f        0x1 ff
 .rodata.CLOCK_GetOsc0ErClkFreq.str1.4
                0x0000000000004750        0xc ./drivers/fsl_clock.o
 .rodata.CLOCK_GetEr32kClkFreq.str1.4
                0x000000000000475c        0xd ./drivers/fsl_clock.o
 *fill*         0x0000000000004769        0x3 ff
 .rodata.CLOCK_GetPll0Freq.str1.4
                0x000000000000476c        0xb ./drivers/fsl_clock.o
 .rodata.CLOCK_EnablePll0.str1.4
                0x0000000000004777        0xb ./drivers/fsl_clock.o
                                          0x7 (size before relaxing)
 *fill*         0x0000000000004777        0x1 ff
 .rodata.__func__.8249
                0x0000000000004778       0x17 ./drivers/fsl_clock.o
 *fill*         0x000000000000478f        0x1 ff
 .rodata.__func__.8290
                0x0000000000004790       0x17 ./drivers/fsl_clock.o
 *fill*         0x00000000000047a7        0x1 ff
 .rodata.__func__.8298
                0x00000000000047a8       0x16 ./drivers/fsl_clock.o
 *fill*         0x00000000000047be        0x2 ff
 .rodata.fllFactorTable.8373
                0x00000000000047c0       0x10 ./drivers/fsl_clock.o
 .rodata.__func__.8394
                0x00000000000047d0       0x12 ./drivers/fsl_clock.o
 *fill*         0x00000000000047e2        0x2 ff
 .rodata.__func__.8439
                0x00000000000047e4       0x11 ./drivers/fsl_clock.o
 *fill*         0x00000000000047f5        0x3 ff
 .rodata.__func__.8582
                0x00000000000047f8       0x11 ./drivers/fsl_clock.o
 *fill*         0x0000000000004809        0x3 ff
 .rodata.__func__.8649
                0x000000000000480c       0x14 ./drivers/fsl_clock.o
 .rodata.DSPI_GetInstance.str1.4
                0x0000000000004820       0x30 ./drivers/fsl_dspi.o
 .rodata.SPI0_DriverIRQHandler.str1.4
                0x0000000000004850       0x18 ./drivers/fsl_dspi.o
 .rodata.SPI1_DriverIRQHandler.str1.4
                0x0000000000004868       0x18 ./drivers/fsl_dspi.o
 .rodata.SPI2_DriverIRQHandler.str1.4
                0x0000000000004880       0x18 ./drivers/fsl_dspi.o
 .rodata.__func__.8963
                0x0000000000004898       0x16 ./drivers/fsl_dspi.o
 *fill*         0x00000000000048ae        0x2 ff
 .rodata.__func__.8967
                0x00000000000048b0       0x16 ./drivers/fsl_dspi.o
 *fill*         0x00000000000048c6        0x2 ff
 .rodata.__func__.8971
                0x00000000000048c8       0x16 ./drivers/fsl_dspi.o
 *fill*         0x00000000000048de        0x2 ff
 .rodata.GPIO_GetInstance.str1.4
                0x00000000000048e0       0x30 ./drivers/fsl_gpio.o
 .rodata.GPIO_PinInit.str1.4
                0x0000000000004910        0xf ./drivers/fsl_gpio.o
 *fill*         0x000000000000491f        0x1 ff
 .rodata.__func__.8267
                0x0000000000004920        0xd ./drivers/fsl_gpio.o
 *fill*         0x000000000000492d        0x3 ff
 .rodata.PIT_GetInstance.str1.4
                0x0000000000004930       0x2f ./drivers/fsl_pit.o
 .rodata.PIT_Init.str1.4
                0x000000000000495f        0xf ./drivers/fsl_pit.o
 *fill*         0x000000000000495f        0x1 ff
 .rodata.__func__.8291
                0x0000000000004960       0x10 ./drivers/fsl_pit.o
 .rodata.__func__.8296
                0x0000000000004970        0x9 ./drivers/fsl_pit.o
 *fill*         0x0000000000004979        0x3 ff
 .rodata.s_uartBases
                0x000000000000497c       0x18 ./drivers/fsl_uart.o
 .rodata.s_uartClock
                0x0000000000004994       0x18 ./drivers/fsl_uart.o
 .rodata.UART_GetInstance.str1.4
                0x00000000000049ac       0x28 ./drivers/fsl_uart.o
 .rodata.UART_Init.str1.4
                0x00000000000049d4       0xa6 ./drivers/fsl_uart.o
                                         0xae (size before relaxing)
 *fill*         0x0000000000004a7a        0x2 ff
 .rodata.__func__.8455
                0x0000000000004a7c       0x11 ./drivers/fsl_uart.o
 *fill*         0x0000000000004a8d        0x3 ff
 .rodata.__func__.8473
                0x0000000000004a90        0xa ./drivers/fsl_uart.o
 *fill*         0x0000000000004a9a        0x2 ff
 .rodata.__func__.8491
                0x0000000000004a9c       0x16 ./drivers/fsl_uart.o
 *fill*         0x0000000000004ab2        0x2 ff
 .rodata.s_UartAdapterBase
                0x0000000000004ab4       0x18 ./component/uart/uart_adapter.o
 .rodata.HAL_UartInit.str1.4
                0x0000000000004acc       0x84 ./component/uart/uart_adapter.o
                                         0x8c (size before relaxing)
 .rodata.HAL_UartReceiveBlocking.str1.4
                0x0000000000004b50        0xf ./component/uart/uart_adapter.o
 *fill*         0x0000000000004b5f        0x1 ff
 .rodata.__func__.8490
                0x0000000000004b60        0xd ./component/uart/uart_adapter.o
 *fill*         0x0000000000004b6d        0x3 ff
 .rodata.__func__.8510
                0x0000000000004b70       0x15 ./component/uart/uart_adapter.o
 *fill*         0x0000000000004b85        0x3 ff
 .rodata.SerialManager_Write.str1.4
                0x0000000000004b88       0x27 ./component/serial_manager/serial_manager.o
                                         0x37 (size before relaxing)
 *fill*         0x0000000000004baf        0x1 ff
 .rodata.SerialManager_Read.str1.4
                0x0000000000004bb0        0xb ./component/serial_manager/serial_manager.o
 *fill*         0x0000000000004bbb        0x1 ff
 .rodata.SerialManager_Init.str1.4
                0x0000000000004bbc        0xd ./component/serial_manager/serial_manager.o
                                         0x15 (size before relaxing)
 *fill*         0x0000000000004bc9        0x3 ff
 .rodata.__func__.8399
                0x0000000000004bcc       0x14 ./component/serial_manager/serial_manager.o
 .rodata.__func__.8414
                0x0000000000004be0       0x13 ./component/serial_manager/serial_manager.o
 *fill*         0x0000000000004bf3        0x1 ff
 .rodata.__func__.8434
                0x0000000000004bf4       0x1e ./component/serial_manager/serial_manager.o
 *fill*         0x0000000000004c12        0x2 ff
 .rodata.__func__.8449
                0x0000000000004c14       0x1d ./component/serial_manager/serial_manager.o
 *fill*         0x0000000000004c31        0x3 ff
 .rodata.Serial_UartInit.str1.4
                0x0000000000004c34       0x24 ./component/serial_manager/serial_port_uart.o
                                         0x31 (size before relaxing)
 .rodata.Serial_UartWrite.str1.4
                0x0000000000004c58        0xf ./component/serial_manager/serial_port_uart.o
 .rodata.__func__.8369
                0x0000000000004c58       0x10 ./component/serial_manager/serial_port_uart.o
 .rodata.__func__.8381
                0x0000000000004c68       0x11 ./component/serial_manager/serial_port_uart.o
 *fill*         0x0000000000004c79        0x3 ff
 .rodata.mcgConfig_BOARD_BootClockRUN
                0x0000000000004c7c        0xb ./board/clock_config.o
                0x0000000000004c7c                mcgConfig_BOARD_BootClockRUN
 *fill*         0x0000000000004c87        0x1 ff
 .rodata.simConfig_BOARD_BootClockRUN
                0x0000000000004c88        0x8 ./board/clock_config.o
                0x0000000000004c88                simConfig_BOARD_BootClockRUN
 .rodata.oscConfig_BOARD_BootClockRUN
                0x0000000000004c90        0x8 ./board/clock_config.o
                0x0000000000004c90                oscConfig_BOARD_BootClockRUN
 .rodata.PIT_config
                0x0000000000004c98        0x1 ./board/peripherals.o
                0x0000000000004c98                PIT_config
 *fill*         0x0000000000004c99        0x3 ff
 .rodata.PORT_SetPinConfig.str1.4
                0x0000000000004c9c       0x4c ./board/pin_mux.o
                                         0x52 (size before relaxing)
 .rodata        0x0000000000004ce8        0x2 ./board/pin_mux.o
 *fill*         0x0000000000004cea        0x2 ff
 .rodata.__func__.8285
                0x0000000000004cec       0x12 ./board/pin_mux.o
 *fill*         0x0000000000004cfe        0x2 ff
 .rodata._global_impure_ptr
                0x0000000000004d00        0x4 /usr/local/mcuxpressoide-11.1.0_3209/ide/plugins/com.nxp.mcuxpresso.tools.linux_11.1.0.201909161352/tools/bin/../lib/gcc/arm-none-eabi/8.3.1/../../../../arm-none-eabi/lib/thumb/v7e-m+fp/hard/libc_nano.a(lib_a-impure.o)
                0x0000000000004d00                _global_impure_ptr
 .rodata.__sf_fake_stderr
                0x0000000000004d04       0x20 /usr/local/mcuxpressoide-11.1.0_3209/ide/plugins/com.nxp.mcuxpresso.tools.linux_11.1.0.201909161352/tools/bin/../lib/gcc/arm-none-eabi/8.3.1/../../../../arm-none-eabi/lib/thumb/v7e-m+fp/hard/libc_nano.a(lib_a-findfp.o)
                0x0000000000004d04                __sf_fake_stderr
 .rodata.__sf_fake_stdin
                0x0000000000004d24       0x20 /usr/local/mcuxpressoide-11.1.0_3209/ide/plugins/com.nxp.mcuxpresso.tools.linux_11.1.0.201909161352/tools/bin/../lib/gcc/arm-none-eabi/8.3.1/../../../../arm-none-eabi/lib/thumb/v7e-m+fp/hard/libc_nano.a(lib_a-findfp.o)
                0x0000000000004d24                __sf_fake_stdin
 .rodata.__sf_fake_stdout
                0x0000000000004d44       0x20 /usr/local/mcuxpressoide-11.1.0_3209/ide/plugins/com.nxp.mcuxpresso.tools.linux_11.1.0.201909161352/tools/bin/../lib/gcc/arm-none-eabi/8.3.1/../../../../arm-none-eabi/lib/thumb/v7e-m+fp/hard/libc_nano.a(lib_a-findfp.o)
                0x0000000000004d44                __sf_fake_stdout
 .rodata.__assert_func.str1.1
                0x0000000000004d64       0x3c /usr/local/mcuxpressoide-11.1.0_3209/ide/plugins/com.nxp.mcuxpresso.tools.linux_11.1.0.201909161352/tools/bin/../lib/gcc/arm-none-eabi/8.3.1/../../../../arm-none-eabi/lib/thumb/v7e-m+fp/hard/libc_nano.a(lib_a-assert.o)
                                         0x3d (size before relaxing)
 .rodata._vfprintf_r.str1.1
                0x0000000000004da0       0x11 /usr/local/mcuxpressoide-11.1.0_3209/ide/plugins/com.nxp.mcuxpresso.tools.linux_11.1.0.201909161352/tools/bin/../lib/gcc/arm-none-eabi/8.3.1/../../../../arm-none-eabi/lib/thumb/v7e-m+fp/hard/libc_nano.a(lib_a-nano-vfprintf.o)
 .rodata._printf_i.str1.1
                0x0000000000004db1       0x22 /usr/local/mcuxpressoide-11.1.0_3209/ide/plugins/com.nxp.mcuxpresso.tools.linux_11.1.0.201909161352/tools/bin/../lib/gcc/arm-none-eabi/8.3.1/../../../../arm-none-eabi/lib/thumb/v7e-m+fp/hard/libc_nano.a(lib_a-nano-vfprintf_i.o)
                0x0000000000004dd8                . = ALIGN (0x8)
 *fill*         0x0000000000004dd3        0x5 ff
                0x0000000000004dd8                . = ALIGN (0x8)
 *(SORT_BY_ALIGNMENT(.init))
 .init          0x0000000000004dd8        0x4 /usr/local/mcuxpressoide-11.1.0_3209/ide/plugins/com.nxp.mcuxpresso.tools.linux_11.1.0.201909161352/tools/bin/../lib/gcc/arm-none-eabi/8.3.1/thumb/v7e-m+fp/hard/crti.o
                0x0000000000004dd8                _init
 .init          0x0000000000004ddc        0x8 /usr/local/mcuxpressoide-11.1.0_3209/ide/plugins/com.nxp.mcuxpresso.tools.linux_11.1.0.201909161352/tools/bin/../lib/gcc/arm-none-eabi/8.3.1/thumb/v7e-m+fp/hard/crtn.o
                0x0000000000004de8                . = ALIGN (0x8)
 *fill*         0x0000000000004de4        0x4 ff
                0x0000000000004de8                __preinit_array_start = .
 *(SORT_BY_ALIGNMENT(.preinit_array))
                0x0000000000004de8                __preinit_array_end = .
                0x0000000000004de8                . = ALIGN (0x8)
                0x0000000000004de8                __init_array_start = .
 *(SORT_BY_NAME(SORT_BY_ALIGNMENT(.init_array.*)))
 *(SORT_BY_ALIGNMENT(.init_array))
 .init_array    0x0000000000004de8        0x4 /usr/local/mcuxpressoide-11.1.0_3209/ide/plugins/com.nxp.mcuxpresso.tools.linux_11.1.0.201909161352/tools/bin/../lib/gcc/arm-none-eabi/8.3.1/thumb/v7e-m+fp/hard/crtbegin.o
                0x0000000000004dec                __init_array_end = .
 *(SORT_BY_ALIGNMENT(.fini))
 .fini          0x0000000000004dec        0x4 /usr/local/mcuxpressoide-11.1.0_3209/ide/plugins/com.nxp.mcuxpresso.tools.linux_11.1.0.201909161352/tools/bin/../lib/gcc/arm-none-eabi/8.3.1/thumb/v7e-m+fp/hard/crti.o
                0x0000000000004dec                _fini
 .fini          0x0000000000004df0        0x8 /usr/local/mcuxpressoide-11.1.0_3209/ide/plugins/com.nxp.mcuxpresso.tools.linux_11.1.0.201909161352/tools/bin/../lib/gcc/arm-none-eabi/8.3.1/thumb/v7e-m+fp/hard/crtn.o
                0x0000000000004df8                . = ALIGN (0x8)
 *crtbegin.o(SORT_BY_ALIGNMENT(.ctors))
 *(SORT_BY_ALIGNMENT(EXCLUDE_FILE(*crtend.o) .ctors))
 *(SORT_BY_NAME(SORT_BY_ALIGNMENT(.ctors.*)))
 *crtend.o(SORT_BY_ALIGNMENT(.ctors))
                0x0000000000004df8                . = ALIGN (0x8)
 *crtbegin.o(SORT_BY_ALIGNMENT(.dtors))
 *(SORT_BY_ALIGNMENT(EXCLUDE_FILE(*crtend.o) .dtors))
 *(SORT_BY_NAME(SORT_BY_ALIGNMENT(.dtors.*)))
 *crtend.o(SORT_BY_ALIGNMENT(.dtors))
                0x0000000000004df8                . = ALIGN (0x8)

.glue_7         0x0000000000004df8        0x0
 .glue_7        0x0000000000004df8        0x0 linker stubs

.glue_7t        0x0000000000004df8        0x0
 .glue_7t       0x0000000000004df8        0x0 linker stubs

.vfp11_veneer   0x0000000000004df8        0x0
 .vfp11_veneer  0x0000000000004df8        0x0 linker stubs

.v4_bx          0x0000000000004df8        0x0
 .v4_bx         0x0000000000004df8        0x0 linker stubs

.iplt           0x0000000000004df8        0x0
 .iplt          0x0000000000004df8        0x0 ./utilities/fsl_debug_console.o

.ARM.extab
 *(SORT_BY_ALIGNMENT(.ARM.extab*) SORT_BY_ALIGNMENT(.gnu.linkonce.armextab.*))
                0x0000000000004df8                __exidx_start = .

.ARM.exidx      0x0000000000004df8        0x8
 *(SORT_BY_ALIGNMENT(.ARM.exidx*) SORT_BY_ALIGNMENT(.gnu.linkonce.armexidx.*))
 .ARM.exidx     0x0000000000004df8        0x8 /usr/local/mcuxpressoide-11.1.0_3209/ide/plugins/com.nxp.mcuxpresso.tools.linux_11.1.0.201909161352/tools/bin/../lib/gcc/arm-none-eabi/8.3.1/thumb/v7e-m+fp/hard/libgcc.a(_udivmoddi4.o)
                0x0000000000004e00                __exidx_end = .
                0x0000000000004e00                _etext = .

.rel.dyn        0x0000000000004e00        0x0
 .rel.iplt      0x0000000000004e00        0x0 ./utilities/fsl_debug_console.o

.eh_frame       0x0000000000004e00        0x0
 .eh_frame      0x0000000000004e00        0x0 /usr/local/mcuxpressoide-11.1.0_3209/ide/plugins/com.nxp.mcuxpresso.tools.linux_11.1.0.201909161352/tools/bin/../lib/gcc/arm-none-eabi/8.3.1/thumb/v7e-m+fp/hard/crtbegin.o

.m_usb_data
 *(SORT_BY_ALIGNMENT(m_usb_bdt))

.data_RAM2      0x000000001fff0000        0x0 load address 0x0000000000004e00
 FILL mask 0xff
                [!provide]                        PROVIDE (__start_data_RAM2 = .)
                [!provide]                        PROVIDE (__start_data_SRAM_LOWER = .)
 *(SORT_BY_ALIGNMENT(.ramfunc.$RAM2))
 *(SORT_BY_ALIGNMENT(.ramfunc.$SRAM_LOWER))
 *(SORT_BY_ALIGNMENT(.data.$RAM2))
 *(SORT_BY_ALIGNMENT(.data.$SRAM_LOWER))
 *(SORT_BY_ALIGNMENT(.data.$RAM2.*))
 *(SORT_BY_ALIGNMENT(.data.$SRAM_LOWER.*))
                0x000000001fff0000                . = ALIGN (0x8)
                [!provide]                        PROVIDE (__end_data_RAM2 = .)
                [!provide]                        PROVIDE (__end_data_SRAM_LOWER = .)

.data_RAM3      0x0000000014000000        0x0 load address 0x0000000000004e00
 FILL mask 0xff
                [!provide]                        PROVIDE (__start_data_RAM3 = .)
                [!provide]                        PROVIDE (__start_data_FLEX_RAM = .)
 *(SORT_BY_ALIGNMENT(.ramfunc.$RAM3))
 *(SORT_BY_ALIGNMENT(.ramfunc.$FLEX_RAM))
 *(SORT_BY_ALIGNMENT(.data.$RAM3))
 *(SORT_BY_ALIGNMENT(.data.$FLEX_RAM))
 *(SORT_BY_ALIGNMENT(.data.$RAM3.*))
 *(SORT_BY_ALIGNMENT(.data.$FLEX_RAM.*))
                0x0000000014000000                . = ALIGN (0x8)
                [!provide]                        PROVIDE (__end_data_RAM3 = .)
                [!provide]                        PROVIDE (__end_data_FLEX_RAM = .)

.uninit_RESERVED
                0x0000000020000000        0x0
                0x0000000020000000                _start_uninit_RESERVED = .
 *(SORT_BY_ALIGNMENT(.bss.$RESERVED*))
                0x0000000020000000                . = ALIGN (0x8)
                0x0000000020000000                _end_uninit_RESERVED = .

.data           0x0000000020000000       0x70 load address 0x0000000000004e00
 FILL mask 0xff
                0x0000000020000000                _data = .
                [!provide]                        PROVIDE (__start_data_RAM = .)
                [!provide]                        PROVIDE (__start_data_SRAM_UPPER = .)
 *(SORT_BY_ALIGNMENT(vtable))
 *(SORT_BY_ALIGNMENT(.ramfunc*))
 *(SORT_BY_ALIGNMENT(CodeQuickAccess))
 *(SORT_BY_ALIGNMENT(DataQuickAccess))
 *(SORT_BY_ALIGNMENT(RamFunction))
 *(SORT_BY_ALIGNMENT(.data*))
 .data.s_slowIrcFreq
                0x0000000020000000        0x4 ./drivers/fsl_clock.o
 .data.s_fastIrcFreq
                0x0000000020000004        0x4 ./drivers/fsl_clock.o
 .data.SystemCoreClock
                0x0000000020000008        0x4 ./device/system_MK64F12.o
                0x0000000020000008                SystemCoreClock
 .data._impure_ptr
                0x000000002000000c        0x4 /usr/local/mcuxpressoide-11.1.0_3209/ide/plugins/com.nxp.mcuxpresso.tools.linux_11.1.0.201909161352/tools/bin/../lib/gcc/arm-none-eabi/8.3.1/../../../../arm-none-eabi/lib/thumb/v7e-m+fp/hard/libc_nano.a(lib_a-impure.o)
                0x000000002000000c                _impure_ptr
 .data.impure_data
                0x0000000020000010       0x60 /usr/local/mcuxpressoide-11.1.0_3209/ide/plugins/com.nxp.mcuxpresso.tools.linux_11.1.0.201909161352/tools/bin/../lib/gcc/arm-none-eabi/8.3.1/../../../../arm-none-eabi/lib/thumb/v7e-m+fp/hard/libc_nano.a(lib_a-impure.o)
                0x0000000020000070                . = ALIGN (0x8)
                0x0000000020000070                _edata = .
                [!provide]                        PROVIDE (__end_data_RAM = .)
                [!provide]                        PROVIDE (__end_data_SRAM_UPPER = .)

.igot.plt       0x0000000020000070        0x0 load address 0x0000000000004e70
 .igot.plt      0x0000000020000070        0x0 ./utilities/fsl_debug_console.o

.bss_RAM2       0x000000001fff0000        0x0
                [!provide]                        PROVIDE (__start_bss_RAM2 = .)
                [!provide]                        PROVIDE (__start_bss_SRAM_LOWER = .)
 *(SORT_BY_ALIGNMENT(.bss.$RAM2))
 *(SORT_BY_ALIGNMENT(.bss.$SRAM_LOWER))
 *(SORT_BY_ALIGNMENT(.bss.$RAM2.*))
 *(SORT_BY_ALIGNMENT(.bss.$SRAM_LOWER.*))
                0x000000001fff0000                . = ALIGN ((. != 0x0)?0x8:0x1)
                [!provide]                        PROVIDE (__end_bss_RAM2 = .)
                [!provide]                        PROVIDE (__end_bss_SRAM_LOWER = .)

.bss_RAM3       0x0000000014000000        0x0
                [!provide]                        PROVIDE (__start_bss_RAM3 = .)
                [!provide]                        PROVIDE (__start_bss_FLEX_RAM = .)
 *(SORT_BY_ALIGNMENT(.bss.$RAM3))
 *(SORT_BY_ALIGNMENT(.bss.$FLEX_RAM))
 *(SORT_BY_ALIGNMENT(.bss.$RAM3.*))
 *(SORT_BY_ALIGNMENT(.bss.$FLEX_RAM.*))
                0x0000000014000000                . = ALIGN ((. != 0x0)?0x8:0x1)
                [!provide]                        PROVIDE (__end_bss_RAM3 = .)
                [!provide]                        PROVIDE (__end_bss_FLEX_RAM = .)

.bss            0x0000000020000070       0xa8
                0x0000000020000070                _bss = .
                [!provide]                        PROVIDE (__start_bss_RAM = .)
                [!provide]                        PROVIDE (__start_bss_SRAM_UPPER = .)
 *(SORT_BY_ALIGNMENT(.bss*))
 .bss.s_debugConsoleState
                0x0000000020000070       0x1c ./utilities/fsl_debug_console.o
 .bss.g_serialHandle
                0x000000002000008c        0x4 ./utilities/fsl_debug_console.o
                0x000000002000008c                g_serialHandle
 .bss._ZZ4mainE1i
                0x0000000020000090        0x4 ./source/K64F-Controle.o
 .bss.g_xtal0Freq
                0x0000000020000094        0x4 ./drivers/fsl_clock.o
                0x0000000020000094                g_xtal0Freq
 .bss.g_xtal32Freq
                0x0000000020000098        0x4 ./drivers/fsl_clock.o
                0x0000000020000098                g_xtal32Freq
 .bss.g_dspiHandle
                0x000000002000009c        0xc ./drivers/fsl_dspi.o
 .bss.s_dspiMasterIsr
                0x00000000200000a8        0x4 ./drivers/fsl_dspi.o
 .bss.s_dspiSlaveIsr
                0x00000000200000ac        0x4 ./drivers/fsl_dspi.o
 .bss.s_i2cHandle
                0x00000000200000b0        0xc ./drivers/fsl_i2c.o
 .bss.s_i2cMasterIsr
                0x00000000200000bc        0x4 ./drivers/fsl_i2c.o
 .bss.s_i2cSlaveIsr
                0x00000000200000c0        0x4 ./drivers/fsl_i2c.o
 .bss.s_uartHandle
                0x00000000200000c4       0x18 ./drivers/fsl_uart.o
 .bss.s_uartIsr
                0x00000000200000dc        0x4 ./drivers/fsl_uart.o
 .bss.__malloc_free_list
                0x00000000200000e0        0x4 /usr/local/mcuxpressoide-11.1.0_3209/ide/plugins/com.nxp.mcuxpresso.tools.linux_11.1.0.201909161352/tools/bin/../lib/gcc/arm-none-eabi/8.3.1/../../../../arm-none-eabi/lib/thumb/v7e-m+fp/hard/libc_nano.a(lib_a-nano-mallocr.o)
                0x00000000200000e0                __malloc_free_list
 .bss.__malloc_sbrk_start
                0x00000000200000e4        0x4 /usr/local/mcuxpressoide-11.1.0_3209/ide/plugins/com.nxp.mcuxpresso.tools.linux_11.1.0.201909161352/tools/bin/../lib/gcc/arm-none-eabi/8.3.1/../../../../arm-none-eabi/lib/thumb/v7e-m+fp/hard/libc_nano.a(lib_a-nano-mallocr.o)
                0x00000000200000e4                __malloc_sbrk_start
 .bss.__end_of_heap
                0x00000000200000e8        0x4 /usr/local/mcuxpressoide-11.1.0_3209/ide/plugins/com.nxp.mcuxpresso.tools.linux_11.1.0.201909161352/tools/bin/../lib/gcc/arm-none-eabi/8.3.1/../../../../arm-none-eabi/lib/thumb/v7e-m+fp/hard/libcr_newlib_nohost.a(_cr_sbrk.o)
                0x00000000200000e8                __end_of_heap
 .bss           0x00000000200000ec       0x1c /usr/local/mcuxpressoide-11.1.0_3209/ide/plugins/com.nxp.mcuxpresso.tools.linux_11.1.0.201909161352/tools/bin/../lib/gcc/arm-none-eabi/8.3.1/thumb/v7e-m+fp/hard/crtbegin.o
 *(SORT_BY_ALIGNMENT(COMMON))
 COMMON         0x0000000020000108        0x4 /usr/local/mcuxpressoide-11.1.0_3209/ide/plugins/com.nxp.mcuxpresso.tools.linux_11.1.0.201909161352/tools/bin/../lib/gcc/arm-none-eabi/8.3.1/../../../../arm-none-eabi/lib/thumb/v7e-m+fp/hard/libc_nano.a(lib_a-reent.o)
                0x0000000020000108                errno
 COMMON         0x000000002000010c        0x9 /usr/local/mcuxpressoide-11.1.0_3209/ide/plugins/com.nxp.mcuxpresso.tools.linux_11.1.0.201909161352/tools/bin/../lib/gcc/arm-none-eabi/8.3.1/../../../../arm-none-eabi/lib/thumb/v7e-m+fp/hard/libc_nano.a(lib_a-lock.o)
                0x000000002000010c                __lock___atexit_recursive_mutex
                0x000000002000010d                __lock___arc4random_mutex
                0x000000002000010e                __lock___env_recursive_mutex
                0x000000002000010f                __lock___sinit_recursive_mutex
                0x0000000020000110                __lock___malloc_recursive_mutex
                0x0000000020000111                __lock___at_quick_exit_mutex
                0x0000000020000112                __lock___dd_hash_mutex
                0x0000000020000113                __lock___tz_mutex
                0x0000000020000114                __lock___sfp_recursive_mutex
                0x0000000020000118                . = ALIGN (0x8)
 *fill*         0x0000000020000115        0x3 
                0x0000000020000118                _ebss = .
                [!provide]                        PROVIDE (__end_bss_RAM = .)
                [!provide]                        PROVIDE (__end_bss_SRAM_UPPER = .)
                [!provide]                        PROVIDE (end = .)

.noinit_RAM2    0x000000001fff0000        0x0
                [!provide]                        PROVIDE (__start_noinit_RAM2 = .)
                [!provide]                        PROVIDE (__start_noinit_SRAM_LOWER = .)
 *(SORT_BY_ALIGNMENT(.noinit.$RAM2))
 *(SORT_BY_ALIGNMENT(.noinit.$SRAM_LOWER))
 *(SORT_BY_ALIGNMENT(.noinit.$RAM2.*))
 *(SORT_BY_ALIGNMENT(.noinit.$SRAM_LOWER.*))
                0x000000001fff0000                . = ALIGN (0x8)
                [!provide]                        PROVIDE (__end_noinit_RAM2 = .)
                [!provide]                        PROVIDE (__end_noinit_SRAM_LOWER = .)

.noinit_RAM3    0x0000000014000000        0x0
                [!provide]                        PROVIDE (__start_noinit_RAM3 = .)
                [!provide]                        PROVIDE (__start_noinit_FLEX_RAM = .)
 *(SORT_BY_ALIGNMENT(.noinit.$RAM3))
 *(SORT_BY_ALIGNMENT(.noinit.$FLEX_RAM))
 *(SORT_BY_ALIGNMENT(.noinit.$RAM3.*))
 *(SORT_BY_ALIGNMENT(.noinit.$FLEX_RAM.*))
                0x0000000014000000                . = ALIGN (0x8)
                [!provide]                        PROVIDE (__end_noinit_RAM3 = .)
                [!provide]                        PROVIDE (__end_noinit_FLEX_RAM = .)

.noinit         0x0000000020000118        0x0
                0x0000000020000118                _noinit = .
                [!provide]                        PROVIDE (__start_noinit_RAM = .)
                [!provide]                        PROVIDE (__start_noinit_SRAM_UPPER = .)
 *(SORT_BY_ALIGNMENT(.noinit*))
                0x0000000020000118                . = ALIGN (0x8)
                0x0000000020000118                _end_noinit = .
                [!provide]                        PROVIDE (__end_noinit_RAM = .)
                [!provide]                        PROVIDE (__end_noinit_SRAM_UPPER = .)
                0x0000000000001000                _HeapSize = 0x1000

.heap           0x0000000020000118     0x1000
                0x0000000020000118                _pvHeapStart = .
                0x0000000020001118                . = (. + _HeapSize)
 *fill*         0x0000000020000118     0x1000 
                0x0000000020001118                . = ALIGN (0x8)
                0x0000000020001118                _pvHeapLimit = .
                0x0000000000001000                _StackSize = 0x1000

.heap2stackfill
                0x0000000020001118     0x1000
                0x0000000020002118                . = (. + _StackSize)
 *fill*         0x0000000020001118     0x1000 

.stack          0x000000002002f000        0x0
                0x000000002002f000                _vStackBase = .
                0x000000002002f000                . = ALIGN (0x8)
                0x0000000020030000                _vStackTop = (. + _StackSize)
                0x0000000000000000                _image_start = LOADADDR (.text)
                0x0000000000004e70                _image_end = (LOADADDR (.data) + SIZEOF (.data))
                0x0000000000004e70                _image_size = (_image_end - _image_start)
OUTPUT(K64F-Controle.axf elf32-littlearm)

.debug_info     0x0000000000000000    0x2048e
 .debug_info    0x0000000000000000     0x13a4 ./utilities/fsl_debug_console.o
 .debug_info    0x00000000000013a4      0xe01 ./utilities/fsl_str.o
 .debug_info    0x00000000000021a5      0x931 ./startup/startup_mk64f12.o
 .debug_info    0x0000000000002ad6     0x174d ./source/Interrupts.o
 .debug_info    0x0000000000004223     0x15b3 ./source/K64F-Controle.o
 .debug_info    0x00000000000057d6       0x3c ./source/semihost_hardfault.o
 .debug_info    0x0000000000005812     0x2b25 ./drivers/fsl_clock.o
 .debug_info    0x0000000000008337     0x313d ./drivers/fsl_dspi.o
 .debug_info    0x000000000000b474      0xfa5 ./drivers/fsl_gpio.o