Archive member included to satisfy reference by file (symbol)

/usr/local/mcuxpressoide-11.1.0_3209/ide/plugins/com.nxp.mcuxpresso.tools.linux_11.1.0.201909161352/tools/bin/../lib/gcc/arm-none-eabi/8.3.1/thumb/v7e-m+fp/hard/libgcc.a(_arm_addsubdf3.o)
                              ./source/Control.o (__aeabi_f2d)
/usr/local/mcuxpressoide-11.1.0_3209/ide/plugins/com.nxp.mcuxpresso.tools.linux_11.1.0.201909161352/tools/bin/../lib/gcc/arm-none-eabi/8.3.1/thumb/v7e-m+fp/hard/libgcc.a(_arm_muldivdf3.o)
                              ./source/Control.o (__aeabi_dmul)
/usr/local/mcuxpressoide-11.1.0_3209/ide/plugins/com.nxp.mcuxpresso.tools.linux_11.1.0.201909161352/tools/bin/../lib/gcc/arm-none-eabi/8.3.1/thumb/v7e-m+fp/hard/libgcc.a(_arm_fixunsdfsi.o)
                              ./source/Control.o (__aeabi_d2uiz)
/usr/local/mcuxpressoide-11.1.0_3209/ide/plugins/com.nxp.mcuxpresso.tools.linux_11.1.0.201909161352/tools/bin/../lib/gcc/arm-none-eabi/8.3.1/thumb/v7e-m+fp/hard/libgcc.a(_aeabi_uldivmod.o)
                              ./source/Control.o (__aeabi_uldivmod)
/usr/local/mcuxpressoide-11.1.0_3209/ide/plugins/com.nxp.mcuxpresso.tools.linux_11.1.0.201909161352/tools/bin/../lib/gcc/arm-none-eabi/8.3.1/thumb/v7e-m+fp/hard/libgcc.a(_udivmoddi4.o)
                              /usr/local/mcuxpressoide-11.1.0_3209/ide/plugins/com.nxp.mcuxpresso.tools.linux_11.1.0.201909161352/tools/bin/../lib/gcc/arm-none-eabi/8.3.1/thumb/v7e-m+fp/hard/libgcc.a(_aeabi_uldivmod.o) (__udivmoddi4)
/usr/local/mcuxpressoide-11.1.0_3209/ide/plugins/com.nxp.mcuxpresso.tools.linux_11.1.0.201909161352/tools/bin/../lib/gcc/arm-none-eabi/8.3.1/thumb/v7e-m+fp/hard/libgcc.a(_dvmd_tls.o)
                              /usr/local/mcuxpressoide-11.1.0_3209/ide/plugins/com.nxp.mcuxpresso.tools.linux_11.1.0.201909161352/tools/bin/../lib/gcc/arm-none-eabi/8.3.1/thumb/v7e-m+fp/hard/libgcc.a(_aeabi_uldivmod.o) (__aeabi_ldiv0)
/usr/local/mcuxpressoide-11.1.0_3209/ide/plugins/com.nxp.mcuxpresso.tools.linux_11.1.0.201909161352/tools/bin/../lib/gcc/arm-none-eabi/8.3.1/../../../../arm-none-eabi/lib/thumb/v7e-m+fp/hard/libc_nano.a(lib_a-assert.o)
                              ./utilities/fsl_debug_console.o (__assert_func)
/usr/local/mcuxpressoide-11.1.0_3209/ide/plugins/com.nxp.mcuxpresso.tools.linux_11.1.0.201909161352/tools/bin/../lib/gcc/arm-none-eabi/8.3.1/../../../../arm-none-eabi/lib/thumb/v7e-m+fp/hard/libc_nano.a(lib_a-fprintf.o)
                              /usr/local/mcuxpressoide-11.1.0_3209/ide/plugins/com.nxp.mcuxpresso.tools.linux_11.1.0.201909161352/tools/bin/../lib/gcc/arm-none-eabi/8.3.1/../../../../arm-none-eabi/lib/thumb/v7e-m+fp/hard/libc_nano.a(lib_a-assert.o) (fiprintf)
/usr/local/mcuxpressoide-11.1.0_3209/ide/plugins/com.nxp.mcuxpresso.tools.linux_11.1.0.201909161352/tools/bin/../lib/gcc/arm-none-eabi/8.3.1/../../../../arm-none-eabi/lib/thumb/v7e-m+fp/hard/libc_nano.a(lib_a-impure.o)
                              /usr/local/mcuxpressoide-11.1.0_3209/ide/plugins/com.nxp.mcuxpresso.tools.linux_11.1.0.201909161352/tools/bin/../lib/gcc/arm-none-eabi/8.3.1/../../../../arm-none-eabi/lib/thumb/v7e-m+fp/hard/libc_nano.a(lib_a-assert.o) (_impure_ptr)
/usr/local/mcuxpressoide-11.1.0_3209/ide/plugins/com.nxp.mcuxpresso.tools.linux_11.1.0.201909161352/tools/bin/../lib/gcc/arm-none-eabi/8.3.1/../../../../arm-none-eabi/lib/thumb/v7e-m+fp/hard/libc_nano.a(lib_a-init.o)
                              ./startup/startup_mk64f12.o (__libc_init_array)
/usr/local/mcuxpressoide-11.1.0_3209/ide/plugins/com.nxp.mcuxpresso.tools.linux_11.1.0.201909161352/tools/bin/../lib/gcc/arm-none-eabi/8.3.1/../../../../arm-none-eabi/lib/thumb/v7e-m+fp/hard/libc_nano.a(lib_a-malloc.o)
                              ./source/cpp_config.o (malloc)
/usr/local/mcuxpressoide-11.1.0_3209/ide/plugins/com.nxp.mcuxpresso.tools.linux_11.1.0.201909161352/tools/bin/../lib/gcc/arm-none-eabi/8.3.1/../../../../arm-none-eabi/lib/thumb/v7e-m+fp/hard/libc_nano.a(lib_a-memset.o)
                              ./utilities/fsl_debug_console.o (memset)
/usr/local/mcuxpressoide-11.1.0_3209/ide/plugins/com.nxp.mcuxpresso.tools.linux_11.1.0.201909161352/tools/bin/../lib/gcc/arm-none-eabi/8.3.1/../../../../arm-none-eabi/lib/thumb/v7e-m+fp/hard/libc_nano.a(lib_a-nano-freer.o)
                              /usr/local/mcuxpressoide-11.1.0_3209/ide/plugins/com.nxp.mcuxpresso.tools.linux_11.1.0.201909161352/tools/bin/../lib/gcc/arm-none-eabi/8.3.1/../../../../arm-none-eabi/lib/thumb/v7e-m+fp/hard/libc_nano.a(lib_a-malloc.o) (_free_r)
/usr/local/mcuxpressoide-11.1.0_3209/ide/plugins/com.nxp.mcuxpresso.tools.linux_11.1.0.201909161352/tools/bin/../lib/gcc/arm-none-eabi/8.3.1/../../../../arm-none-eabi/lib/thumb/v7e-m+fp/hard/libc_nano.a(lib_a-nano-mallocr.o)
[...]
Memory Configuration

Name             Origin             Length             Attributes
PROGRAM_FLASH    0x0000000000000000 0x0000000000100000 xr
SRAM_UPPER       0x0000000020000000 0x0000000000030000 xrw
SRAM_LOWER       0x000000001fff0000 0x0000000000010000 xrw
FLEX_RAM         0x0000000014000000 0x0000000000001000 xrw
*default*        0x0000000000000000 0xffffffffffffffff

Linker script and memory map

LOAD ./utilities/fsl_debug_console.o
LOAD ./utilities/fsl_str.o
LOAD ./startup/startup_mk64f12.o
LOAD ./source/Control.o
LOAD ./source/Interrupts.o
LOAD ./source/K64F-Controle.o
LOAD ./source/cpp_config.o
LOAD ./source/semihost_hardfault.o
LOAD ./drivers/fsl_adc16.o
LOAD ./drivers/fsl_clock.o
LOAD ./drivers/fsl_common.o
LOAD ./drivers/fsl_dspi.o
LOAD ./drivers/fsl_ftm.o
LOAD ./drivers/fsl_gpio.o
LOAD ./drivers/fsl_i2c.o
LOAD ./drivers/fsl_pit.o
LOAD ./drivers/fsl_rtc.o
LOAD ./drivers/fsl_smc.o
LOAD ./drivers/fsl_uart.o
LOAD ./device/system_MK64F12.o
LOAD ./component/uart/uart_adapter.o
LOAD ./component/serial_manager/serial_manager.o
LOAD ./component/serial_manager/serial_port_uart.o
LOAD ./component/lists/generic_list.o
LOAD ./board/board.o
LOAD ./board/clock_config.o
LOAD ./board/peripherals.o
LOAD ./board/pin_mux.o
START GROUP
LOAD /usr/local/mcuxpressoide-11.1.0_3209/ide/plugins/com.nxp.mcuxpresso.tools.linux_11.1.0.201909161352/tools/bin/../lib/gcc/arm-none-eabi/8.3.1/thumb/v7e-m+fp/hard/libgcc.a
LOAD /usr/local/mcuxpressoide-11.1.0_3209/ide/plugins/com.nxp.mcuxpresso.tools.linux_11.1.0.201909161352/tools/bin/../lib/gcc/arm-none-eabi/8.3.1/../../../../arm-none-eabi/lib/thumb/v7e-m+fp/hard/libc_nano.a
LOAD /usr/local/mcuxpressoide-11.1.0_3209/ide/plugins/com.nxp.mcuxpresso.tools.linux_11.1.0.201909161352/tools/bin/../lib/gcc/arm-none-eabi/8.3.1/../../../../arm-none-eabi/lib/thumb/v7e-m+fp/hard/libstdc++_nano.a
LOAD /usr/local/mcuxpressoide-11.1.0_3209/ide/plugins/com.nxp.mcuxpresso.tools.linux_11.1.0.201909161352/tools/bin/../lib/gcc/arm-none-eabi/8.3.1/../../../../arm-none-eabi/lib/thumb/v7e-m+fp/hard/libm.a
LOAD /usr/local/mcuxpressoide-11.1.0_3209/ide/plugins/com.nxp.mcuxpresso.tools.linux_11.1.0.201909161352/tools/bin/../lib/gcc/arm-none-eabi/8.3.1/../../../../arm-none-eabi/lib/thumb/v7e-m+fp/hard/libcr_newlib_nohost.a
LOAD /usr/local/mcuxpressoide-11.1.0_3209/ide/plugins/com.nxp.mcuxpresso.tools.linux_11.1.0.201909161352/tools/bin/../lib/gcc/arm-none-eabi/8.3.1/thumb/v7e-m+fp/hard/crti.o
LOAD /usr/local/mcuxpressoide-11.1.0_3209/ide/plugins/com.nxp.mcuxpresso.tools.linux_11.1.0.201909161352/tools/bin/../lib/gcc/arm-none-eabi/8.3.1/thumb/v7e-m+fp/hard/crtn.o
LOAD /usr/local/mcuxpressoide-11.1.0_3209/ide/plugins/com.nxp.mcuxpresso.tools.linux_11.1.0.201909161352/tools/bin/../lib/gcc/arm-none-eabi/8.3.1/thumb/v7e-m+fp/hard/crtbegin.o
LOAD /usr/local/mcuxpressoide-11.1.0_3209/ide/plugins/com.nxp.mcuxpresso.tools.linux_11.1.0.201909161352/tools/bin/../lib/gcc/arm-none-eabi/8.3.1/thumb/v7e-m+fp/hard/crtend.o
END GROUP
                0x0000000000000000                __base_PROGRAM_FLASH = 0x0
                0x0000000000000000                __base_Flash = 0x0
                0x0000000000100000                __top_PROGRAM_FLASH = 0x100000
                0x0000000000100000                __top_Flash = 0x100000
                0x0000000020000000                __base_SRAM_UPPER = 0x20000000
                0x0000000020000000                __base_RAM = 0x20000000
                0x0000000020030000                __top_SRAM_UPPER = 0x20030000
                0x0000000020030000                __top_RAM = 0x20030000
                0x000000001fff0000                __base_SRAM_LOWER = 0x1fff0000
                0x000000001fff0000                __base_RAM2 = 0x1fff0000
                0x0000000020000000                __top_SRAM_LOWER = 0x20000000
                0x0000000020000000                __top_RAM2 = 0x20000000
                0x0000000014000000                __base_FLEX_RAM = 0x14000000
                0x0000000014000000                __base_RAM3 = 0x14000000
                0x0000000014001000                __top_FLEX_RAM = 0x14001000
                0x0000000014001000                __top_RAM3 = 0x14001000

.text           0x0000000000000000     0x57a0
 FILL mask 0xff
                0x0000000000000000                __vectors_start__ = ABSOLUTE (.)
 *(SORT_BY_ALIGNMENT(.isr_vector))
 .isr_vector    0x0000000000000000      0x198 ./startup/startup_mk64f12.o
                0x0000000000000000                __Vectors
                0x0000000000000000                g_pfnVectors
                0x0000000000000198                . = ALIGN (0x4)
                0x0000000000000198                __section_table_start = .
                0x0000000000000198                __data_section_table = .
                0x0000000000000198        0x4 LONG 0x57a8 LOADADDR (.data)
                0x000000000000019c        0x4 LONG 0x20000000 ADDR (.data)
                0x00000000000001a0        0x4 LONG 0x70 SIZEOF (.data)
                0x00000000000001a4        0x4 LONG 0x57a8 LOADADDR (.data_RAM2)
                0x00000000000001a8        0x4 LONG 0x1fff0000 ADDR (.data_RAM2)
                0x00000000000001ac        0x4 LONG 0x0 SIZEOF (.data_RAM2)
                0x00000000000001b0        0x4 LONG 0x57a8 LOADADDR (.data_RAM3)
                0x00000000000001b4        0x4 LONG 0x14000000 ADDR (.data_RAM3)
                0x00000000000001b8        0x4 LONG 0x0 SIZEOF (.data_RAM3)
                0x00000000000001bc                __data_section_table_end = .
                0x00000000000001bc                __bss_section_table = .
                0x00000000000001bc        0x4 LONG 0x20000070 ADDR (.bss)
                0x00000000000001c0        0x4 LONG 0xb0 SIZEOF (.bss)
                0x00000000000001c4        0x4 LONG 0x1fff0000 ADDR (.bss_RAM2)
                0x00000000000001c8        0x4 LONG 0x0 SIZEOF (.bss_RAM2)
                0x00000000000001cc        0x4 LONG 0x14000000 ADDR (.bss_RAM3)
                0x00000000000001d0        0x4 LONG 0x0 SIZEOF (.bss_RAM3)
                0x00000000000001d4                __bss_section_table_end = .
                0x00000000000001d4                __section_table_end = .
 *(SORT_BY_ALIGNMENT(.after_vectors*))
 .after_vectors.reset
                0x00000000000001d4       0x50 ./startup/startup_mk64f12.o
                0x00000000000001d4                ResetISR
 .after_vectors.init_data
                0x0000000000000224       0x1e ./startup/startup_mk64f12.o
                0x0000000000000224                data_init(unsigned int, unsigned int, unsigned int)
 .after_vectors.init_bss
                0x0000000000000242       0x12 ./startup/startup_mk64f12.o
                0x0000000000000242                bss_init(unsigned int, unsigned int)
 .after_vectors
                0x0000000000000254       0x14 ./startup/startup_mk64f12.o
                0x0000000000000254                NMI_Handler
                0x0000000000000258                MemManage_Handler
                0x000000000000025a                BusFault_Handler
                0x000000000000025c                UsageFault_Handler
                0x000000000000025e                SVC_Handler
                0x0000000000000260                DebugMon_Handler
                0x0000000000000262                PendSV_Handler
                0x0000000000000264                SysTick_Handler
                0x0000000000000266                DMA0_DriverIRQHandler
                0x0000000000000266                PORTB_DriverIRQHandler
                0x0000000000000266                DMA12_DriverIRQHandler
                0x0000000000000266                LPTMR0_DriverIRQHandler
                0x0000000000000266                DMA_Error_DriverIRQHandler
                0x0000000000000266                FTM1_DriverIRQHandler
                0x0000000000000266                FTM2_DriverIRQHandler
                0x0000000000000266                PIT2_DriverIRQHandler
                0x0000000000000266                SDHC_DriverIRQHandler
                0x0000000000000266                I2S0_Tx_DriverIRQHandler
                0x0000000000000266                RTC_Seconds_DriverIRQHandler
                0x0000000000000266                DMA6_DriverIRQHandler
                0x0000000000000266                LLWU_DriverIRQHandler
                0x0000000000000266                MCM_DriverIRQHandler
                0x0000000000000266                MCG_DriverIRQHandler
                0x0000000000000266                ENET_1588_Timer_DriverIRQHandler
                0x0000000000000266                DAC1_DriverIRQHandler
                0x0000000000000266                CMP1_DriverIRQHandler
                0x0000000000000266                FTM0_DriverIRQHandler
                0x0000000000000266                IntDefaultHandler
                0x0000000000000266                USB0_DriverIRQHandler
                0x0000000000000266                UART5_ERR_DriverIRQHandler
                0x0000000000000266                PORTC_DriverIRQHandler
                0x0000000000000266                DMA11_DriverIRQHandler
                0x0000000000000266                DAC0_DriverIRQHandler
                0x0000000000000266                DMA10_DriverIRQHandler
                0x0000000000000266                CMP2_DriverIRQHandler
                0x0000000000000266                UART2_ERR_DriverIRQHandler
                0x0000000000000266                LVD_LVW_DriverIRQHandler
                0x0000000000000266                PIT0_DriverIRQHandler
                0x0000000000000266                RNG_DriverIRQHandler
                0x0000000000000266                DMA5_DriverIRQHandler
                0x0000000000000266                DMA4_DriverIRQHandler
                0x0000000000000266                USBDCD_DriverIRQHandler
                0x0000000000000266                UART3_ERR_DriverIRQHandler
                0x0000000000000266                DMA3_DriverIRQHandler
                0x0000000000000266                DMA8_DriverIRQHandler
                0x0000000000000266                DMA9_DriverIRQHandler
                0x0000000000000266                UART0_ERR_DriverIRQHandler
                0x0000000000000266                CMT_DriverIRQHandler
                0x0000000000000266                Reserved71_DriverIRQHandler
                0x0000000000000266                ADC1_DriverIRQHandler
                0x0000000000000266                PORTA_DriverIRQHandler
                0x0000000000000266                DMA14_DriverIRQHandler
                0x0000000000000266                PIT3_DriverIRQHandler
                0x0000000000000266                PIT1_DriverIRQHandler
                0x0000000000000266                WDOG_EWM_DriverIRQHandler
                0x0000000000000266                PDB0_DriverIRQHandler
                0x0000000000000266                RTC_DriverIRQHandler
                0x0000000000000266                I2S0_Rx_DriverIRQHandler
                0x0000000000000266                Read_Collision_DriverIRQHandler
                0x0000000000000266                SWI_DriverIRQHandler
                0x0000000000000266                UART4_ERR_DriverIRQHandler
                0x0000000000000266                UART0_LON_DriverIRQHandler
                0x0000000000000266                DMA1_DriverIRQHandler
                0x0000000000000266                ENET_Receive_DriverIRQHandler
                0x0000000000000266                DMA13_DriverIRQHandler
                0x0000000000000266                ENET_Error_DriverIRQHandler
                0x0000000000000266                DMA15_DriverIRQHandler
                0x0000000000000266                ADC0_DriverIRQHandler
                0x0000000000000266                CMP0_DriverIRQHandler
                0x0000000000000266                CAN0_DriverIRQHandler
                0x0000000000000266                FTM3_DriverIRQHandler
                0x0000000000000266                UART1_ERR_DriverIRQHandler
                0x0000000000000266                DMA2_DriverIRQHandler
                0x0000000000000266                ENET_Transmit_DriverIRQHandler
                0x0000000000000266                PORTD_DriverIRQHandler
                0x0000000000000266                PORTE_DriverIRQHandler
                0x0000000000000266                FTFE_DriverIRQHandler
                0x0000000000000266                DMA7_DriverIRQHandler
                0x0000000000000400                . = 0x400
 *fill*         0x0000000000000268      0x198 ff
                0x0000000000000400                PROVIDE (__FLASH_CONFIG_START__ = .)
 *(SORT_BY_ALIGNMENT(.FlashConfig))
 .FlashConfig   0x0000000000000400       0x10 ./startup/startup_mk64f12.o
                0x0000000000000410                PROVIDE (__FLASH_CONFIG_END__ = .)
                0x0000000000000001                ASSERT (! ((__FLASH_CONFIG_START__ == __FLASH_CONFIG_END__)), Linker Flash Config Support Enabled, but no .FlashConfig section provided within application)
 *(SORT_BY_ALIGNMENT(.text*))
 .text          0x0000000000000410       0xa0 /usr/local/mcuxpressoide-11.1.0_3209/ide/plugins/com.nxp.mcuxpresso.tools.linux_11.1.0.201909161352/tools/bin/../lib/gcc/arm-none-eabi/8.3.1/../../../../arm-none-eabi/lib/thumb/v7e-m+fp/hard/libc_nano.a(lib_a-memchr.o)
                0x0000000000000410                memchr
 .text._ZN7Control20setSamplingFrequencyEf
                0x00000000000004b0       0x88 ./source/Control.o
                0x00000000000004b0                Control::setSamplingFrequency(float)
 .text.DbgConsole_SendDataReliable
                0x0000000000000538       0x80 ./utilities/fsl_debug_console.o
                0x0000000000000538                DbgConsole_SendDataReliable
 .text.DbgConsole_Init
                0x00000000000005b8      0x11c ./utilities/fsl_debug_console.o
                0x00000000000005b8                DbgConsole_Init
 .text.DbgConsole_Printf
                0x00000000000006d4       0x74 ./utilities/fsl_debug_console.o
                0x00000000000006d4                DbgConsole_Printf
 .text._ZN7Control5startEv
                0x0000000000000748       0x20 ./source/Control.o
                0x0000000000000748                Control::start()
 .text._ZN7Control19setControlLawHandleEPFvvE
                0x0000000000000768       0x20 ./source/Control.o
                0x0000000000000768                Control::setControlLawHandle(void (*)())
 .text._ZN7Control10runControlEv
                0x0000000000000788       0x1c ./source/Control.o
                0x0000000000000788                Control::runControl()
 .text.PIT0_IRQHandler
                0x00000000000007a4       0x34 ./source/Interrupts.o
                0x00000000000007a4                PIT0_IRQHandler
 .text.main     0x00000000000007d8       0x38 ./source/K64F-Controle.o
                0x00000000000007d8                main
 .text._Z10ControlLawv
                0x0000000000000810       0x18 ./source/K64F-Controle.o
                0x0000000000000810                ControlLaw()
 .text.CLOCK_SetEr32kClock
                0x0000000000000828       0x30 ./drivers/fsl_clock.o
 .text.CLOCK_SetPllFllSelClock
                0x0000000000000858       0x3c ./drivers/fsl_clock.o
 .text.CLOCK_GetMcgExtClkFreq
                0x0000000000000894       0x8c ./drivers/fsl_clock.o
 .text.CLOCK_GetFllExtRefClkFreq
                0x0000000000000920       0xc4 ./drivers/fsl_clock.o
 .text.CLOCK_GetInternalRefClkSelectFreq
                0x00000000000009e4       0x4c ./drivers/fsl_clock.o
 .text.CLOCK_GetFllRefClkFreq
                0x0000000000000a30       0x34 ./drivers/fsl_clock.o
 .text.CLOCK_GetOscRangeFromFreq
                0x0000000000000a64       0x3c ./drivers/fsl_clock.o
 .text.CLOCK_GetOsc0ErClkFreq
                0x0000000000000aa0       0x54 ./drivers/fsl_clock.o
                0x0000000000000aa0                CLOCK_GetOsc0ErClkFreq
 .text.CLOCK_GetEr32kClkFreq
                0x0000000000000af4       0x80 ./drivers/fsl_clock.o
                0x0000000000000af4                CLOCK_GetEr32kClkFreq
 .text.CLOCK_GetPllFllSelClkFreq
                0x0000000000000b74       0x54 ./drivers/fsl_clock.o
                0x0000000000000b74                CLOCK_GetPllFllSelClkFreq
 .text.CLOCK_GetBusClkFreq
                0x0000000000000bc8       0x28 ./drivers/fsl_clock.o
                0x0000000000000bc8                CLOCK_GetBusClkFreq
 .text.CLOCK_GetCoreSysClkFreq
                0x0000000000000bf0       0x28 ./drivers/fsl_clock.o
                0x0000000000000bf0                CLOCK_GetCoreSysClkFreq
 .text.CLOCK_GetFreq
                0x0000000000000c18      0x148 ./drivers/fsl_clock.o
                0x0000000000000c18                CLOCK_GetFreq
 .text.CLOCK_SetSimConfig
                0x0000000000000d60       0x38 ./drivers/fsl_clock.o
                0x0000000000000d60                CLOCK_SetSimConfig
 .text.CLOCK_EnableUsbfs0Clock
                0x0000000000000d98      0x108 ./drivers/fsl_clock.o
                0x0000000000000d98                CLOCK_EnableUsbfs0Clock
 .text.CLOCK_GetOutClkFreq
                0x0000000000000ea0       0x64 ./drivers/fsl_clock.o
                0x0000000000000ea0                CLOCK_GetOutClkFreq
 .text.CLOCK_GetFllFreq
                0x0000000000000f04       0x84 ./drivers/fsl_clock.o
                0x0000000000000f04                CLOCK_GetFllFreq
 .text.CLOCK_GetInternalRefClkFreq
                0x0000000000000f88       0x30 ./drivers/fsl_clock.o
                0x0000000000000f88                CLOCK_GetInternalRefClkFreq
 .text.CLOCK_GetPll0Freq
                0x0000000000000fb8       0x88 ./drivers/fsl_clock.o
                0x0000000000000fb8                CLOCK_GetPll0Freq
 .text.CLOCK_SetExternalRefClkConfig
                0x0000000000001040       0x6c ./drivers/fsl_clock.o
                0x0000000000001040                CLOCK_SetExternalRefClkConfig
 .text.CLOCK_SetInternalRefClkConfig
                0x00000000000010ac      0x104 ./drivers/fsl_clock.o
                0x00000000000010ac                CLOCK_SetInternalRefClkConfig
 .text.CLOCK_EnablePll0
                0x00000000000011b0       0x94 ./drivers/fsl_clock.o
                0x00000000000011b0                CLOCK_EnablePll0
 .text.CLOCK_InitOsc0
                0x0000000000001244       0x8c ./drivers/fsl_clock.o
                0x0000000000001244                CLOCK_InitOsc0
 .text.CLOCK_SetPbeMode
                0x00000000000012d0       0xb8 ./drivers/fsl_clock.o
                0x00000000000012d0                CLOCK_SetPbeMode
 .text.CLOCK_BootToPeeMode
                0x0000000000001388       0x74 ./drivers/fsl_clock.o
                0x0000000000001388                CLOCK_BootToPeeMode
 .text.DSPI_CommonIRQHandler
                0x00000000000013fc       0x40 ./drivers/fsl_dspi.o
 .text.SPI0_DriverIRQHandler
                0x000000000000143c       0x40 ./drivers/fsl_dspi.o
                0x000000000000143c                SPI0_DriverIRQHandler
 .text.SPI1_DriverIRQHandler
                0x000000000000147c       0x40 ./drivers/fsl_dspi.o
                0x000000000000147c                SPI1_DriverIRQHandler
 .text.SPI2_DriverIRQHandler
                0x00000000000014bc       0x40 ./drivers/fsl_dspi.o
                0x00000000000014bc                SPI2_DriverIRQHandler
 .text.GPIO_PinInit
                0x00000000000014fc       0x74 ./drivers/fsl_gpio.o
                0x00000000000014fc                GPIO_PinInit
 .text.I2C_TransferCommonIRQHandler
                0x0000000000001570       0x54 ./drivers/fsl_i2c.o
 .text.I2C0_DriverIRQHandler
                0x00000000000015c4       0x1c ./drivers/fsl_i2c.o
                0x00000000000015c4                I2C0_DriverIRQHandler
 .text.I2C1_DriverIRQHandler
                0x00000000000015e0       0x1c ./drivers/fsl_i2c.o
                0x00000000000015e0                I2C1_DriverIRQHandler
 .text.I2C2_DriverIRQHandler
                0x00000000000015fc       0x1c ./drivers/fsl_i2c.o
                0x00000000000015fc                I2C2_DriverIRQHandler
 .text.PIT_GetInstance
                0x0000000000001618       0x54 ./drivers/fsl_pit.o
 .text.PIT_Init
                0x000000000000166c       0xa4 ./drivers/fsl_pit.o
                0x000000000000166c                PIT_Init
 .text.UART_GetInstance
                0x0000000000001710       0x60 ./drivers/fsl_uart.o
                0x0000000000001710                UART_GetInstance
 .text.UART_Init
                0x0000000000001770      0x314 ./drivers/fsl_uart.o
                0x0000000000001770                UART_Init
 .text.UART_GetDefaultConfig
                0x0000000000001a84       0x78 ./drivers/fsl_uart.o
                0x0000000000001a84                UART_GetDefaultConfig
 .text.UART0_DriverIRQHandler
                0x0000000000001afc       0x28 ./drivers/fsl_uart.o
                0x0000000000001afc                UART0_DriverIRQHandler
 .text.UART1_DriverIRQHandler
                0x0000000000001b24       0x28 ./drivers/fsl_uart.o
                0x0000000000001b24                UART1_DriverIRQHandler
 .text.UART2_DriverIRQHandler
                0x0000000000001b4c       0x28 ./drivers/fsl_uart.o
                0x0000000000001b4c                UART2_DriverIRQHandler
 .text.UART3_DriverIRQHandler
                0x0000000000001b74       0x28 ./drivers/fsl_uart.o
                0x0000000000001b74                UART3_DriverIRQHandler
 .text.UART4_DriverIRQHandler
                0x0000000000001b9c       0x28 ./drivers/fsl_uart.o
                0x0000000000001b9c                UART4_DriverIRQHandler
 .text.UART5_DriverIRQHandler
                0x0000000000001bc4       0x28 ./drivers/fsl_uart.o
                0x0000000000001bc4                UART5_DriverIRQHandler
 .text.SystemInit
                0x0000000000001bec       0x3c ./device/system_MK64F12.o
                0x0000000000001bec                SystemInit
 .text.HAL_UartInit
                0x0000000000001c28      0x128 ./component/uart/uart_adapter.o
                0x0000000000001c28                HAL_UartInit
 .text.HAL_UartSendBlocking
                0x0000000000001d50       0x84 ./component/uart/uart_adapter.o
                0x0000000000001d50                HAL_UartSendBlocking
 .text.SerialManager_Write
                0x0000000000001dd4       0x94 ./component/serial_manager/serial_manager.o
 .text.SerialManager_Init
                0x0000000000001e68       0x8c ./component/serial_manager/serial_manager.o
                0x0000000000001e68                SerialManager_Init
 .text.SerialManager_OpenWriteHandle
                0x0000000000001ef4       0x7c ./component/serial_manager/serial_manager.o
                0x0000000000001ef4                SerialManager_OpenWriteHandle
 .text.SerialManager_OpenReadHandle
                0x0000000000001f70       0x8c ./component/serial_manager/serial_manager.o
                0x0000000000001f70                SerialManager_OpenReadHandle
 .text.Serial_UartInit
                0x0000000000001ffc       0x94 ./component/serial_manager/serial_port_uart.o
                0x0000000000001ffc                Serial_UartInit
 .text.Serial_UartWrite
                0x0000000000002090       0x78 ./component/serial_manager/serial_port_uart.o
                0x0000000000002090                Serial_UartWrite
 .text.CLOCK_SetSdhc0Clock
                0x0000000000002108       0x3c ./board/clock_config.o
 .text.CLOCK_SetEnetTime0Clock
                0x0000000000002144       0x3c ./board/clock_config.o
 .text.CLOCK_SetRmii0Clock
                0x0000000000002180       0x3c ./board/clock_config.o
 .text.CLOCK_SetTraceClock
                0x00000000000021bc       0x3c ./board/clock_config.o
 .text.CLOCK_SetClkOutClock
                0x00000000000021f8       0x38 ./board/clock_config.o
 .text.CLOCK_SetSimSafeDivs
                0x0000000000002230       0x20 ./board/clock_config.o
 .text.CLOCK_SetXtal0Freq
                0x0000000000002250       0x20 ./board/clock_config.o
 .text.CLOCK_CONFIG_SetFllExtRefDiv
                0x0000000000002270       0x3c ./board/clock_config.o
 .text.BOARD_BootClockRUN
                0x00000000000022ac       0x88 ./board/clock_config.o
                0x00000000000022ac                BOARD_BootClockRUN
 .text.__NVIC_EnableIRQ
                0x0000000000002334       0x3c ./board/peripherals.o
 .text.PIT_init
                0x0000000000002370      0x144 ./board/peripherals.o
                0x0000000000002370                PIT_init
 .text.PORT_SetPinConfig
                0x00000000000024b4       0x44 ./board/pin_mux.o
 .text.BOARD_InitPins
                0x00000000000024f8       0x30 ./board/pin_mux.o
                0x00000000000024f8                BOARD_InitPins
 .text.BOARD_InitButtonsPins
                0x0000000000002528       0xb0 ./board/pin_mux.o
                0x0000000000002528                BOARD_InitButtonsPins
 .text.BOARD_InitLEDsPins
                0x00000000000025d8       0xdc ./board/pin_mux.o
                0x00000000000025d8                BOARD_InitLEDsPins
 .text.BOARD_InitDEBUG_UARTPins
                0x00000000000026b4       0x6c ./board/pin_mux.o
                0x00000000000026b4                BOARD_InitDEBUG_UARTPins
 .text          0x0000000000002720      0x378 /usr/local/mcuxpressoide-11.1.0_3209/ide/plugins/com.nxp.mcuxpresso.tools.linux_11.1.0.201909161352/tools/bin/../lib/gcc/arm-none-eabi/8.3.1/thumb/v7e-m+fp/hard/libgcc.a(_arm_addsubdf3.o)
                0x0000000000002720                __aeabi_drsub
                0x0000000000002728                __aeabi_dsub
                0x0000000000002728                __subdf3
                0x000000000000272c                __adddf3
                0x000000000000272c                __aeabi_dadd
                0x00000000000029a4                __aeabi_ui2d
                0x00000000000029a4                __floatunsidf
                0x00000000000029c4                __floatsidf
                0x00000000000029c4                __aeabi_i2d
                0x00000000000029e8                __extendsfdf2
                0x00000000000029e8                __aeabi_f2d
                0x0000000000002a2c                __aeabi_ul2d
                0x0000000000002a2c                __floatundidf
                0x0000000000002a3c                __floatdidf
                0x0000000000002a3c                __aeabi_l2d
 .text          0x0000000000002a98      0x424 /usr/local/mcuxpressoide-11.1.0_3209/ide/plugins/com.nxp.mcuxpresso.tools.linux_11.1.0.201909161352/tools/bin/../lib/gcc/arm-none-eabi/8.3.1/thumb/v7e-m+fp/hard/libgcc.a(_arm_muldivdf3.o)
                0x0000000000002a98                __aeabi_dmul
                0x0000000000002a98                __muldf3
                0x0000000000002cec                __aeabi_ddiv
                0x0000000000002cec                __divdf3
 .text          0x0000000000002ebc       0x40 /usr/local/mcuxpressoide-11.1.0_3209/ide/plugins/com.nxp.mcuxpresso.tools.linux_11.1.0.201909161352/tools/bin/../lib/gcc/arm-none-eabi/8.3.1/thumb/v7e-m+fp/hard/libgcc.a(_arm_fixunsdfsi.o)
                0x0000000000002ebc                __fixunsdfsi
                0x0000000000002ebc                __aeabi_d2uiz
 .text          0x0000000000002efc       0x30 /usr/local/mcuxpressoide-11.1.0_3209/ide/plugins/com.nxp.mcuxpresso.tools.linux_11.1.0.201909161352/tools/bin/../lib/gcc/arm-none-eabi/8.3.1/thumb/v7e-m+fp/hard/libgcc.a(_aeabi_uldivmod.o)
                0x0000000000002efc                __aeabi_uldivmod
 .text          0x0000000000002f2c      0x2d0 /usr/local/mcuxpressoide-11.1.0_3209/ide/plugins/com.nxp.mcuxpresso.tools.linux_11.1.0.201909161352/tools/bin/../lib/gcc/arm-none-eabi/8.3.1/thumb/v7e-m+fp/hard/libgcc.a(_udivmoddi4.o)
                0x0000000000002f2c                __udivmoddi4
 .text          0x00000000000031fc        0x4 /usr/local/mcuxpressoide-11.1.0_3209/ide/plugins/com.nxp.mcuxpresso.tools.linux_11.1.0.201909161352/tools/bin/../lib/gcc/arm-none-eabi/8.3.1/thumb/v7e-m+fp/hard/libgcc.a(_dvmd_tls.o)
                0x00000000000031fc                __aeabi_ldiv0
                0x00000000000031fc                __aeabi_idiv0
 .text.__assert_func
                0x0000000000003200       0x3c /usr/local/mcuxpressoide-11.1.0_3209/ide/plugins/com.nxp.mcuxpresso.tools.linux_11.1.0.201909161352/tools/bin/../lib/gcc/arm-none-eabi/8.3.1/../../../../arm-none-eabi/lib/thumb/v7e-m+fp/hard/libc_nano.a(lib_a-assert.o)
                0x0000000000003200                __assert_func
 .text.fprintf  0x000000000000323c       0x24 /usr/local/mcuxpressoide-11.1.0_3209/ide/plugins/com.nxp.mcuxpresso.tools.linux_11.1.0.201909161352/tools/bin/../lib/gcc/arm-none-eabi/8.3.1/../../../../arm-none-eabi/lib/thumb/v7e-m+fp/hard/libc_nano.a(lib_a-fprintf.o)
                0x000000000000323c                fprintf
                0x000000000000323c                fiprintf
 .text.__libc_init_array
                0x0000000000003260       0x48 /usr/local/mcuxpressoide-11.1.0_3209/ide/plugins/com.nxp.mcuxpresso.tools.linux_11.1.0.201909161352/tools/bin/../lib/gcc/arm-none-eabi/8.3.1/../../../../arm-none-eabi/lib/thumb/v7e-m+fp/hard/libc_nano.a(lib_a-init.o)
                0x0000000000003260                __libc_init_array
 .text._free_r  0x00000000000032a8       0x9c /usr/local/mcuxpressoide-11.1.0_3209/ide/plugins/com.nxp.mcuxpresso.tools.linux_11.1.0.201909161352/tools/bin/../lib/gcc/arm-none-eabi/8.3.1/../../../../arm-none-eabi/lib/thumb/v7e-m+fp/hard/libc_nano.a(lib_a-nano-freer.o)
                0x00000000000032a8                _free_r
 .text._malloc_r
                0x0000000000003344       0xb4 /usr/local/mcuxpressoide-11.1.0_3209/ide/plugins/com.nxp.mcuxpresso.tools.linux_11.1.0.201909161352/tools/bin/../lib/gcc/arm-none-eabi/8.3.1/../../../../arm-none-eabi/lib/thumb/v7e-m+fp/hard/libc_nano.a(lib_a-nano-mallocr.o)
                0x0000000000003344                _malloc_r
 .text._vfprintf_r
                0x00000000000033f8      0x250 /usr/local/mcuxpressoide-11.1.0_3209/ide/plugins/com.nxp.mcuxpresso.tools.linux_11.1.0.201909161352/tools/bin/../lib/gcc/arm-none-eabi/8.3.1/../../../../arm-none-eabi/lib/thumb/v7e-m+fp/hard/libc_nano.a(lib_a-nano-vfprintf.o)
                0x00000000000033f8                _vfiprintf_r
                0x00000000000033f8                _vfprintf_r
 .text._printf_i
                0x0000000000003648      0x228 /usr/local/mcuxpressoide-11.1.0_3209/ide/plugins/com.nxp.mcuxpresso.tools.linux_11.1.0.201909161352/tools/bin/../lib/gcc/arm-none-eabi/8.3.1/../../../../arm-none-eabi/lib/thumb/v7e-m+fp/hard/libc_nano.a(lib_a-nano-vfprintf_i.o)
                0x0000000000003648                _printf_i
 .text._sbrk_r  0x0000000000003870       0x20 /usr/local/mcuxpressoide-11.1.0_3209/ide/plugins/com.nxp.mcuxpresso.tools.linux_11.1.0.201909161352/tools/bin/../lib/gcc/arm-none-eabi/8.3.1/../../../../arm-none-eabi/lib/thumb/v7e-m+fp/hard/libc_nano.a(lib_a-sbrkr.o)
                0x0000000000003870                _sbrk_r
 .text.__swbuf_r
                0x0000000000003890       0xa4 /usr/local/mcuxpressoide-11.1.0_3209/ide/plugins/com.nxp.mcuxpresso.tools.linux_11.1.0.201909161352/tools/bin/../lib/gcc/arm-none-eabi/8.3.1/../../../../arm-none-eabi/lib/thumb/v7e-m+fp/hard/libc_nano.a(lib_a-wbuf.o)
                0x0000000000003890                __swbuf_r
 .text.__swsetup_r
                0x0000000000003934       0xdc /usr/local/mcuxpressoide-11.1.0_3209/ide/plugins/com.nxp.mcuxpresso.tools.linux_11.1.0.201909161352/tools/bin/../lib/gcc/arm-none-eabi/8.3.1/../../../../arm-none-eabi/lib/thumb/v7e-m+fp/hard/libc_nano.a(lib_a-wsetup.o)
                0x0000000000003934                __swsetup_r
 .text.__sflush_r
                0x0000000000003a10      0x10c /usr/local/mcuxpressoide-11.1.0_3209/ide/plugins/com.nxp.mcuxpresso.tools.linux_11.1.0.201909161352/tools/bin/../lib/gcc/arm-none-eabi/8.3.1/../../../../arm-none-eabi/lib/thumb/v7e-m+fp/hard/libc_nano.a(lib_a-fflush.o)
                0x0000000000003a10                __sflush_r
 .text._fflush_r
                0x0000000000003b1c       0x78 /usr/local/mcuxpressoide-11.1.0_3209/ide/plugins/com.nxp.mcuxpresso.tools.linux_11.1.0.201909161352/tools/bin/../lib/gcc/arm-none-eabi/8.3.1/../../../../arm-none-eabi/lib/thumb/v7e-m+fp/hard/libc_nano.a(lib_a-fflush.o)
                0x0000000000003b1c                _fflush_r
 .text.std      0x0000000000003b94       0x48 /usr/local/mcuxpressoide-11.1.0_3209/ide/plugins/com.nxp.mcuxpresso.tools.linux_11.1.0.201909161352/tools/bin/../lib/gcc/arm-none-eabi/8.3.1/../../../../arm-none-eabi/lib/thumb/v7e-m+fp/hard/libc_nano.a(lib_a-findfp.o)
 .text._cleanup_r
                0x0000000000003bdc        0xc /usr/local/mcuxpressoide-11.1.0_3209/ide/plugins/com.nxp.mcuxpresso.tools.linux_11.1.0.201909161352/tools/bin/../lib/gcc/arm-none-eabi/8.3.1/../../../../arm-none-eabi/lib/thumb/v7e-m+fp/hard/libc_nano.a(lib_a-findfp.o)
                0x0000000000003bdc                _cleanup_r
 .text.__sfp_lock_acquire
                0x0000000000003be8        0xc /usr/local/mcuxpressoide-11.1.0_3209/ide/plugins/com.nxp.mcuxpresso.tools.linux_11.1.0.201909161352/tools/bin/../lib/gcc/arm-none-eabi/8.3.1/../../../../arm-none-eabi/lib/thumb/v7e-m+fp/hard/libc_nano.a(lib_a-findfp.o)
                0x0000000000003be8                __sfp_lock_acquire
 .text.__sfp_lock_release
                0x0000000000003bf4        0xc /usr/local/mcuxpressoide-11.1.0_3209/ide/plugins/com.nxp.mcuxpresso.tools.linux_11.1.0.201909161352/tools/bin/../lib/gcc/arm-none-eabi/8.3.1/../../../../arm-none-eabi/lib/thumb/v7e-m+fp/hard/libc_nano.a(lib_a-findfp.o)
                0x0000000000003bf4                __sfp_lock_release
 .text.__sinit_lock_acquire
                0x0000000000003c00        0xc /usr/local/mcuxpressoide-11.1.0_3209/ide/plugins/com.nxp.mcuxpresso.tools.linux_11.1.0.201909161352/tools/bin/../lib/gcc/arm-none-eabi/8.3.1/../../../../arm-none-eabi/lib/thumb/v7e-m+fp/hard/libc_nano.a(lib_a-findfp.o)
                0x0000000000003c00                __sinit_lock_acquire
 .text.__sinit_lock_release
                0x0000000000003c0c        0xc /usr/local/mcuxpressoide-11.1.0_3209/ide/plugins/com.nxp.mcuxpresso.tools.linux_11.1.0.201909161352/tools/bin/../lib/gcc/arm-none-eabi/8.3.1/../../../../arm-none-eabi/lib/thumb/v7e-m+fp/hard/libc_nano.a(lib_a-findfp.o)
                0x0000000000003c0c                __sinit_lock_release
 .text.__sinit  0x0000000000003c18       0x70 /usr/local/mcuxpressoide-11.1.0_3209/ide/plugins/com.nxp.mcuxpresso.tools.linux_11.1.0.201909161352/tools/bin/../lib/gcc/arm-none-eabi/8.3.1/../../../../arm-none-eabi/lib/thumb/v7e-m+fp/hard/libc_nano.a(lib_a-findfp.o)
                0x0000000000003c18                __sinit
 .text.__sfp    0x0000000000003c88       0x8c /usr/local/mcuxpressoide-11.1.0_3209/ide/plugins/com.nxp.mcuxpresso.tools.linux_11.1.0.201909161352/tools/bin/../lib/gcc/arm-none-eabi/8.3.1/../../../../arm-none-eabi/lib/thumb/v7e-m+fp/hard/libc_nano.a(lib_a-findfp.o)
                0x0000000000003c88                __sfp
 .text.__smakebuf_r
                0x0000000000003d14       0x80 /usr/local/mcuxpressoide-11.1.0_3209/ide/plugins/com.nxp.mcuxpresso.tools.linux_11.1.0.201909161352/tools/bin/../lib/gcc/arm-none-eabi/8.3.1/../../../../arm-none-eabi/lib/thumb/v7e-m+fp/hard/libc_nano.a(lib_a-makebuf.o)
                0x0000000000003d14                __smakebuf_r
 .text.__malloc_lock
                0x0000000000003d94        0xc /usr/local/mcuxpressoide-11.1.0_3209/ide/plugins/com.nxp.mcuxpresso.tools.linux_11.1.0.201909161352/tools/bin/../lib/gcc/arm-none-eabi/8.3.1/../../../../arm-none-eabi/lib/thumb/v7e-m+fp/hard/libc_nano.a(lib_a-mlock.o)
                0x0000000000003d94                __malloc_lock
 .text.__malloc_unlock
                0x0000000000003da0        0xc /usr/local/mcuxpressoide-11.1.0_3209/ide/plugins/com.nxp.mcuxpresso.tools.linux_11.1.0.201909161352/tools/bin/../lib/gcc/arm-none-eabi/8.3.1/../../../../arm-none-eabi/lib/thumb/v7e-m+fp/hard/libc_nano.a(lib_a-mlock.o)
                0x0000000000003da0                __malloc_unlock
 .text.raise    0x0000000000003dac       0x10 /usr/local/mcuxpressoide-11.1.0_3209/ide/plugins/com.nxp.mcuxpresso.tools.linux_11.1.0.201909161352/tools/bin/../lib/gcc/arm-none-eabi/8.3.1/../../../../arm-none-eabi/lib/thumb/v7e-m+fp/hard/libc_nano.a(lib_a-signal.o)
                0x0000000000003dac                raise
 .text._kill_r  0x0000000000003dbc       0x24 /usr/local/mcuxpressoide-11.1.0_3209/ide/plugins/com.nxp.mcuxpresso.tools.linux_11.1.0.201909161352/tools/bin/../lib/gcc/arm-none-eabi/8.3.1/../../../../arm-none-eabi/lib/thumb/v7e-m+fp/hard/libc_nano.a(lib_a-signalr.o)
                0x0000000000003dbc                _kill_r
 .text._write_r
                0x0000000000003de0       0x24 /usr/local/mcuxpressoide-11.1.0_3209/ide/plugins/com.nxp.mcuxpresso.tools.linux_11.1.0.201909161352/tools/bin/../lib/gcc/arm-none-eabi/8.3.1/../../../../arm-none-eabi/lib/thumb/v7e-m+fp/hard/libc_nano.a(lib_a-writer.o)
                0x0000000000003de0                _write_r
 .text._close_r
                0x0000000000003e04       0x20 /usr/local/mcuxpressoide-11.1.0_3209/ide/plugins/com.nxp.mcuxpresso.tools.linux_11.1.0.201909161352/tools/bin/../lib/gcc/arm-none-eabi/8.3.1/../../../../arm-none-eabi/lib/thumb/v7e-m+fp/hard/libc_nano.a(lib_a-closer.o)
                0x0000000000003e04                _close_r
 .text._fstat_r
                0x0000000000003e24       0x24 /usr/local/mcuxpressoide-11.1.0_3209/ide/plugins/com.nxp.mcuxpresso.tools.linux_11.1.0.201909161352/tools/bin/../lib/gcc/arm-none-eabi/8.3.1/../../../../arm-none-eabi/lib/thumb/v7e-m+fp/hard/libc_nano.a(lib_a-fstatr.o)
                0x0000000000003e24                _fstat_r
 .text._isatty_r
                0x0000000000003e48       0x20 /usr/local/mcuxpressoide-11.1.0_3209/ide/plugins/com.nxp.mcuxpresso.tools.linux_11.1.0.201909161352/tools/bin/../lib/gcc/arm-none-eabi/8.3.1/../../../../arm-none-eabi/lib/thumb/v7e-m+fp/hard/libc_nano.a(lib_a-isattyr.o)
                0x0000000000003e48                _isatty_r
 .text._lseek_r
                0x0000000000003e68       0x24 /usr/local/mcuxpressoide-11.1.0_3209/ide/plugins/com.nxp.mcuxpresso.tools.linux_11.1.0.201909161352/tools/bin/../lib/gcc/arm-none-eabi/8.3.1/../../../../arm-none-eabi/lib/thumb/v7e-m+fp/hard/libc_nano.a(lib_a-lseekr.o)
                0x0000000000003e68                _lseek_r
 .text._read_r  0x0000000000003e8c       0x24 /usr/local/mcuxpressoide-11.1.0_3209/ide/plugins/com.nxp.mcuxpresso.tools.linux_11.1.0.201909161352/tools/bin/../lib/gcc/arm-none-eabi/8.3.1/../../../../arm-none-eabi/lib/thumb/v7e-m+fp/hard/libc_nano.a(lib_a-readr.o)
                0x0000000000003e8c                _read_r
 .text._sbrk    0x0000000000003eb0       0x3c /usr/local/mcuxpressoide-11.1.0_3209/ide/plugins/com.nxp.mcuxpresso.tools.linux_11.1.0.201909161352/tools/bin/../lib/gcc/arm-none-eabi/8.3.1/../../../../arm-none-eabi/lib/thumb/v7e-m+fp/hard/libcr_newlib_nohost.a(_cr_sbrk.o)
                0x0000000000003eb0                _sbrk
 .text._close   0x0000000000003eec       0x10 /usr/local/mcuxpressoide-11.1.0_3209/ide/plugins/com.nxp.mcuxpresso.tools.linux_11.1.0.201909161352/tools/bin/../lib/gcc/arm-none-eabi/8.3.1/../../../../arm-none-eabi/lib/thumb/v7e-m+fp/hard/libcr_newlib_nohost.a(close.o)
                0x0000000000003eec                _close
 .text._fstat   0x0000000000003efc       0x10 /usr/local/mcuxpressoide-11.1.0_3209/ide/plugins/com.nxp.mcuxpresso.tools.linux_11.1.0.201909161352/tools/bin/../lib/gcc/arm-none-eabi/8.3.1/../../../../arm-none-eabi/lib/thumb/v7e-m+fp/hard/libcr_newlib_nohost.a(fstat.o)
                0x0000000000003efc                _fstat
 .text._getpid  0x0000000000003f0c       0x10 /usr/local/mcuxpressoide-11.1.0_3209/ide/plugins/com.nxp.mcuxpresso.tools.linux_11.1.0.201909161352/tools/bin/../lib/gcc/arm-none-eabi/8.3.1/../../../../arm-none-eabi/lib/thumb/v7e-m+fp/hard/libcr_newlib_nohost.a(getpid.o)
                0x0000000000003f0c                _getpid
 .text._isatty  0x0000000000003f1c       0x10 /usr/local/mcuxpressoide-11.1.0_3209/ide/plugins/com.nxp.mcuxpresso.tools.linux_11.1.0.201909161352/tools/bin/../lib/gcc/arm-none-eabi/8.3.1/../../../../arm-none-eabi/lib/thumb/v7e-m+fp/hard/libcr_newlib_nohost.a(isatty.o)
                0x0000000000003f1c                _isatty
 .text._kill    0x0000000000003f2c       0x10 /usr/local/mcuxpressoide-11.1.0_3209/ide/plugins/com.nxp.mcuxpresso.tools.linux_11.1.0.201909161352/tools/bin/../lib/gcc/arm-none-eabi/8.3.1/../../../../arm-none-eabi/lib/thumb/v7e-m+fp/hard/libcr_newlib_nohost.a(kill.o)
                0x0000000000003f2c                _kill
 .text._lseek   0x0000000000003f3c       0x10 /usr/local/mcuxpressoide-11.1.0_3209/ide/plugins/com.nxp.mcuxpresso.tools.linux_11.1.0.201909161352/tools/bin/../lib/gcc/arm-none-eabi/8.3.1/../../../../arm-none-eabi/lib/thumb/v7e-m+fp/hard/libcr_newlib_nohost.a(lseek.o)
                0x0000000000003f3c                _lseek
 .text._read    0x0000000000003f4c       0x10 /usr/local/mcuxpressoide-11.1.0_3209/ide/plugins/com.nxp.mcuxpresso.tools.linux_11.1.0.201909161352/tools/bin/../lib/gcc/arm-none-eabi/8.3.1/../../../../arm-none-eabi/lib/thumb/v7e-m+fp/hard/libcr_newlib_nohost.a(read.o)
                0x0000000000003f4c                _read
 .text._write   0x0000000000003f5c       0x10 /usr/local/mcuxpressoide-11.1.0_3209/ide/plugins/com.nxp.mcuxpresso.tools.linux_11.1.0.201909161352/tools/bin/../lib/gcc/arm-none-eabi/8.3.1/../../../../arm-none-eabi/lib/thumb/v7e-m+fp/hard/libcr_newlib_nohost.a(write.o)
                0x0000000000003f5c                _write
 .text.__check_heap_overflow
                0x0000000000003f6c       0x18 /usr/local/mcuxpressoide-11.1.0_3209/ide/plugins/com.nxp.mcuxpresso.tools.linux_11.1.0.201909161352/tools/bin/../lib/gcc/arm-none-eabi/8.3.1/../../../../arm-none-eabi/lib/thumb/v7e-m+fp/hard/libcr_newlib_nohost.a(_cr_check_heap.o)
                0x0000000000003f6c                __check_heap_overflow
 .text          0x0000000000003f84       0x40 /usr/local/mcuxpressoide-11.1.0_3209/ide/plugins/com.nxp.mcuxpresso.tools.linux_11.1.0.201909161352/tools/bin/../lib/gcc/arm-none-eabi/8.3.1/thumb/v7e-m+fp/hard/crtbegin.o
 .text.__errno  0x0000000000003fc4        0xc /usr/local/mcuxpressoide-11.1.0_3209/ide/plugins/com.nxp.mcuxpresso.tools.linux_11.1.0.201909161352/tools/bin/../lib/gcc/arm-none-eabi/8.3.1/../../../../arm-none-eabi/lib/thumb/v7e-m+fp/hard/libc_nano.a(lib_a-errno.o)
                0x0000000000003fc4                __errno
 .text.DbgConsole_PrintCallback
                0x0000000000003fd0       0x64 ./utilities/fsl_debug_console.o
 .text.ConvertRadixNumToString
                0x0000000000004034      0x114 ./utilities/fsl_str.o
 .text.StrFormatPrintf
                0x0000000000004148      0x30c ./utilities/fsl_str.o
                0x0000000000004148                StrFormatPrintf
 .text.DMA0_IRQHandler
                0x0000000000004454        0x8 ./startup/startup_mk64f12.o
                0x0000000000004454                DMA0_IRQHandler
 .text.DMA1_IRQHandler
                0x000000000000445c        0x8 ./startup/startup_mk64f12.o
                0x000000000000445c                DMA1_IRQHandler
 .text.DMA2_IRQHandler
                0x0000000000004464        0x8 ./startup/startup_mk64f12.o
                0x0000000000004464                DMA2_IRQHandler
 .text.DMA3_IRQHandler
                0x000000000000446c        0x8 ./startup/startup_mk64f12.o
                0x000000000000446c                DMA3_IRQHandler
 .text.DMA4_IRQHandler
                0x0000000000004474        0x8 ./startup/startup_mk64f12.o
                0x0000000000004474                DMA4_IRQHandler
 .text.DMA5_IRQHandler
                0x000000000000447c        0x8 ./startup/startup_mk64f12.o
                0x000000000000447c                DMA5_IRQHandler
 .text.DMA6_IRQHandler
                0x0000000000004484        0x8 ./startup/startup_mk64f12.o
                0x0000000000004484                DMA6_IRQHandler
 .text.DMA7_IRQHandler
                0x000000000000448c        0x8 ./startup/startup_mk64f12.o
                0x000000000000448c                DMA7_IRQHandler
 .text.DMA8_IRQHandler
                0x0000000000004494        0x8 ./startup/startup_mk64f12.o
                0x0000000000004494                DMA8_IRQHandler
 .text.DMA9_IRQHandler
                0x000000000000449c        0x8 ./startup/startup_mk64f12.o
                0x000000000000449c                DMA9_IRQHandler
 .text.DMA10_IRQHandler
                0x00000000000044a4        0x8 ./startup/startup_mk64f12.o
                0x00000000000044a4                DMA10_IRQHandler
 .text.DMA11_IRQHandler
                0x00000000000044ac        0x8 ./startup/startup_mk64f12.o
                0x00000000000044ac                DMA11_IRQHandler
 .text.DMA12_IRQHandler
                0x00000000000044b4        0x8 ./startup/startup_mk64f12.o
                0x00000000000044b4                DMA12_IRQHandler
 .text.DMA13_IRQHandler
                0x00000000000044bc        0x8 ./startup/startup_mk64f12.o
                0x00000000000044bc                DMA13_IRQHandler
 .text.DMA14_IRQHandler
                0x00000000000044c4        0x8 ./startup/startup_mk64f12.o
                0x00000000000044c4                DMA14_IRQHandler
 .text.DMA15_IRQHandler
                0x00000000000044cc        0x8 ./startup/startup_mk64f12.o
                0x00000000000044cc                DMA15_IRQHandler
 .text.DMA_Error_IRQHandler
                0x00000000000044d4        0x8 ./startup/startup_mk64f12.o
                0x00000000000044d4                DMA_Error_IRQHandler
 .text.MCM_IRQHandler
                0x00000000000044dc        0x8 ./startup/startup_mk64f12.o
                0x00000000000044dc                MCM_IRQHandler
 .text.FTFE_IRQHandler
                0x00000000000044e4        0x8 ./startup/startup_mk64f12.o
                0x00000000000044e4                FTFE_IRQHandler
 .text.Read_Collision_IRQHandler
                0x00000000000044ec        0x8 ./startup/startup_mk64f12.o
                0x00000000000044ec                Read_Collision_IRQHandler
 .text.LVD_LVW_IRQHandler
                0x00000000000044f4        0x8 ./startup/startup_mk64f12.o
                0x00000000000044f4                LVD_LVW_IRQHandler
 .text.LLWU_IRQHandler
                0x00000000000044fc        0x8 ./startup/startup_mk64f12.o
                0x00000000000044fc                LLWU_IRQHandler
 .text.WDOG_EWM_IRQHandler
                0x0000000000004504        0x8 ./startup/startup_mk64f12.o
                0x0000000000004504                WDOG_EWM_IRQHandler
 .text.RNG_IRQHandler
                0x000000000000450c        0x8 ./startup/startup_mk64f12.o
                0x000000000000450c                RNG_IRQHandler
 .text.I2C0_IRQHandler
                0x0000000000004514        0x8 ./startup/startup_mk64f12.o
                0x0000000000004514                I2C0_IRQHandler
 .text.I2C1_IRQHandler
                0x000000000000451c        0x8 ./startup/startup_mk64f12.o
                0x000000000000451c                I2C1_IRQHandler
 .text.SPI0_IRQHandler
                0x0000000000004524        0x8 ./startup/startup_mk64f12.o
                0x0000000000004524                SPI0_IRQHandler
 .text.SPI1_IRQHandler
                0x000000000000452c        0x8 ./startup/startup_mk64f12.o
                0x000000000000452c                SPI1_IRQHandler
 .text.I2S0_Tx_IRQHandler
                0x0000000000004534        0x8 ./startup/startup_mk64f12.o
                0x0000000000004534                I2S0_Tx_IRQHandler
 .text.I2S0_Rx_IRQHandler
                0x000000000000453c        0x8 ./startup/startup_mk64f12.o
                0x000000000000453c                I2S0_Rx_IRQHandler
 .text.UART0_LON_IRQHandler
                0x0000000000004544        0x8 ./startup/startup_mk64f12.o
                0x0000000000004544                UART0_LON_IRQHandler
 .text.UART0_RX_TX_IRQHandler
                0x000000000000454c        0x8 ./startup/startup_mk64f12.o
                0x000000000000454c                UART0_RX_TX_IRQHandler
 .text.UART0_ERR_IRQHandler
                0x0000000000004554        0x8 ./startup/startup_mk64f12.o
                0x0000000000004554                UART0_ERR_IRQHandler
 .text.UART1_RX_TX_IRQHandler
                0x000000000000455c        0x8 ./startup/startup_mk64f12.o
                0x000000000000455c                UART1_RX_TX_IRQHandler
 .text.UART1_ERR_IRQHandler
                0x0000000000004564        0x8 ./startup/startup_mk64f12.o
                0x0000000000004564                UART1_ERR_IRQHandler
 .text.UART2_RX_TX_IRQHandler
                0x000000000000456c        0x8 ./startup/startup_mk64f12.o
                0x000000000000456c                UART2_RX_TX_IRQHandler
 .text.UART2_ERR_IRQHandler
                0x0000000000004574        0x8 ./startup/startup_mk64f12.o
                0x0000000000004574                UART2_ERR_IRQHandler
 .text.UART3_RX_TX_IRQHandler
                0x000000000000457c        0x8 ./startup/startup_mk64f12.o
                0x000000000000457c                UART3_RX_TX_IRQHandler
 .text.UART3_ERR_IRQHandler
                0x0000000000004584        0x8 ./startup/startup_mk64f12.o
                0x0000000000004584                UART3_ERR_IRQHandler
 .text.ADC0_IRQHandler
                0x000000000000458c        0x8 ./startup/startup_mk64f12.o
                0x000000000000458c                ADC0_IRQHandler
 .text.CMP0_IRQHandler
                0x0000000000004594        0x8 ./startup/startup_mk64f12.o
                0x0000000000004594                CMP0_IRQHandler
 .text.CMP1_IRQHandler
                0x000000000000459c        0x8 ./startup/startup_mk64f12.o
                0x000000000000459c                CMP1_IRQHandler
 .text.FTM0_IRQHandler
                0x00000000000045a4        0x8 ./startup/startup_mk64f12.o
                0x00000000000045a4                FTM0_IRQHandler
 .text.FTM1_IRQHandler
                0x00000000000045ac        0x8 ./startup/startup_mk64f12.o
                0x00000000000045ac                FTM1_IRQHandler
 .text.FTM2_IRQHandler
                0x00000000000045b4        0x8 ./startup/startup_mk64f12.o
                0x00000000000045b4                FTM2_IRQHandler
 .text.CMT_IRQHandler
                0x00000000000045bc        0x8 ./startup/startup_mk64f12.o
                0x00000000000045bc                CMT_IRQHandler
 .text.RTC_IRQHandler
                0x00000000000045c4        0x8 ./startup/startup_mk64f12.o
                0x00000000000045c4                RTC_IRQHandler
 .text.RTC_Seconds_IRQHandler
                0x00000000000045cc        0x8 ./startup/startup_mk64f12.o
                0x00000000000045cc                RTC_Seconds_IRQHandler
 .text.PIT1_IRQHandler
                0x00000000000045d4        0x8 ./startup/startup_mk64f12.o
                0x00000000000045d4                PIT1_IRQHandler
 .text.PIT2_IRQHandler
                0x00000000000045dc        0x8 ./startup/startup_mk64f12.o
                0x00000000000045dc                PIT2_IRQHandler
 .text.PIT3_IRQHandler
                0x00000000000045e4        0x8 ./startup/startup_mk64f12.o
                0x00000000000045e4                PIT3_IRQHandler
 .text.PDB0_IRQHandler
                0x00000000000045ec        0x8 ./startup/startup_mk64f12.o
                0x00000000000045ec                PDB0_IRQHandler
 .text.USB0_IRQHandler
                0x00000000000045f4        0x8 ./startup/startup_mk64f12.o
                0x00000000000045f4                USB0_IRQHandler
 .text.USBDCD_IRQHandler
                0x00000000000045fc        0x8 ./startup/startup_mk64f12.o
                0x00000000000045fc                USBDCD_IRQHandler
 .text.Reserved71_IRQHandler
                0x0000000000004604        0x8 ./startup/startup_mk64f12.o
                0x0000000000004604                Reserved71_IRQHandler
 .text.DAC0_IRQHandler
                0x000000000000460c        0x8 ./startup/startup_mk64f12.o
                0x000000000000460c                DAC0_IRQHandler
 .text.MCG_IRQHandler
                0x0000000000004614        0x8 ./startup/startup_mk64f12.o
                0x0000000000004614                MCG_IRQHandler
 .text.LPTMR0_IRQHandler
                0x000000000000461c        0x8 ./startup/startup_mk64f12.o
                0x000000000000461c                LPTMR0_IRQHandler
 .text.PORTA_IRQHandler
                0x0000000000004624        0x8 ./startup/startup_mk64f12.o
                0x0000000000004624                PORTA_IRQHandler
 .text.PORTB_IRQHandler
                0x000000000000462c        0x8 ./startup/startup_mk64f12.o
                0x000000000000462c                PORTB_IRQHandler
 .text.PORTC_IRQHandler
                0x0000000000004634        0x8 ./startup/startup_mk64f12.o
                0x0000000000004634                PORTC_IRQHandler
 .text.PORTD_IRQHandler
                0x000000000000463c        0x8 ./startup/startup_mk64f12.o
                0x000000000000463c                PORTD_IRQHandler
 .text.PORTE_IRQHandler
                0x0000000000004644        0x8 ./startup/startup_mk64f12.o
                0x0000000000004644                PORTE_IRQHandler
 .text.SWI_IRQHandler
                0x000000000000464c        0x8 ./startup/startup_mk64f12.o
                0x000000000000464c                SWI_IRQHandler
 .text.SPI2_IRQHandler
                0x0000000000004654        0x8 ./startup/startup_mk64f12.o
                0x0000000000004654                SPI2_IRQHandler
 .text.UART4_RX_TX_IRQHandler
                0x000000000000465c        0x8 ./startup/startup_mk64f12.o
                0x000000000000465c                UART4_RX_TX_IRQHandler
 .text.UART4_ERR_IRQHandler
                0x0000000000004664        0x8 ./startup/startup_mk64f12.o
                0x0000000000004664                UART4_ERR_IRQHandler
 .text.UART5_RX_TX_IRQHandler
                0x000000000000466c        0x8 ./startup/startup_mk64f12.o
                0x000000000000466c                UART5_RX_TX_IRQHandler
 .text.UART5_ERR_IRQHandler
                0x0000000000004674        0x8 ./startup/startup_mk64f12.o
                0x0000000000004674                UART5_ERR_IRQHandler
 .text.CMP2_IRQHandler
                0x000000000000467c        0x8 ./startup/startup_mk64f12.o
                0x000000000000467c                CMP2_IRQHandler
 .text.FTM3_IRQHandler
                0x0000000000004684        0x8 ./startup/startup_mk64f12.o
                0x0000000000004684                FTM3_IRQHandler
 .text.DAC1_IRQHandler
                0x000000000000468c        0x8 ./startup/startup_mk64f12.o
                0x000000000000468c                DAC1_IRQHandler
 .text.ADC1_IRQHandler
                0x0000000000004694        0x8 ./startup/startup_mk64f12.o
                0x0000000000004694                ADC1_IRQHandler
 .text.I2C2_IRQHandler
                0x000000000000469c        0x8 ./startup/startup_mk64f12.o
                0x000000000000469c                I2C2_IRQHandler
 .text.CAN0_ORed_Message_buffer_IRQHandler
                0x00000000000046a4        0x8 ./startup/startup_mk64f12.o
                0x00000000000046a4                CAN0_ORed_Message_buffer_IRQHandler
 .text.CAN0_Bus_Off_IRQHandler
                0x00000000000046ac        0x8 ./startup/startup_mk64f12.o
                0x00000000000046ac                CAN0_Bus_Off_IRQHandler
 .text.CAN0_Error_IRQHandler
                0x00000000000046b4        0x8 ./startup/startup_mk64f12.o
                0x00000000000046b4                CAN0_Error_IRQHandler
 .text.CAN0_Tx_Warning_IRQHandler
                0x00000000000046bc        0x8 ./startup/startup_mk64f12.o
                0x00000000000046bc                CAN0_Tx_Warning_IRQHandler
 .text.CAN0_Rx_Warning_IRQHandler
                0x00000000000046c4        0x8 ./startup/startup_mk64f12.o
                0x00000000000046c4                CAN0_Rx_Warning_IRQHandler
 .text.CAN0_Wake_Up_IRQHandler
                0x00000000000046cc        0x8 ./startup/startup_mk64f12.o
                0x00000000000046cc                CAN0_Wake_Up_IRQHandler
 .text.SDHC_IRQHandler
                0x00000000000046d4        0x8 ./startup/startup_mk64f12.o
                0x00000000000046d4                SDHC_IRQHandler
 .text.ENET_1588_Timer_IRQHandler
                0x00000000000046dc        0x8 ./startup/startup_mk64f12.o
                0x00000000000046dc                ENET_1588_Timer_IRQHandler
 .text.ENET_Transmit_IRQHandler
                0x00000000000046e4        0x8 ./startup/startup_mk64f12.o
                0x00000000000046e4                ENET_Transmit_IRQHandler
 .text.ENET_Receive_IRQHandler
                0x00000000000046ec        0x8 ./startup/startup_mk64f12.o
                0x00000000000046ec                ENET_Receive_IRQHandler
 .text.ENET_Error_IRQHandler
                0x00000000000046f4        0x8 ./startup/startup_mk64f12.o
                0x00000000000046f4                ENET_Error_IRQHandler
 .text.PIT_SetTimerPeriod
                0x00000000000046fc       0x28 ./source/Control.o
 .text.PIT_StartTimer
                0x0000000000004724       0x38 ./source/Control.o
 .text.PIT_GetStatusFlags
                0x000000000000475c       0x2a ./source/Interrupts.o
 .text.PIT_ClearStatusFlags
                0x0000000000004786       0x2a ./source/Interrupts.o
 .text.GPIO_PortToggle
                0x00000000000047b0       0x1c ./source/K64F-Controle.o
 .text.HardFault_Handler
                0x00000000000047cc       0x2c ./source/semihost_hardfault.o
                0x00000000000047cc                HardFault_Handler
 .text.CLOCK_EnableClock
                0x00000000000047f8       0x34 ./drivers/fsl_clock.o
 .text.CLOCK_DisableClock
                0x000000000000482c       0x38 ./drivers/fsl_clock.o
 .text.OSC_SetExtRefClkConfig
                0x0000000000004864       0x34 ./drivers/fsl_clock.o
 .text.OSC_SetCapLoad
                0x0000000000004898       0x34 ./drivers/fsl_clock.o
 .text.CLOCK_GetPll0RefFreq
                0x00000000000048cc        0xe ./drivers/fsl_clock.o
 .text.CLOCK_GetFixedFreqClkFreq
                0x00000000000048da       0x34 ./drivers/fsl_clock.o
                0x00000000000048da                CLOCK_GetFixedFreqClkFreq
 .text.DSPI_IsMaster
                0x000000000000490e       0x26 ./drivers/fsl_dspi.o
 .text.GPIO_PinWrite
                0x0000000000004934       0x3a ./drivers/fsl_gpio.o
 .text.CLOCK_EnableClock
                0x000000000000496e       0x34 ./drivers/fsl_pit.o
 .text.CLOCK_EnableClock
                0x00000000000049a2       0x34 ./drivers/fsl_uart.o
 .text.UART_WriteBlocking
                0x00000000000049d6       0x4e ./drivers/fsl_uart.o
                0x00000000000049d6                UART_WriteBlocking
 .text.UART0_RX_TX_DriverIRQHandler
                0x0000000000004a24       0x10 ./drivers/fsl_uart.o
                0x0000000000004a24                UART0_RX_TX_DriverIRQHandler
 .text.UART1_RX_TX_DriverIRQHandler
                0x0000000000004a34       0x10 ./drivers/fsl_uart.o
                0x0000000000004a34                UART1_RX_TX_DriverIRQHandler
 .text.UART2_RX_TX_DriverIRQHandler
                0x0000000000004a44       0x10 ./drivers/fsl_uart.o
                0x0000000000004a44                UART2_RX_TX_DriverIRQHandler
 .text.UART3_RX_TX_DriverIRQHandler
                0x0000000000004a54       0x10 ./drivers/fsl_uart.o
                0x0000000000004a54                UART3_RX_TX_DriverIRQHandler
 .text.UART4_RX_TX_DriverIRQHandler
                0x0000000000004a64       0x10 ./drivers/fsl_uart.o
                0x0000000000004a64                UART4_RX_TX_DriverIRQHandler
 .text.UART5_RX_TX_DriverIRQHandler
                0x0000000000004a74       0x10 ./drivers/fsl_uart.o
                0x0000000000004a74                UART5_RX_TX_DriverIRQHandler
 .text.SystemInitHook
                0x0000000000004a84        0xe ./device/system_MK64F12.o
                0x0000000000004a84                SystemInitHook
 .text.HAL_UartGetStatus
                0x0000000000004a92       0x22 ./component/uart/uart_adapter.o
 .text.DisableGlobalIRQ
                0x0000000000004ab4       0x20 ./component/serial_manager/serial_manager.o
 .text.EnableGlobalIRQ
                0x0000000000004ad4       0x1e ./component/serial_manager/serial_manager.o
 .text.SerialManager_StartWriting
                0x0000000000004af2       0x4a ./component/serial_manager/serial_manager.o
 .text.SerialManager_WriteBlocking
                0x0000000000004b3c       0x20 ./component/serial_manager/serial_manager.o
                0x0000000000004b3c                SerialManager_WriteBlocking
 .text.BOARD_InitDebugConsole
                0x0000000000004b5c       0x22 ./board/board.o
                0x0000000000004b5c                BOARD_InitDebugConsole
 .text.BOARD_InitBootClocks
                0x0000000000004b7e        0xc ./board/clock_config.o
                0x0000000000004b7e                BOARD_InitBootClocks
 .text.EnableIRQ
                0x0000000000004b8a       0x2c ./board/peripherals.o
 .text.PIT_EnableInterrupts
                0x0000000000004bb6       0x3a ./board/peripherals.o
 .text.PIT_SetTimerPeriod
                0x0000000000004bf0       0x28 ./board/peripherals.o
 .text.PIT_StartTimer
                0x0000000000004c18       0x38 ./board/peripherals.o
 .text.BOARD_InitPeripherals
                0x0000000000004c50        0xc ./board/peripherals.o
                0x0000000000004c50                BOARD_InitPeripherals
 .text.BOARD_InitBootPeripherals
                0x0000000000004c5c        0xc ./board/peripherals.o
                0x0000000000004c5c                BOARD_InitBootPeripherals
 .text.CLOCK_EnableClock
                0x0000000000004c68       0x34 ./board/pin_mux.o
 .text.PORT_SetPinMux
                0x0000000000004c9c       0x3a ./board/pin_mux.o
 .text.PORT_SetPinInterruptConfig
                0x0000000000004cd6       0x3a ./board/pin_mux.o
 .text.BOARD_InitBootPins
                0x0000000000004d10       0x18 ./board/pin_mux.o
                0x0000000000004d10                BOARD_InitBootPins
 .text.memset   0x0000000000004d28       0x10 /usr/local/mcuxpressoide-11.1.0_3209/ide/plugins/com.nxp.mcuxpresso.tools.linux_11.1.0.201909161352/tools/bin/../lib/gcc/arm-none-eabi/8.3.1/../../../../arm-none-eabi/lib/thumb/v7e-m+fp/hard/libc_nano.a(lib_a-memset.o)
                0x0000000000004d28                memset
 .text.__sfputc_r
                0x0000000000004d38       0x2e /usr/local/mcuxpressoide-11.1.0_3209/ide/plugins/com.nxp.mcuxpresso.tools.linux_11.1.0.201909161352/tools/bin/../lib/gcc/arm-none-eabi/8.3.1/../../../../arm-none-eabi/lib/thumb/v7e-m+fp/hard/libc_nano.a(lib_a-nano-vfprintf.o)
 .text.__sfputs_r
                0x0000000000004d66       0x24 /usr/local/mcuxpressoide-11.1.0_3209/ide/plugins/com.nxp.mcuxpresso.tools.linux_11.1.0.201909161352/tools/bin/../lib/gcc/arm-none-eabi/8.3.1/../../../../arm-none-eabi/lib/thumb/v7e-m+fp/hard/libc_nano.a(lib_a-nano-vfprintf.o)
                0x0000000000004d66                __sfputs_r
 .text._printf_common
                0x0000000000004d8a       0xea /usr/local/mcuxpressoide-11.1.0_3209/ide/plugins/com.nxp.mcuxpresso.tools.linux_11.1.0.201909161352/tools/bin/../lib/gcc/arm-none-eabi/8.3.1/../../../../arm-none-eabi/lib/thumb/v7e-m+fp/hard/libc_nano.a(lib_a-nano-vfprintf_i.o)
                0x0000000000004d8a                _printf_common
 .text          0x0000000000004e74       0x10 /usr/local/mcuxpressoide-11.1.0_3209/ide/plugins/com.nxp.mcuxpresso.tools.linux_11.1.0.201909161352/tools/bin/../lib/gcc/arm-none-eabi/8.3.1/../../../../arm-none-eabi/lib/thumb/v7e-m+fp/hard/libc_nano.a(lib_a-strlen.o)
                0x0000000000004e74                strlen
 .text.abort    0x0000000000004e84        0xe /usr/local/mcuxpressoide-11.1.0_3209/ide/plugins/com.nxp.mcuxpresso.tools.linux_11.1.0.201909161352/tools/bin/../lib/gcc/arm-none-eabi/8.3.1/../../../../arm-none-eabi/lib/thumb/v7e-m+fp/hard/libc_nano.a(lib_a-abort.o)
                0x0000000000004e84                abort
 .text.__sfmoreglue
                0x0000000000004e92       0x2c /usr/local/mcuxpressoide-11.1.0_3209/ide/plugins/com.nxp.mcuxpresso.tools.linux_11.1.0.201909161352/tools/bin/../lib/gcc/arm-none-eabi/8.3.1/../../../../arm-none-eabi/lib/thumb/v7e-m+fp/hard/libc_nano.a(lib_a-findfp.o)
                0x0000000000004e92                __sfmoreglue
 .text._fwalk_reent
                0x0000000000004ebe       0x3c /usr/local/mcuxpressoide-11.1.0_3209/ide/plugins/com.nxp.mcuxpresso.tools.linux_11.1.0.201909161352/tools/bin/../lib/gcc/arm-none-eabi/8.3.1/../../../../arm-none-eabi/lib/thumb/v7e-m+fp/hard/libc_nano.a(lib_a-fwalk.o)
                0x0000000000004ebe                _fwalk_reent
 .text.__retarget_lock_init_recursive
                0x0000000000004efa        0x2 /usr/local/mcuxpressoide-11.1.0_3209/ide/plugins/com.nxp.mcuxpresso.tools.linux_11.1.0.201909161352/tools/bin/../lib/gcc/arm-none-eabi/8.3.1/../../../../arm-none-eabi/lib/thumb/v7e-m+fp/hard/libc_nano.a(lib_a-lock.o)
                0x0000000000004efa                __retarget_lock_init_recursive
 .text.__retarget_lock_acquire_recursive
                0x0000000000004efc        0x2 /usr/local/mcuxpressoide-11.1.0_3209/ide/plugins/com.nxp.mcuxpresso.tools.linux_11.1.0.201909161352/tools/bin/../lib/gcc/arm-none-eabi/8.3.1/../../../../arm-none-eabi/lib/thumb/v7e-m+fp/hard/libc_nano.a(lib_a-lock.o)
                0x0000000000004efc                __retarget_lock_acquire_recursive
 .text.__retarget_lock_release_recursive
                0x0000000000004efe        0x2 /usr/local/mcuxpressoide-11.1.0_3209/ide/plugins/com.nxp.mcuxpresso.tools.linux_11.1.0.201909161352/tools/bin/../lib/gcc/arm-none-eabi/8.3.1/../../../../arm-none-eabi/lib/thumb/v7e-m+fp/hard/libc_nano.a(lib_a-lock.o)
                0x0000000000004efe                __retarget_lock_release_recursive
 .text.__swhatbuf_r
                0x0000000000004f00       0x48 /usr/local/mcuxpressoide-11.1.0_3209/ide/plugins/com.nxp.mcuxpresso.tools.linux_11.1.0.201909161352/tools/bin/../lib/gcc/arm-none-eabi/8.3.1/../../../../arm-none-eabi/lib/thumb/v7e-m+fp/hard/libc_nano.a(lib_a-makebuf.o)
                0x0000000000004f00                __swhatbuf_r
 .text._raise_r
                0x0000000000004f48       0x50 /usr/local/mcuxpressoide-11.1.0_3209/ide/plugins/com.nxp.mcuxpresso.tools.linux_11.1.0.201909161352/tools/bin/../lib/gcc/arm-none-eabi/8.3.1/../../../../arm-none-eabi/lib/thumb/v7e-m+fp/hard/libc_nano.a(lib_a-signal.o)
                0x0000000000004f48                _raise_r
 .text._getpid_r
                0x0000000000004f98        0x4 /usr/local/mcuxpressoide-11.1.0_3209/ide/plugins/com.nxp.mcuxpresso.tools.linux_11.1.0.201909161352/tools/bin/../lib/gcc/arm-none-eabi/8.3.1/../../../../arm-none-eabi/lib/thumb/v7e-m+fp/hard/libc_nano.a(lib_a-signalr.o)
                0x0000000000004f98                _getpid_r
 .text.__sread  0x0000000000004f9c       0x22 /usr/local/mcuxpressoide-11.1.0_3209/ide/plugins/com.nxp.mcuxpresso.tools.linux_11.1.0.201909161352/tools/bin/../lib/gcc/arm-none-eabi/8.3.1/../../../../arm-none-eabi/lib/thumb/v7e-m+fp/hard/libc_nano.a(lib_a-stdio.o)
                0x0000000000004f9c                __sread
 .text.__swrite
                0x0000000000004fbe       0x38 /usr/local/mcuxpressoide-11.1.0_3209/ide/plugins/com.nxp.mcuxpresso.tools.linux_11.1.0.201909161352/tools/bin/../lib/gcc/arm-none-eabi/8.3.1/../../../../arm-none-eabi/lib/thumb/v7e-m+fp/hard/libc_nano.a(lib_a-stdio.o)
                0x0000000000004fbe                __swrite
 .text.__sseek  0x0000000000004ff6       0x24 /usr/local/mcuxpressoide-11.1.0_3209/ide/plugins/com.nxp.mcuxpresso.tools.linux_11.1.0.201909161352/tools/bin/../lib/gcc/arm-none-eabi/8.3.1/../../../../arm-none-eabi/lib/thumb/v7e-m+fp/hard/libc_nano.a(lib_a-stdio.o)
                0x0000000000004ff6                __sseek
 .text.__sclose
                0x000000000000501a        0x8 /usr/local/mcuxpressoide-11.1.0_3209/ide/plugins/com.nxp.mcuxpresso.tools.linux_11.1.0.201909161352/tools/bin/../lib/gcc/arm-none-eabi/8.3.1/../../../../arm-none-eabi/lib/thumb/v7e-m+fp/hard/libc_nano.a(lib_a-stdio.o)
                0x000000000000501a                __sclose
 .text._exit    0x0000000000005022        0x2 /usr/local/mcuxpressoide-11.1.0_3209/ide/plugins/com.nxp.mcuxpresso.tools.linux_11.1.0.201909161352/tools/bin/../lib/gcc/arm-none-eabi/8.3.1/../../../../arm-none-eabi/lib/thumb/v7e-m+fp/hard/libcr_newlib_nohost.a(_exit.o)
                0x0000000000005022                _exit
 *(SORT_BY_ALIGNMENT(.rodata) SORT_BY_ALIGNMENT(.rodata.*) SORT_BY_ALIGNMENT(.constdata) SORT_BY_ALIGNMENT(.constdata.*))
 .rodata.DbgConsole_SendData.str1.4
                0x0000000000005024       0x2e ./utilities/fsl_debug_console.o
 *fill*         0x0000000000005052        0x2 ff
 .rodata.DbgConsole_Init.str1.4
                0x0000000000005054       0x28 ./utilities/fsl_debug_console.o
 .rodata.__func__.8422
                0x000000000000507c       0x1c ./utilities/fsl_debug_console.o
 .rodata.__func__.8456
                0x0000000000005098       0x10 ./utilities/fsl_debug_console.o
 .rodata.main.str1.4
                0x00000000000050a8       0x18 ./source/K64F-Controle.o
 .rodata.CLOCK_GetMcgExtClkFreq.str1.4
                0x00000000000050c0       0x37 ./drivers/fsl_clock.o
 *fill*         0x00000000000050f7        0x1 ff
 .rodata.CLOCK_GetOsc0ErClkFreq.str1.4
                0x00000000000050f8        0xc ./drivers/fsl_clock.o
 .rodata.CLOCK_GetEr32kClkFreq.str1.4
                0x0000000000005104        0xd ./drivers/fsl_clock.o
 *fill*         0x0000000000005111        0x3 ff
 .rodata.CLOCK_GetPll0Freq.str1.4
                0x0000000000005114        0xb ./drivers/fsl_clock.o
 .rodata.CLOCK_EnablePll0.str1.4
                0x000000000000511f        0xb ./drivers/fsl_clock.o
                                          0x7 (size before relaxing)
 *fill*         0x000000000000511f        0x1 ff
 .rodata.__func__.8249
                0x0000000000005120       0x17 ./drivers/fsl_clock.o
 *fill*         0x0000000000005137        0x1 ff
 .rodata.__func__.8290
                0x0000000000005138       0x17 ./drivers/fsl_clock.o
 *fill*         0x000000000000514f        0x1 ff
 .rodata.__func__.8298
                0x0000000000005150       0x16 ./drivers/fsl_clock.o
 *fill*         0x0000000000005166        0x2 ff
 .rodata.fllFactorTable.8373
                0x0000000000005168       0x10 ./drivers/fsl_clock.o
 .rodata.__func__.8394
                0x0000000000005178       0x12 ./drivers/fsl_clock.o
 *fill*         0x000000000000518a        0x2 ff
 .rodata.__func__.8439
                0x000000000000518c       0x11 ./drivers/fsl_clock.o
 *fill*         0x000000000000519d        0x3 ff
 .rodata.__func__.8582
                0x00000000000051a0       0x11 ./drivers/fsl_clock.o
 *fill*         0x00000000000051b1        0x3 ff
 .rodata.__func__.8649
                0x00000000000051b4       0x14 ./drivers/fsl_clock.o
 .rodata.DSPI_GetInstance.str1.4
                0x00000000000051c8       0x30 ./drivers/fsl_dspi.o
 .rodata.SPI0_DriverIRQHandler.str1.4
                0x00000000000051f8       0x18 ./drivers/fsl_dspi.o
 .rodata.SPI1_DriverIRQHandler.str1.4
                0x0000000000005210       0x18 ./drivers/fsl_dspi.o
 .rodata.SPI2_DriverIRQHandler.str1.4
                0x0000000000005228       0x18 ./drivers/fsl_dspi.o
 .rodata.__func__.8963
                0x0000000000005240       0x16 ./drivers/fsl_dspi.o
 *fill*         0x0000000000005256        0x2 ff
 .rodata.__func__.8967
                0x0000000000005258       0x16 ./drivers/fsl_dspi.o
 *fill*         0x000000000000526e        0x2 ff
 .rodata.__func__.8971
                0x0000000000005270       0x16 ./drivers/fsl_dspi.o
 *fill*         0x0000000000005286        0x2 ff
 .rodata.GPIO_GetInstance.str1.4
                0x0000000000005288       0x30 ./drivers/fsl_gpio.o
 .rodata.GPIO_PinInit.str1.4
                0x00000000000052b8        0xf ./drivers/fsl_gpio.o
 *fill*         0x00000000000052c7        0x1 ff
 .rodata.__func__.8267
                0x00000000000052c8        0xd ./drivers/fsl_gpio.o
 *fill*         0x00000000000052d5        0x3 ff
 .rodata.PIT_GetInstance.str1.4
                0x00000000000052d8       0x2f ./drivers/fsl_pit.o
 .rodata.PIT_Init.str1.4
                0x0000000000005307        0xf ./drivers/fsl_pit.o
 *fill*         0x0000000000005307        0x1 ff
 .rodata.__func__.8291
                0x0000000000005308       0x10 ./drivers/fsl_pit.o
 .rodata.__func__.8296
                0x0000000000005318        0x9 ./drivers/fsl_pit.o
 *fill*         0x0000000000005321        0x3 ff
 .rodata.s_uartBases
                0x0000000000005324       0x18 ./drivers/fsl_uart.o
 .rodata.s_uartClock
                0x000000000000533c       0x18 ./drivers/fsl_uart.o
 .rodata.UART_GetInstance.str1.4
                0x0000000000005354       0x28 ./drivers/fsl_uart.o
 .rodata.UART_Init.str1.4
                0x000000000000537c       0xa6 ./drivers/fsl_uart.o
                                         0xae (size before relaxing)
 *fill*         0x0000000000005422        0x2 ff
 .rodata.__func__.8455
                0x0000000000005424       0x11 ./drivers/fsl_uart.o
 *fill*         0x0000000000005435        0x3 ff
 .rodata.__func__.8473
                0x0000000000005438        0xa ./drivers/fsl_uart.o
 *fill*         0x0000000000005442        0x2 ff
 .rodata.__func__.8491
                0x0000000000005444       0x16 ./drivers/fsl_uart.o
 *fill*         0x000000000000545a        0x2 ff
 .rodata.s_UartAdapterBase
                0x000000000000545c       0x18 ./component/uart/uart_adapter.o
 .rodata.HAL_UartInit.str1.4
                0x0000000000005474       0x84 ./component/uart/uart_adapter.o
                                         0x8c (size before relaxing)
 .rodata.HAL_UartReceiveBlocking.str1.4
                0x00000000000054f8        0xf ./component/uart/uart_adapter.o
 *fill*         0x0000000000005507        0x1 ff
 .rodata.__func__.8490
                0x0000000000005508        0xd ./component/uart/uart_adapter.o
 *fill*         0x0000000000005515        0x3 ff
 .rodata.__func__.8510
                0x0000000000005518       0x15 ./component/uart/uart_adapter.o
 *fill*         0x000000000000552d        0x3 ff
 .rodata.SerialManager_Write.str1.4
                0x0000000000005530       0x27 ./component/serial_manager/serial_manager.o
                                         0x37 (size before relaxing)
 *fill*         0x0000000000005557        0x1 ff
 .rodata.SerialManager_Read.str1.4
                0x0000000000005558        0xb ./component/serial_manager/serial_manager.o
 *fill*         0x0000000000005563        0x1 ff
 .rodata.SerialManager_Init.str1.4
                0x0000000000005564        0xd ./component/serial_manager/serial_manager.o
                                         0x15 (size before relaxing)
 *fill*         0x0000000000005571        0x3 ff
 .rodata.__func__.8399
                0x0000000000005574       0x14 ./component/serial_manager/serial_manager.o
 .rodata.__func__.8414
                0x0000000000005588       0x13 ./component/serial_manager/serial_manager.o
 *fill*         0x000000000000559b        0x1 ff
 .rodata.__func__.8434
                0x000000000000559c       0x1e ./component/serial_manager/serial_manager.o
 *fill*         0x00000000000055ba        0x2 ff
 .rodata.__func__.8449
                0x00000000000055bc       0x1d ./component/serial_manager/serial_manager.o
 *fill*         0x00000000000055d9        0x3 ff
 .rodata.Serial_UartInit.str1.4
                0x00000000000055dc       0x24 ./component/serial_manager/serial_port_uart.o
                                         0x31 (size before relaxing)
 .rodata.Serial_UartWrite.str1.4
                0x0000000000005600        0xf ./component/serial_manager/serial_port_uart.o
 .rodata.__func__.8369
                0x0000000000005600       0x10 ./component/serial_manager/serial_port_uart.o
 .rodata.__func__.8381
                0x0000000000005610       0x11 ./component/serial_manager/serial_port_uart.o
 *fill*         0x0000000000005621        0x3 ff
 .rodata.mcgConfig_BOARD_BootClockRUN
                0x0000000000005624        0xb ./board/clock_config.o
                0x0000000000005624                mcgConfig_BOARD_BootClockRUN
 *fill*         0x000000000000562f        0x1 ff
 .rodata.simConfig_BOARD_BootClockRUN
                0x0000000000005630        0x8 ./board/clock_config.o
                0x0000000000005630                simConfig_BOARD_BootClockRUN
 .rodata.oscConfig_BOARD_BootClockRUN
                0x0000000000005638        0x8 ./board/clock_config.o
                0x0000000000005638                oscConfig_BOARD_BootClockRUN
 .rodata.PIT_config
                0x0000000000005640        0x1 ./board/peripherals.o
                0x0000000000005640                PIT_config
 *fill*         0x0000000000005641        0x3 ff
 .rodata.PORT_SetPinConfig.str1.4
                0x0000000000005644       0x4c ./board/pin_mux.o
                                         0x52 (size before relaxing)
 .rodata        0x0000000000005690        0x2 ./board/pin_mux.o
 *fill*         0x0000000000005692        0x2 ff
 .rodata.__func__.8285
                0x0000000000005694       0x12 ./board/pin_mux.o
 *fill*         0x00000000000056a6        0x2 ff
 .rodata._global_impure_ptr
                0x00000000000056a8        0x4 /usr/local/mcuxpressoide-11.1.0_3209/ide/plugins/com.nxp.mcuxpresso.tools.linux_11.1.0.201909161352/tools/bin/../lib/gcc/arm-none-eabi/8.3.1/../../../../arm-none-eabi/lib/thumb/v7e-m+fp/hard/libc_nano.a(lib_a-impure.o)
                0x00000000000056a8                _global_impure_ptr
 .rodata.__sf_fake_stderr
                0x00000000000056ac       0x20 /usr/local/mcuxpressoide-11.1.0_3209/ide/plugins/com.nxp.mcuxpresso.tools.linux_11.1.0.201909161352/tools/bin/../lib/gcc/arm-none-eabi/8.3.1/../../../../arm-none-eabi/lib/thumb/v7e-m+fp/hard/libc_nano.a(lib_a-findfp.o)
                0x00000000000056ac                __sf_fake_stderr
 .rodata.__sf_fake_stdin
                0x00000000000056cc       0x20 /usr/local/mcuxpressoide-11.1.0_3209/ide/plugins/com.nxp.mcuxpresso.tools.linux_11.1.0.201909161352/tools/bin/../lib/gcc/arm-none-eabi/8.3.1/../../../../arm-none-eabi/lib/thumb/v7e-m+fp/hard/libc_nano.a(lib_a-findfp.o)
                0x00000000000056cc                __sf_fake_stdin
 .rodata.__sf_fake_stdout
                0x00000000000056ec       0x20 /usr/local/mcuxpressoide-11.1.0_3209/ide/plugins/com.nxp.mcuxpresso.tools.linux_11.1.0.201909161352/tools/bin/../lib/gcc/arm-none-eabi/8.3.1/../../../../arm-none-eabi/lib/thumb/v7e-m+fp/hard/libc_nano.a(lib_a-findfp.o)
                0x00000000000056ec                __sf_fake_stdout
 .rodata.__assert_func.str1.1
                0x000000000000570c       0x3c /usr/local/mcuxpressoide-11.1.0_3209/ide/plugins/com.nxp.mcuxpresso.tools.linux_11.1.0.201909161352/tools/bin/../lib/gcc/arm-none-eabi/8.3.1/../../../../arm-none-eabi/lib/thumb/v7e-m+fp/hard/libc_nano.a(lib_a-assert.o)
                                         0x3d (size before relaxing)
 .rodata._vfprintf_r.str1.1
                0x0000000000005748       0x11 /usr/local/mcuxpressoide-11.1.0_3209/ide/plugins/com.nxp.mcuxpresso.tools.linux_11.1.0.201909161352/tools/bin/../lib/gcc/arm-none-eabi/8.3.1/../../../../arm-none-eabi/lib/thumb/v7e-m+fp/hard/libc_nano.a(lib_a-nano-vfprintf.o)
 .rodata._printf_i.str1.1
                0x0000000000005759       0x22 /usr/local/mcuxpressoide-11.1.0_3209/ide/plugins/com.nxp.mcuxpresso.tools.linux_11.1.0.201909161352/tools/bin/../lib/gcc/arm-none-eabi/8.3.1/../../../../arm-none-eabi/lib/thumb/v7e-m+fp/hard/libc_nano.a(lib_a-nano-vfprintf_i.o)
                0x0000000000005780                . = ALIGN (0x8)
 *fill*         0x000000000000577b        0x5 ff
                0x0000000000005780                . = ALIGN (0x8)
 *(SORT_BY_ALIGNMENT(.init))
 .init          0x0000000000005780        0x4 /usr/local/mcuxpressoide-11.1.0_3209/ide/plugins/com.nxp.mcuxpresso.tools.linux_11.1.0.201909161352/tools/bin/../lib/gcc/arm-none-eabi/8.3.1/thumb/v7e-m+fp/hard/crti.o
                0x0000000000005780                _init
 .init          0x0000000000005784        0x8 /usr/local/mcuxpressoide-11.1.0_3209/ide/plugins/com.nxp.mcuxpresso.tools.linux_11.1.0.201909161352/tools/bin/../lib/gcc/arm-none-eabi/8.3.1/thumb/v7e-m+fp/hard/crtn.o
                0x0000000000005790                . = ALIGN (0x8)
 *fill*         0x000000000000578c        0x4 ff
                0x0000000000005790                __preinit_array_start = .
 *(SORT_BY_ALIGNMENT(.preinit_array))
                0x0000000000005790                __preinit_array_end = .
                0x0000000000005790                . = ALIGN (0x8)
                0x0000000000005790                __init_array_start = .
 *(SORT_BY_NAME(SORT_BY_ALIGNMENT(.init_array.*)))
 *(SORT_BY_ALIGNMENT(.init_array))
 .init_array    0x0000000000005790        0x4 /usr/local/mcuxpressoide-11.1.0_3209/ide/plugins/com.nxp.mcuxpresso.tools.linux_11.1.0.201909161352/tools/bin/../lib/gcc/arm-none-eabi/8.3.1/thumb/v7e-m+fp/hard/crtbegin.o
                0x0000000000005794                __init_array_end = .
 *(SORT_BY_ALIGNMENT(.fini))
 .fini          0x0000000000005794        0x4 /usr/local/mcuxpressoide-11.1.0_3209/ide/plugins/com.nxp.mcuxpresso.tools.linux_11.1.0.201909161352/tools/bin/../lib/gcc/arm-none-eabi/8.3.1/thumb/v7e-m+fp/hard/crti.o
                0x0000000000005794                _fini
 .fini          0x0000000000005798        0x8 /usr/local/mcuxpressoide-11.1.0_3209/ide/plugins/com.nxp.mcuxpresso.tools.linux_11.1.0.201909161352/tools/bin/../lib/gcc/arm-none-eabi/8.3.1/thumb/v7e-m+fp/hard/crtn.o
                0x00000000000057a0                . = ALIGN (0x8)
 *crtbegin.o(SORT_BY_ALIGNMENT(.ctors))
 *(SORT_BY_ALIGNMENT(EXCLUDE_FILE(*crtend.o) .ctors))
 *(SORT_BY_NAME(SORT_BY_ALIGNMENT(.ctors.*)))
 *crtend.o(SORT_BY_ALIGNMENT(.ctors))
                0x00000000000057a0                . = ALIGN (0x8)
 *crtbegin.o(SORT_BY_ALIGNMENT(.dtors))
 *(SORT_BY_ALIGNMENT(EXCLUDE_FILE(*crtend.o) .dtors))
 *(SORT_BY_NAME(SORT_BY_ALIGNMENT(.dtors.*)))
 *crtend.o(SORT_BY_ALIGNMENT(.dtors))
                0x00000000000057a0                . = ALIGN (0x8)

.glue_7         0x00000000000057a0        0x0
 .glue_7        0x00000000000057a0        0x0 linker stubs

.glue_7t        0x00000000000057a0        0x0
 .glue_7t       0x00000000000057a0        0x0 linker stubs

.vfp11_veneer   0x00000000000057a0        0x0
 .vfp11_veneer  0x00000000000057a0        0x0 linker stubs

.v4_bx          0x00000000000057a0        0x0
 .v4_bx         0x00000000000057a0        0x0 linker stubs

.iplt           0x00000000000057a0        0x0
 .iplt          0x00000000000057a0        0x0 ./utilities/fsl_debug_console.o

.ARM.extab
 *(SORT_BY_ALIGNMENT(.ARM.extab*) SORT_BY_ALIGNMENT(.gnu.linkonce.armextab.*))
                0x00000000000057a0                __exidx_start = .

.ARM.exidx      0x00000000000057a0        0x8
 *(SORT_BY_ALIGNMENT(.ARM.exidx*) SORT_BY_ALIGNMENT(.gnu.linkonce.armexidx.*))
 .ARM.exidx     0x00000000000057a0        0x8 /usr/local/mcuxpressoide-11.1.0_3209/ide/plugins/com.nxp.mcuxpresso.tools.linux_11.1.0.201909161352/tools/bin/../lib/gcc/arm-none-eabi/8.3.1/thumb/v7e-m+fp/hard/libgcc.a(_udivmoddi4.o)
                0x00000000000057a8                __exidx_end = .
                0x00000000000057a8                _etext = .

.rel.dyn        0x00000000000057a8        0x0
 .rel.iplt      0x00000000000057a8        0x0 ./utilities/fsl_debug_console.o

.eh_frame       0x00000000000057a8        0x0
 .eh_frame      0x00000000000057a8        0x0 /usr/local/mcuxpressoide-11.1.0_3209/ide/plugins/com.nxp.mcuxpresso.tools.linux_11.1.0.201909161352/tools/bin/../lib/gcc/arm-none-eabi/8.3.1/thumb/v7e-m+fp/hard/crtbegin.o

.m_usb_data
 *(SORT_BY_ALIGNMENT(m_usb_bdt))

.data_RAM2      0x000000001fff0000        0x0 load address 0x00000000000057a8
 FILL mask 0xff
                [!provide]                        PROVIDE (__start_data_RAM2 = .)
                [!provide]                        PROVIDE (__start_data_SRAM_LOWER = .)
 *(SORT_BY_ALIGNMENT(.ramfunc.$RAM2))
 *(SORT_BY_ALIGNMENT(.ramfunc.$SRAM_LOWER))
 *(SORT_BY_ALIGNMENT(.data.$RAM2))
 *(SORT_BY_ALIGNMENT(.data.$SRAM_LOWER))
 *(SORT_BY_ALIGNMENT(.data.$RAM2.*))
 *(SORT_BY_ALIGNMENT(.data.$SRAM_LOWER.*))
                0x000000001fff0000                . = ALIGN (0x8)
                [!provide]                        PROVIDE (__end_data_RAM2 = .)
                [!provide]                        PROVIDE (__end_data_SRAM_LOWER = .)

.data_RAM3      0x0000000014000000        0x0 load address 0x00000000000057a8
 FILL mask 0xff
                [!provide]                        PROVIDE (__start_data_RAM3 = .)
                [!provide]                        PROVIDE (__start_data_FLEX_RAM = .)
 *(SORT_BY_ALIGNMENT(.ramfunc.$RAM3))
 *(SORT_BY_ALIGNMENT(.ramfunc.$FLEX_RAM))
 *(SORT_BY_ALIGNMENT(.data.$RAM3))
 *(SORT_BY_ALIGNMENT(.data.$FLEX_RAM))
 *(SORT_BY_ALIGNMENT(.data.$RAM3.*))
 *(SORT_BY_ALIGNMENT(.data.$FLEX_RAM.*))
                0x0000000014000000                . = ALIGN (0x8)
                [!provide]                        PROVIDE (__end_data_RAM3 = .)
                [!provide]                        PROVIDE (__end_data_FLEX_RAM = .)

.uninit_RESERVED
                0x0000000020000000        0x0
                0x0000000020000000                _start_uninit_RESERVED = .
 *(SORT_BY_ALIGNMENT(.bss.$RESERVED*))
                0x0000000020000000                . = ALIGN (0x8)
                0x0000000020000000                _end_uninit_RESERVED = .

.data           0x0000000020000000       0x70 load address 0x00000000000057a8
 FILL mask 0xff
                0x0000000020000000                _data = .
                [!provide]                        PROVIDE (__start_data_RAM = .)
                [!provide]                        PROVIDE (__start_data_SRAM_UPPER = .)
 *(SORT_BY_ALIGNMENT(vtable))
 *(SORT_BY_ALIGNMENT(.ramfunc*))
 *(SORT_BY_ALIGNMENT(CodeQuickAccess))
 *(SORT_BY_ALIGNMENT(DataQuickAccess))
 *(SORT_BY_ALIGNMENT(RamFunction))
 *(SORT_BY_ALIGNMENT(.data*))
 .data.s_slowIrcFreq
                0x0000000020000000        0x4 ./drivers/fsl_clock.o
 .data.s_fastIrcFreq
                0x0000000020000004        0x4 ./drivers/fsl_clock.o
 .data.SystemCoreClock
                0x0000000020000008        0x4 ./device/system_MK64F12.o
                0x0000000020000008                SystemCoreClock
 .data._impure_ptr
                0x000000002000000c        0x4 /usr/local/mcuxpressoide-11.1.0_3209/ide/plugins/com.nxp.mcuxpresso.tools.linux_11.1.0.201909161352/tools/bin/../lib/gcc/arm-none-eabi/8.3.1/../../../../arm-none-eabi/lib/thumb/v7e-m+fp/hard/libc_nano.a(lib_a-impure.o)
                0x000000002000000c                _impure_ptr
 .data.impure_data
                0x0000000020000010       0x60 /usr/local/mcuxpressoide-11.1.0_3209/ide/plugins/com.nxp.mcuxpresso.tools.linux_11.1.0.201909161352/tools/bin/../lib/gcc/arm-none-eabi/8.3.1/../../../../arm-none-eabi/lib/thumb/v7e-m+fp/hard/libc_nano.a(lib_a-impure.o)
                0x0000000020000070                . = ALIGN (0x8)
                0x0000000020000070                _edata = .
                [!provide]                        PROVIDE (__end_data_RAM = .)
                [!provide]                        PROVIDE (__end_data_SRAM_UPPER = .)

.igot.plt       0x0000000020000070        0x0 load address 0x0000000000005818
 .igot.plt      0x0000000020000070        0x0 ./utilities/fsl_debug_console.o

.bss_RAM2       0x000000001fff0000        0x0
                [!provide]                        PROVIDE (__start_bss_RAM2 = .)
                [!provide]                        PROVIDE (__start_bss_SRAM_LOWER = .)
 *(SORT_BY_ALIGNMENT(.bss.$RAM2))
 *(SORT_BY_ALIGNMENT(.bss.$SRAM_LOWER))
 *(SORT_BY_ALIGNMENT(.bss.$RAM2.*))
 *(SORT_BY_ALIGNMENT(.bss.$SRAM_LOWER.*))
                0x000000001fff0000                . = ALIGN ((. != 0x0)?0x8:0x1)
                [!provide]                        PROVIDE (__end_bss_RAM2 = .)
                [!provide]                        PROVIDE (__end_bss_SRAM_LOWER = .)

.bss_RAM3       0x0000000014000000        0x0
                [!provide]                        PROVIDE (__start_bss_RAM3 = .)
                [!provide]                        PROVIDE (__start_bss_FLEX_RAM = .)
 *(SORT_BY_ALIGNMENT(.bss.$RAM3))
 *(SORT_BY_ALIGNMENT(.bss.$FLEX_RAM))
 *(SORT_BY_ALIGNMENT(.bss.$RAM3.*))
 *(SORT_BY_ALIGNMENT(.bss.$FLEX_RAM.*))
                0x0000000014000000                . = ALIGN ((. != 0x0)?0x8:0x1)
                [!provide]                        PROVIDE (__end_bss_RAM3 = .)
                [!provide]                        PROVIDE (__end_bss_FLEX_RAM = .)

.bss            0x0000000020000070       0xb0
                0x0000000020000070                _bss = .
                [!provide]                        PROVIDE (__start_bss_RAM = .)
                [!provide]                        PROVIDE (__start_bss_SRAM_UPPER = .)
 *(SORT_BY_ALIGNMENT(.bss*))
 .bss.s_debugConsoleState
                0x0000000020000070       0x1c ./utilities/fsl_debug_console.o
 .bss.g_serialHandle
                0x000000002000008c        0x4 ./utilities/fsl_debug_console.o
                0x000000002000008c                g_serialHandle
 .bss._ZN7Control13ControlHandleE
                0x0000000020000090        0x4 ./source/Control.o
                0x0000000020000090                Control::ControlHandle
 .bss.g_xtal0Freq
                0x0000000020000094        0x4 ./drivers/fsl_clock.o
                0x0000000020000094                g_xtal0Freq
 .bss.g_xtal32Freq
                0x0000000020000098        0x4 ./drivers/fsl_clock.o
                0x0000000020000098                g_xtal32Freq
 .bss.g_dspiHandle
                0x000000002000009c        0xc ./drivers/fsl_dspi.o
 .bss.s_dspiMasterIsr
                0x00000000200000a8        0x4 ./drivers/fsl_dspi.o
 .bss.s_dspiSlaveIsr
                0x00000000200000ac        0x4 ./drivers/fsl_dspi.o
 .bss.s_i2cHandle
                0x00000000200000b0        0xc ./drivers/fsl_i2c.o
 .bss.s_i2cMasterIsr
                0x00000000200000bc        0x4 ./drivers/fsl_i2c.o
 .bss.s_i2cSlaveIsr
                0x00000000200000c0        0x4 ./drivers/fsl_i2c.o
 .bss.s_uartHandle
                0x00000000200000c4       0x18 ./drivers/fsl_uart.o
 .bss.s_uartIsr
                0x00000000200000dc        0x4 ./drivers/fsl_uart.o
 .bss.__malloc_free_list
                0x00000000200000e0        0x4 /usr/local/mcuxpressoide-11.1.0_3209/ide/plugins/com.nxp.mcuxpresso.tools.linux_11.1.0.201909161352/tools/bin/../lib/gcc/arm-none-eabi/8.3.1/../../../../arm-none-eabi/lib/thumb/v7e-m+fp/hard/libc_nano.a(lib_a-nano-mallocr.o)
                0x00000000200000e0                __malloc_free_list
 .bss.__malloc_sbrk_start
                0x00000000200000e4        0x4 /usr/local/mcuxpressoide-11.1.0_3209/ide/plugins/com.nxp.mcuxpresso.tools.linux_11.1.0.201909161352/tools/bin/../lib/gcc/arm-none-eabi/8.3.1/../../../../arm-none-eabi/lib/thumb/v7e-m+fp/hard/libc_nano.a(lib_a-nano-mallocr.o)
                0x00000000200000e4                __malloc_sbrk_start
 .bss.__end_of_heap
                0x00000000200000e8        0x4 /usr/local/mcuxpressoide-11.1.0_3209/ide/plugins/com.nxp.mcuxpresso.tools.linux_11.1.0.201909161352/tools/bin/../lib/gcc/arm-none-eabi/8.3.1/../../../../arm-none-eabi/lib/thumb/v7e-m+fp/hard/libcr_newlib_nohost.a(_cr_sbrk.o)
                0x00000000200000e8                __end_of_heap
 .bss           0x00000000200000ec       0x1c /usr/local/mcuxpressoide-11.1.0_3209/ide/plugins/com.nxp.mcuxpresso.tools.linux_11.1.0.201909161352/tools/bin/../lib/gcc/arm-none-eabi/8.3.1/thumb/v7e-m+fp/hard/crtbegin.o
 .bss._ZN7Control9isRunningE
                0x0000000020000108        0x1 ./source/Control.o
                0x0000000020000108                Control::isRunning
 *(SORT_BY_ALIGNMENT(COMMON))
 *fill*         0x0000000020000109        0x3 
 COMMON         0x000000002000010c        0x4 /usr/local/mcuxpressoide-11.1.0_3209/ide/plugins/com.nxp.mcuxpresso.tools.linux_11.1.0.201909161352/tools/bin/../lib/gcc/arm-none-eabi/8.3.1/../../../../arm-none-eabi/lib/thumb/v7e-m+fp/hard/libc_nano.a(lib_a-reent.o)
                0x000000002000010c                errno
 COMMON         0x0000000020000110        0x9 /usr/local/mcuxpressoide-11.1.0_3209/ide/plugins/com.nxp.mcuxpresso.tools.linux_11.1.0.201909161352/tools/bin/../lib/gcc/arm-none-eabi/8.3.1/../../../../arm-none-eabi/lib/thumb/v7e-m+fp/hard/libc_nano.a(lib_a-lock.o)
                0x0000000020000110                __lock___atexit_recursive_mutex
                0x0000000020000111                __lock___arc4random_mutex
                0x0000000020000112                __lock___env_recursive_mutex
                0x0000000020000113                __lock___sinit_recursive_mutex
                0x0000000020000114                __lock___malloc_recursive_mutex
                0x0000000020000115                __lock___at_quick_exit_mutex
                0x0000000020000116                __lock___dd_hash_mutex
                0x0000000020000117                __lock___tz_mutex
                0x0000000020000118                __lock___sfp_recursive_mutex
                0x0000000020000120                . = ALIGN (0x8)
 *fill*         0x0000000020000119        0x7 
                0x0000000020000120                _ebss = .
                [!provide]                        PROVIDE (__end_bss_RAM = .)
                [!provide]                        PROVIDE (__end_bss_SRAM_UPPER = .)
                [!provide]                        PROVIDE (end = .)

.noinit_RAM2    0x000000001fff0000        0x0
                [!provide]                        PROVIDE (__start_noinit_RAM2 = .)
                [!provide]                        PROVIDE (__start_noinit_SRAM_LOWER = .)
 *(SORT_BY_ALIGNMENT(.noinit.$RAM2))
 *(SORT_BY_ALIGNMENT(.noinit.$SRAM_LOWER))