fsl_pit.h:207:24:uint32_t PIT_GetStatusFlags(PIT_Type*, pit_chnl_t)	16	static
fsl_pit.h:220:20:void PIT_ClearStatusFlags(PIT_Type*, pit_chnl_t, uint32_t)	24	static
fsl_pit.h:246:20:void PIT_SetTimerPeriod(PIT_Type*, pit_chnl_t, uint32_t)	24	static
fsl_pit.h:286:20:void PIT_StartTimer(PIT_Type*, pit_chnl_t)	16	static
fsl_pit.h:300:20:void PIT_StopTimer(PIT_Type*, pit_chnl_t)	16	static
Control.cpp:11:6:static void Control::setSamplingFrequency(float)	40	static
Control.cpp:16:6:static void Control::setSamplingTime(float)	40	static
Control.cpp:21:6:static void Control::start()	8	static
Control.cpp:26:6:static void Control::stop()	8	static
Control.cpp:31:6:static bool Control::getControlStatus()	4	static
Control.cpp:36:6:static void Control::setControlLawHandle(FunPt)	16	static
Control.cpp:40:6:static void Control::runControl()	8	static
Control.cpp:46:6:static void Control::delay(uint32_t)	32	static
Control.cpp:55:1:Control::Control()	16	static
Control.cpp:58:1:Control::~Control()	16	static
Control.cpp:58:1:virtual Control::~Control()	16	static
